Microchip MPLAB XC8 Compiler V2.35

Linker command line:

-W-3 --edf=C:\Program Files\Microchip\xc8\v2.35\pic\dat\en_msgs.txt -cn \
  -h+dist/18f67k40_Test/production\BJU_AutoIrri_Lora_DevBranch_New.X.production.sym \
  --cmf=dist/18f67k40_Test/production\BJU_AutoIrri_Lora_DevBranch_New.X.production.cmf \
  -z -Q18F67K40 -oC:\Users\nandu\AppData\Local\Temp\xcAsijs.4 \
  --defsym=__MPLAB_BUILD=1 \
  -Mdist/18f67k40_Test/production/BJU_AutoIrri_Lora_DevBranch_New.X.production.map \
  --md=C:\Users\nandu\AppData\Local\Temp\xcAsijs.dat -E1 -ver=XC8 Compiler \
  --acfsm=1493 -ACODE=00h-01FFFFh -ACONST=00h-01FFFFh \
  -ASMALLCONST=0E00h-0EFFhx498 -AMEDIUMCONST=0E00h-0FFFFh,010E00h-01FFFFh \
  -ACOMRAM=01h-05Fh -AABS1=00h-0DE9h -ABIGRAM=01h-0DE9h \
  -ARAM=060h-0FFh,0100h-01FFhx12,0D00h-0DE9h -ABANK0=060h-0FFh \
  -ABANK1=0100h-01FFh -ABANK2=0200h-02FFh -ABANK3=0300h-03FFh \
  -ABANK4=0400h-04FFh -ABANK5=0500h-05FFh -ABANK6=0600h-06FFh \
  -ABANK7=0700h-07FFh -ABANK8=0800h-08FFh -ABANK9=0900h-09FFh \
  -ABANK10=0A00h-0AFFh -ABANK11=0B00h-0BFFh -ABANK12=0C00h-0CFFh \
  -ABANK13=0D00h-0DE9h \
  -ASFR=0DEFh-0DFFh,0E00h-0EFFh,0F00h-0F5Fh,0F60h-0FFFh \
  -ABIGSFR=0DEFh-0FFFh -ACONFIG=0300000h-030000Bh -AIDLOC=0200000h-020000Fh \
  -AEEDATA=0310000h-03103FFh -peeprom_data=EEDATA \
  -preset_vec=00h,intcode=08h,intcodelo=018h,powerup,init -pramtop=0E00h \
  -psmallconst=SMALLCONST -pmediumconst=MEDIUMCONST -pconst=CONST \
  -AFARRAM=00h-00h \
  -prdata=COMRAM,nvrram=COMRAM,nvbit=COMRAM,rbss=COMRAM,rbit=COMRAM \
  -pfarbss=FARRAM,fardata=FARRAM,nvFARRAM=FARRAM \
  -pintsave_regs=BIGRAM,bigbss=BIGRAM,bigdata=BIGRAM -pbss=RAM \
  -pidata=CODE,irdata=CODE,ibigdata=CODE,ifardata=CODE -prparam=COMRAM \
  C:\Users\nandu\AppData\Local\Temp\xcAsijs.o \
  dist/18f67k40_Test/production\BJU_AutoIrri_Lora_DevBranch_New.X.production.o 

Object code version is 3.11

Machine type is 18F67K40



                Name                               Link     Load   Length Selector   Space Scale
C:\Users\nandu\AppData\Local\Temp\xcAsijs.o
                idloc                            200000   200000       10        0       5
                config                           300000   300000        C        0       4
                init                                67A      67A        4        C       0
                reset_vec                             0        0        4        0       0
dist/18f67k40_Test/production\BJU_AutoIrri_Lora_DevBranch_New.X.production.o
                eeprom_data                      310000   310000      3C0   310000       0
                intcodelo                            18       18      662        C       0
                intcode                               8        8        6        4       0
                idloc                            200000   200000       10        0       5
                config                           300000   300000        C        0       4
                temp                                 57       57        1        1       1
                mediumconst                        EB9E     EB9E     1462     75CF       0
                text135                           1DECC    1DECC       14     ED7D       0
                text134                           1DEB8    1DEB8       14     ED7D       0
                intcode_body                      18DC8    18DC8      37C     8000       0
                text132                           1DC2E    1DC2E       30     ED7D       0
                text131                           1C512    1C512       C4     8000       0
                text130                           1C8AA    1C8AA       B0     8000       0
                text129                           1D034    1D034       74     8000       0
                text128                           1D314    1D314       64     8000       0
                text127                           1DE64    1DE64       18     ED7D       0
                text126                           1DA80    1DA80       3E     8000       0
                text125                           1D600    1D600       56     8000       0
                text124                           11E94    11E94      EB2     8000       0
                text123                           1B9C2    1B9C2       E2     8000       0
                text121                           1D182    1D182       66     8000       0
                text120                           1DDA4    1DDA4       20     ED7D       0
                text119                           1DB34    1DB34       36     ED7D       0
                text118                           1D848    1D848       52     8000       0
                text117                           1DEA4    1DEA4       14     ED7D       0
                text116                           1DE90    1DE90       14     ED7D       0
                text115                           1DE7C    1DE7C       14     ED7D       0
                text114                           1DDC4    1DDC4       1E     ED7D       0
                text113                           1C690    1C690       B8     8000       0
                text112                           17C96    17C96      4BC     8000       0
                text111                           1DF16    1DF16       12     ED7D       0
                text110                           1DF04    1DF04       12     ED7D       0
                text109                           1DBFE    1DBFE       30     ED7D       0
                text108                           1DDE2    1DDE2       1C     ED7D       0
                text107                           1DD34    1DD34       28     ED7D       0
                text106                           1DE4C    1DE4C       18     ED7D       0
                text105                           1DCE2    1DCE2       2A     ED7D       0
                text104                           1DE32    1DE32       1A     ED7D       0
                text103                           1DC5E    1DC5E       2E     ED7D       0
                text102                           1DEF2    1DEF2       12     ED7D       0
                text101                           1DD82    1DD82       22     ED7D       0
                text100                           1C44C    1C44C       C6     8000       0
                text99                            1DEE0    1DEE0       12     ED7D       0
                text98                            1D498    1D498       60     8000       0
                text97                            1BAA4    1BAA4       DA     8000       0
                text96                            1DB6A    1DB6A       34     ED7D       0
                text95                            1D6FE    1D6FE       54     8000       0
                text94                            1C2BE    1C2BE       C8     8000       0
                text93                            1D6AA    1D6AA       54     8000       0
                text92                            1DBCE    1DBCE       30     ED7D       0
                text91                            1DD0C    1DD0C       28     ED7D       0
                text90                            19144    19144      322     8000       0
                text89                            1DB9E    1DB9E       30     ED7D       0
                text88                            1B8DE    1B8DE       E4     8000       0
                text87                            18592    18592      438     8000       0
                text86                            1C748    1C748       B2     8000       0
                text85                            1CFBE    1CFBE       76     8000       0
                text84                            1DE18    1DE18       1A     ED7D       0
                text83                            1D972    1D972       48     8000       0
                text82                            1D552    1D552       58     8000       0
                text81                            10000    10000      FC2     8000       0
                text80                            1DDFE    1DDFE       1A     ED7D       0
                text79                            1D92A    1D92A       48     8000       0
                text78                            1D7F6    1D7F6       52     8000       0
                text77                            189CA    189CA      3FE     8000       0
                text76                            1DF40    1DF40        2     ED7D       0
                text75                            1BED2    1BED2       CC     8000       0
                text74                            1B7FA    1B7FA       E4     8000       0
                text73                            1AF14    1AF14      18A     8000       0
                text72                            1B09E    1B09E      166     8000       0
                text71                            1DA00    1DA00       42     8000       0
                text70                            1D8E2    1D8E2       48     8000       0
                text69                            1DAFA    1DAFA       3A     ED7D       0
                text68                            1C1F6    1C1F6       C8     8000       0
                text67                            1976C    1976C      2EA     8000       0
                text66                            19FCA    19FCA      24A     8000       0
                text65                            1D0A8    1D0A8       6E     8000       0
                text64                            1D7A4    1D7A4       52     8000       0
                text63                            177A4    177A4      4F2     8000       0
                text62                            1AA32    1AA32      1B2     8000       0
                text61                            1BE02    1BE02       D0     8000       0
                text60                            1CA04    1CA04       A8     8000       0
                text59                            1CF46    1CF46       78     8000       0
                text58                            1DD5C    1DD5C       26     ED7D       0
                text57                            1D2B0    1D2B0       64     8000       0
                text56                            1668E    1668E      67A     8000       0
                text55                            1BD2C    1BD2C       D6     8000       0
                text54                            1BC56    1BC56       D6     8000       0
                text53                            1CAAC    1CAAC       A6     8000       0
                text52                            1C12E    1C12E       C8     8000       0
                text51                            15F90    15F90      6FE     8000       0
                text50                            1D24C    1D24C       64     8000       0
                text49                            12D46    12D46      CE6     8000       0
                text48                            1B350    1B350      138     8000       0
                text47                            1DF34    1DF34        C     ED7D       0
                text46                            1DF28    1DF28        C     ED7D       0
                text45                            1BB7E    1BB7E       D8     8000       0
                text44                            19466    19466      306     8000       0
                text43                            1ABE4    1ABE4      1A2     8000       0
                text42                            1DA42    1DA42       3E     8000       0
                text41                            1CB52    1CB52       A2     8000       0
                text40                            1D89A    1D89A       48     8000       0
                text39                            1C066    1C066       C8     8000       0
                text38                            17280    17280      524     8000       0
                text37                            18152    18152      440     8000       0
                text36                            1D752    1D752       52     8000       0
                text35                            1CDB6    1CDB6       8A     8000       0
                text34                            1D5AA    1D5AA       56     8000       0
                text33                            1A668    1A668      1F6     8000       0
                text32                            1D656    1D656       54     8000       0
                text31                            1A214    1A214      22C     8000       0
                text30                            1AD86    1AD86      18E     8000       0
                text29                            13A2C    13A2C      CA8     8000       0
                text28                            16D08    16D08      578     8000       0
                text27                            1D438    1D438       60     8000       0
                text26                            15812    15812      77E     8000       0
                text25                            1D3D8    1D3D8       60     8000       0
                text24                            1CC90    1CC90       9C     8000       0
                text23                            1D9BA    1D9BA       46     8000       0
                text22                            19D14    19D14      2B6     8000       0
                text21                            1B488    1B488      132     8000       0
                text20                            1C95A    1C95A       AA     8000       0
                text19                            1A85E    1A85E      1D4     8000       0
                text18                            1D116    1D116       6C     8000       0
                text17                            1CEC6    1CEC6       80     8000       0
                text16                            1DCB8    1DCB8       2A     ED7D       0
                text15                            1CBF4    1CBF4       9C     8000       0
                text14                            1D4F8    1D4F8       5A     8000       0
                text13                            1D378    1D378       60     8000       0
                text12                            1CD2C    1CD2C       8A     8000       0
                text11                            1C7FA    1C7FA       B0     8000       0
                text10                            10FC2    10FC2      ED2     8000       0
                text9                             1CE40    1CE40       86     8000       0
                text8                             14F84    14F84      88E     8000       0
                text7                             1B5BA    1B5BA      124     8000       0
                text6                             1B204    1B204      14C     8000       0
                text5                             1C386    1C386       C6     8000       0
                text4                             1D1E8    1D1E8       64     8000       0
                text3                             19A56    19A56      2BE     8000       0
                text2                             1B6DE    1B6DE      11C     8000       0
                text1                             146D4    146D4      8B0     8000       0
                text0                             1A440    1A440      228     8000       0
                cstackCOMRAM                         2C       2C       2B        1       1
                cstackBANK0                          60       60       7C       60       1
                cstackBANK1                         1E2      1E2        1      100       1
                bssBIGRAM                           4C8      4C8      21C      4C8       1
                bssBANK4                            400      400       C8      400       1
                dataBANK3                           300      300       C8      300       1
                dataBANK2                           2C8      2C8       2C      200       1
                bssBANK2                            200      200       C8      200       1
                dataBANK1                           1A7      1A7       3B      100       1
                bssBANK1                            100      100       A7      100       1
                bssBANK0                             DC       DC       24       60       1
                bssCOMRAM                             1        1       2B        1       1
                cinit                             1C5D6    1C5D6       BA     8000       0
                idataBANK3                        1BF9E    1BF9E       C8     8000       0
                idataBANK2                        1DC8C    1DC8C       2C     ED7D       0
                idataBANK1                        1DABE    1DABE       3B     8000       0

TOTAL           Name                               Link     Load   Length     Space
        CLASS   CODE           
                intcodelo                            18       18      662         0
                intcode                               8        8        6         0
                init                                67A      67A        4         0
                reset_vec                             0        0        4         0
                text135                           1DECC    1DECC       14         0
                text134                           1DEB8    1DEB8       14         0
                intcode_body                      18DC8    18DC8      37C         0
                text132                           1DC2E    1DC2E       30         0
                text131                           1C512    1C512       C4         0
                text130                           1C8AA    1C8AA       B0         0
                text129                           1D034    1D034       74         0
                text128                           1D314    1D314       64         0
                text127                           1DE64    1DE64       18         0
                text126                           1DA80    1DA80       3E         0
                text125                           1D600    1D600       56         0
                text124                           11E94    11E94      EB2         0
                text123                           1B9C2    1B9C2       E2         0
                text121                           1D182    1D182       66         0
                text120                           1DDA4    1DDA4       20         0
                text119                           1DB34    1DB34       36         0
                text118                           1D848    1D848       52         0
                text117                           1DEA4    1DEA4       14         0
                text116                           1DE90    1DE90       14         0
                text115                           1DE7C    1DE7C       14         0
                text114                           1DDC4    1DDC4       1E         0
                text113                           1C690    1C690       B8         0
                text112                           17C96    17C96      4BC         0
                text111                           1DF16    1DF16       12         0
                text110                           1DF04    1DF04       12         0
                text109                           1DBFE    1DBFE       30         0
                text108                           1DDE2    1DDE2       1C         0
                text107                           1DD34    1DD34       28         0
                text106                           1DE4C    1DE4C       18         0
                text105                           1DCE2    1DCE2       2A         0
                text104                           1DE32    1DE32       1A         0
                text103                           1DC5E    1DC5E       2E         0
                text102                           1DEF2    1DEF2       12         0
                text101                           1DD82    1DD82       22         0
                text100                           1C44C    1C44C       C6         0
                text99                            1DEE0    1DEE0       12         0
                text98                            1D498    1D498       60         0
                text97                            1BAA4    1BAA4       DA         0
                text96                            1DB6A    1DB6A       34         0
                text95                            1D6FE    1D6FE       54         0
                text94                            1C2BE    1C2BE       C8         0
                text93                            1D6AA    1D6AA       54         0
                text92                            1DBCE    1DBCE       30         0
                text91                            1DD0C    1DD0C       28         0
                text90                            19144    19144      322         0
                text89                            1DB9E    1DB9E       30         0
                text88                            1B8DE    1B8DE       E4         0
                text87                            18592    18592      438         0
                text86                            1C748    1C748       B2         0
                text85                            1CFBE    1CFBE       76         0
                text84                            1DE18    1DE18       1A         0
                text83                            1D972    1D972       48         0
                text82                            1D552    1D552       58         0
                text81                            10000    10000      FC2         0
                text80                            1DDFE    1DDFE       1A         0
                text79                            1D92A    1D92A       48         0
                text78                            1D7F6    1D7F6       52         0
                text77                            189CA    189CA      3FE         0
                text76                            1DF40    1DF40        2         0
                text75                            1BED2    1BED2       CC         0
                text74                            1B7FA    1B7FA       E4         0
                text73                            1AF14    1AF14      18A         0
                text72                            1B09E    1B09E      166         0
                text71                            1DA00    1DA00       42         0
                text70                            1D8E2    1D8E2       48         0
                text69                            1DAFA    1DAFA       3A         0
                text68                            1C1F6    1C1F6       C8         0
                text67                            1976C    1976C      2EA         0
                text66                            19FCA    19FCA      24A         0
                text65                            1D0A8    1D0A8       6E         0
                text64                            1D7A4    1D7A4       52         0
                text63                            177A4    177A4      4F2         0
                text62                            1AA32    1AA32      1B2         0
                text61                            1BE02    1BE02       D0         0
                text60                            1CA04    1CA04       A8         0
                text59                            1CF46    1CF46       78         0
                text58                            1DD5C    1DD5C       26         0
                text57                            1D2B0    1D2B0       64         0
                text56                            1668E    1668E      67A         0
                text55                            1BD2C    1BD2C       D6         0
                text54                            1BC56    1BC56       D6         0
                text53                            1CAAC    1CAAC       A6         0
                text52                            1C12E    1C12E       C8         0
                text51                            15F90    15F90      6FE         0
                text50                            1D24C    1D24C       64         0
                text49                            12D46    12D46      CE6         0
                text48                            1B350    1B350      138         0
                text47                            1DF34    1DF34        C         0
                text46                            1DF28    1DF28        C         0
                text45                            1BB7E    1BB7E       D8         0
                text44                            19466    19466      306         0
                text43                            1ABE4    1ABE4      1A2         0
                text42                            1DA42    1DA42       3E         0
                text41                            1CB52    1CB52       A2         0
                text40                            1D89A    1D89A       48         0
                text39                            1C066    1C066       C8         0
                text38                            17280    17280      524         0
                text37                            18152    18152      440         0
                text36                            1D752    1D752       52         0
                text35                            1CDB6    1CDB6       8A         0
                text34                            1D5AA    1D5AA       56         0
                text33                            1A668    1A668      1F6         0
                text32                            1D656    1D656       54         0
                text31                            1A214    1A214      22C         0
                text30                            1AD86    1AD86      18E         0
                text29                            13A2C    13A2C      CA8         0
                text28                            16D08    16D08      578         0
                text27                            1D438    1D438       60         0
                text26                            15812    15812      77E         0
                text25                            1D3D8    1D3D8       60         0
                text24                            1CC90    1CC90       9C         0
                text23                            1D9BA    1D9BA       46         0
                text22                            19D14    19D14      2B6         0
                text21                            1B488    1B488      132         0
                text20                            1C95A    1C95A       AA         0
                text19                            1A85E    1A85E      1D4         0
                text18                            1D116    1D116       6C         0
                text17                            1CEC6    1CEC6       80         0
                text16                            1DCB8    1DCB8       2A         0
                text15                            1CBF4    1CBF4       9C         0
                text14                            1D4F8    1D4F8       5A         0
                text13                            1D378    1D378       60         0
                text12                            1CD2C    1CD2C       8A         0
                text11                            1C7FA    1C7FA       B0         0
                text10                            10FC2    10FC2      ED2         0
                text9                             1CE40    1CE40       86         0
                text8                             14F84    14F84      88E         0
                text7                             1B5BA    1B5BA      124         0
                text6                             1B204    1B204      14C         0
                text5                             1C386    1C386       C6         0
                text4                             1D1E8    1D1E8       64         0
                text3                             19A56    19A56      2BE         0
                text2                             1B6DE    1B6DE      11C         0
                text1                             146D4    146D4      8B0         0
                text0                             1A440    1A440      228         0
                cinit                             1C5D6    1C5D6       BA         0
                idataBANK3                        1BF9E    1BF9E       C8         0
                idataBANK2                        1DC8C    1DC8C       2C         0
                idataBANK1                        1DABE    1DABE       3B         0

        CLASS   CONST          

        CLASS   SMALLCONST     

        CLASS   MEDIUMCONST    
                mediumconst                        EB9E     EB9E     1462         0

        CLASS   COMRAM         
                temp                                 57       57        1         1
                cstackCOMRAM                         2C       2C       2B         1
                bssCOMRAM                             1        1       2B         1

        CLASS   ABS1           

        CLASS   BIGRAM         
                bssBIGRAM                           4C8      4C8      21C         1

        CLASS   RAM            

        CLASS   BANK0          
                cstackBANK0                          60       60       7C         1
                bssBANK0                             DC       DC       24         1

        CLASS   BANK1          
                cstackBANK1                         1E2      1E2        1         1
                dataBANK1                           1A7      1A7       3B         1
                bssBANK1                            100      100       A7         1

        CLASS   BANK2          
                dataBANK2                           2C8      2C8       2C         1
                bssBANK2                            200      200       C8         1

        CLASS   BANK3          
                dataBANK3                           300      300       C8         1

        CLASS   BANK4          
                bssBANK4                            400      400       C8         1

        CLASS   BANK5          

        CLASS   BANK6          

        CLASS   BANK7          

        CLASS   BANK8          

        CLASS   BANK9          

        CLASS   BANK10         

        CLASS   BANK11         

        CLASS   BANK12         

        CLASS   BANK13         

        CLASS   SFR            

        CLASS   BIGSFR         

        CLASS   CONFIG         
                config                           300000   300000        C         4

        CLASS   IDLOC          
                idloc                            200000   200000       10         5

        CLASS   EEDATA         
                eeprom_data                      310000   310000      3C0         0

        CLASS   FARRAM         

        CLASS   HEAP           

        CLASS   STACK          



SEGMENTS        Name                           Load    Length   Top    Selector   Space  Class

                reset_vec                      000000  000004  000004         0       0  CODE    
                bssCOMRAM                      000001  000057  000058         1       1  COMRAM  
                intcode                        000008  000006  00000E         4       0  CODE    
                intcodelo                      000018  000666  00067E         C       0  CODE    
                cstackBANK0                    000060  0000A0  000100        60       1  BANK0   
                bssBANK1                       000100  0000E3  0001E3       100       1  BANK1   
                bssBANK2                       000200  0000F4  0002F4       200       1  BANK2   
                dataBANK3                      000300  0000C8  0003C8       300       1  BANK3   
                bssBANK4                       000400  0000C8  0004C8       400       1  BANK4   
                bssBIGRAM                      0004C8  00021C  0006E4       4C8       1  BIGRAM  
                mediumconst                    00EB9E  001462  010000      75CF       0  MEDIUMCO
                text81                         010000  00DAF9  01DAF9      8000       0  CODE    
                text69                         01DAFA  000448  01DF42      ED7D       0  CODE    
                eeprom_data                    310000  0003C0  3103C0    310000       0  EEDATA  


UNUSED ADDRESS RANGES

        Name                Unused          Largest block    Delta
        BANK1            0001E3-0001FF               1D
        BANK10           000A00-000AFF              100
        BANK11           000B00-000BFF              100
        BANK12           000C00-000CFF              100
        BANK13           000D00-000DE9               EA
        BANK2            0002F4-0002FF                C
        BANK3            0003C8-0003FF               38
        BANK6            0006E4-0006FF               1C
        BANK7            000700-0007FF              100
        BANK8            000800-0008FF              100
        BANK9            000900-0009FF              100
        BIGRAM           000058-00005F                8
                         0001E3-0001FF               1D
                         0002F4-0002FF                C
                         0003C8-0003FF               38
                         0006E4-000DE9              706
        BIGSFR           000DEF-000FFF              211
        CODE             000004-000007                4
                         00000E-000017                A
                         00067E-00EB9D             E520
                         01DAF9-01DAF9                1
                         01DF42-01FFFF             20BE
        COMRAM           000058-00005F                8
        CONST            000004-000007                4
                         00000E-000017                A
                         00067E-00EB9D             E520
                         01DAF9-01DAF9                1
                         01DF42-01FFFF             20BE
        EEDATA           3103C0-3103FF               40
        MEDIUMCONST      000E00-00EB9D             DD9E
                         01DAF9-01DAF9                1
                         01DF42-01FFFF             20BE
        RAM              0001E3-0001FF               1D
                         0002F4-0002FF                C
                         0003C8-0003FF               38
                         0006E4-000DE9              100
        SFR              000DEF-000FFF              100
        SMALLCONST       000E00-00EB9D              100
                         01DAF9-01DAF9                1
                         01DF42-01FFFF              100

                                  Symbol Table

?___aodiv                                                 cstackBANK0  000060
?___aomod                                                 cstackBANK0  000060
?___awdiv                                                 cstackBANK0  000060
?___awmod                                                 cstackBANK0  000072
?___lmul                                                  cstackBANK0  000060
?___lwdiv                                                 cstackBANK0  000066
?___lwmod                                                 cstackBANK0  000060
?___wmul                                                  cstackBANK0  000060
?_abs                                                     cstackBANK0  000072
?_ctoa                                                    cstackBANK0  000069
?_days                                                    cstackBANK0  000065
?_dtoa                                                    cstackBANK0  00007B
?_getADCResult                                            cstackBANK0  000060
?_pad                                                     cstackBANK0  000070
?_rand                                                    cstackBANK0  00006C
?_readActiveSleepCountFromEeprom                          cstackBANK0  000063
?_readRemainingFertigationOnPeriodFromEeprom              cstackBANK0  000063
?_sprintf                                                 cstackBANK0  0000B8
?_strlen                                                  cstackBANK0  000060
?_strncmp                                                 cstackBANK0  000060
?_vfpfcnvrt                                               cstackBANK0  00009F
?_vfprintf                                                cstackBANK0  0000B0
?i1___awdiv                                               cstackCOMRAM 000034
?i1___awmod                                               cstackCOMRAM 000034
?i1___lwdiv                                               cstackCOMRAM 000039
?i1___lwmod                                               cstackCOMRAM 000034
?i1_strncmp                                               cstackCOMRAM 000034
LCDpulseEnableNeg@_data                                   cstackBANK0  000065
LCDwritePCF8574@value                                     cstackBANK0  000064
_ADACQ                                                    (abs)        000F5C
_ADACT                                                    (abs)        000F56
_ADCAP                                                    (abs)        000F5D
_ADCON0bits                                               (abs)        000F60
_ADCON1                                                   (abs)        000F59
_ADCON2                                                   (abs)        000F5A
_ADCON3                                                   (abs)        000F5B
_ADPCH                                                    (abs)        000F5F
_ADREF                                                    (abs)        000F58
_ADRESH                                                   (abs)        000F64
_ADRESL                                                   (abs)        000F63
_ADRPT                                                    (abs)        000F66
_ANSELA                                                   (abs)        000E92
_ANSELB                                                   (abs)        000E9A
_ANSELD                                                   (abs)        000EA7
_ANSELE                                                   (abs)        000EAF
_ANSELF                                                   (abs)        000EB4
_ANSELG                                                   (abs)        000EBC
_BAUD1CON                                                 (abs)        000F9E
_BAUD3CON                                                 (abs)        000EF0
_BSR                                                      (abs)        000FE0
_CCP1CONbits                                              (abs)        000FAB
_CCP2CONbits                                              (abs)        000FA7
_CCP3CONbits                                              (abs)        000F26
_CCP4CONbits                                              (abs)        000F22
_CCPR1                                                    (abs)        000FA9
_CCPR2                                                    (abs)        000FA5
_CCPR3                                                    (abs)        000F24
_CCPR4                                                    (abs)        000F20
_CCPTMRS0bits                                             (abs)        000FAD
_CPUDOZEbits                                              (abs)        000E42
_DeviceBurnStatus                                         bssCOMRAM    000011
_INLVLA                                                   (abs)        000E8E
_INLVLB                                                   (abs)        000E96
_INLVLC                                                   (abs)        000E9E
_INLVLD                                                   (abs)        000EA3
_INLVLE                                                   (abs)        000EAB
_INLVLF                                                   (abs)        000EB0
_INLVLG                                                   (abs)        000EB8
_INLVLH                                                   (abs)        000EBD
_INTCONbits                                               (abs)        000FF2
_IOCBF                                                    (abs)        000E93
_IOCBF0                                                   (abs)        007498
_IOCBN                                                    (abs)        000E94
_IOCBP                                                    (abs)        000E95
_IOCEF                                                    (abs)        000EA8
_IOCEN                                                    (abs)        000EA9
_IOCEP                                                    (abs)        000EAA
_IPR0bits                                                 (abs)        000E1F
_IPR3bits                                                 (abs)        000E22
_IPR4bits                                                 (abs)        000E23
_IPR5bits                                                 (abs)        000E24
_LATA                                                     (abs)        000F79
_LATB                                                     (abs)        000F7A
_LATC                                                     (abs)        000F7B
_LATD                                                     (abs)        000F7C
_LATE                                                     (abs)        000F7D
_LATF                                                     (abs)        000F7E
_LATG                                                     (abs)        000F7F
_LATH                                                     (abs)        000F80
_LCDpulseEnableNeg                                        text105      01DCE2
_LCDwritePCF8574                                          text106      01DE4C
_LoraConnectionFailed                                     bssBANK0     0000E0
_NVMADRH                                                  (abs)        000F75
_NVMADRL                                                  (abs)        000F74
_NVMCON1bits                                              (abs)        000F77
_NVMCON2                                                  (abs)        000F78
_NVMDAT                                                   (abs)        000F76
_ODCONA                                                   (abs)        000E90
_ODCONB                                                   (abs)        000E98
_ODCONC                                                   (abs)        000EA0
_ODCOND                                                   (abs)        000EA5
_ODCONE                                                   (abs)        000EAD
_ODCONF                                                   (abs)        000EB2
_ODCONG                                                   (abs)        000EBA
_ODCONH                                                   (abs)        000EBF
_OSCENbits                                                (abs)        000E47
_PCON0bits                                                (abs)        000FD7
_PIE0bits                                                 (abs)        000E29
_PIE3bits                                                 (abs)        000E2C
_PIE4bits                                                 (abs)        000E2D
_PIE5bits                                                 (abs)        000E2E
_PIR0bits                                                 (abs)        000E33
_PIR3bits                                                 (abs)        000E36
_PIR4bits                                                 (abs)        000E37
_PIR5bits                                                 (abs)        000E38
_PORTBbits                                                (abs)        000F8A
_PORTCbits                                                (abs)        000F8B
_PORTDbits                                                (abs)        000F8C
_PORTEbits                                                (abs)        000F8D
_PORTFbits                                                (abs)        000F8E
_PORTGbits                                                (abs)        000F8F
_PORTHbits                                                (abs)        000F90
_RC1REG                                                   (abs)        000F98
_RC1STA                                                   (abs)        000F9C
_RC1STAbits                                               (abs)        000F9C
_RC3PPS                                                   (abs)        000E65
_RC3REG                                                   (abs)        000EEA
_RC3STA                                                   (abs)        000EEE
_RC3STAbits                                               (abs)        000EEE
_RC4PPS                                                   (abs)        000E66
_RC6PPS                                                   (abs)        000E68
_RC7PPS                                                   (abs)        000E69
_RD5PPS                                                   (abs)        000E6F
_RD6PPS                                                   (abs)        000E70
_RE0PPS                                                   (abs)        000E72
_RE1PPS                                                   (abs)        000E73
_RG1PPS                                                   (abs)        000E83
_RG2PPS                                                   (abs)        000E84
_RG3PPS                                                   (abs)        000E85
_SLRCONA                                                  (abs)        000E8F
_SLRCONB                                                  (abs)        000E97
_SLRCONC                                                  (abs)        000E9F
_SLRCOND                                                  (abs)        000EA4
_SLRCONE                                                  (abs)        000EAC
_SLRCONF                                                  (abs)        000EB1
_SLRCONG                                                  (abs)        000EB9
_SLRCONH                                                  (abs)        000EBE
_SP1BRG                                                   (abs)        000F9A
_SP3BRG                                                   (abs)        000EEC
_SSP1ADD                                                  (abs)        000F92
_SSP1BUF                                                  (abs)        000F91
_SSP1CLKPPS                                               (abs)        000E19
_SSP1CON1                                                 (abs)        000F95
_SSP1CON2                                                 (abs)        000F96
_SSP1CON2bits                                             (abs)        000F96
_SSP1DATPPS                                               (abs)        000E1A
_SSP1STAT                                                 (abs)        000F94
_SSP1STATbits                                             (abs)        000F94
_SSP2ADD                                                  (abs)        000ED6
_SSP2BUF                                                  (abs)        000ED5
_SSP2CLKPPS                                               (abs)        000E1C
_SSP2CON1                                                 (abs)        000ED9
_SSP2CON2                                                 (abs)        000EDA
_SSP2CON2bits                                             (abs)        000EDA
_SSP2DATPPS                                               (abs)        000E1D
_SSP2STAT                                                 (abs)        000ED8
_SSP2STATbits                                             (abs)        000ED8
_SmsAU1                                                   mediumconst  00EFA2
_SmsAU2                                                   mediumconst  00EC57
_SmsAU3                                                   mediumconst  00EFB9
_SmsAU4                                                   mediumconst  00EBDF
_SmsConnect                                               mediumconst  00EFE2
_SmsDR1                                                   mediumconst  00F08F
_SmsDR2                                                   mediumconst  00F114
_SmsDR3                                                   mediumconst  00F1F8
_SmsDR4                                                   mediumconst  00F18C
_SmsFact1                                                 mediumconst  00EFF3
_SmsFert1                                                 mediumconst  00EB9F
_SmsFert2                                                 mediumconst  00EC1F
_SmsFert3                                                 mediumconst  00EE52
_SmsFert4                                                 mediumconst  00EE2F
_SmsFert5                                                 mediumconst  00F816
_SmsFert6                                                 mediumconst  00F7F4
_SmsFert7                                                 mediumconst  00F42B
_SmsFert8                                                 mediumconst  00F52F
_SmsFilt1                                                 mediumconst  00EF27
_SmsFilt2                                                 mediumconst  00EED4
_SmsFilt3                                                 mediumconst  00EE74
_SmsFilt4                                                 mediumconst  00EF0C
_SmsIrr1                                                  mediumconst  00EDE8
_SmsIrr10                                                 mediumconst  00EDC4
_SmsIrr2                                                  mediumconst  00ECED
_SmsIrr3                                                  mediumconst  00ED9C
_SmsIrr4                                                  mediumconst  00F89B
_SmsIrr5                                                  mediumconst  00F87A
_SmsIrr6                                                  mediumconst  00F56B
_SmsIrr7                                                  mediumconst  00F916
_SmsIrr8                                                  mediumconst  00F6BF
_SmsIrr9                                                  mediumconst  00F68C
_SmsMS1                                                   mediumconst  00F4B7
_SmsMS2                                                   mediumconst  00ED1D
_SmsMS3                                                   mediumconst  00ED74
_SmsMotor1                                                mediumconst  00F5E2
_SmsMotor2                                                mediumconst  00EE0C
_SmsMotor3                                                mediumconst  00F753
_SmsMotor4                                                mediumconst  00ECBC
_SmsPh1                                                   mediumconst  00F724
_SmsPh2                                                   mediumconst  00F472
_SmsPh3                                                   mediumconst  00F8DB
_SmsPh4                                                   mediumconst  00EF5B
_SmsPh5                                                   mediumconst  00EF42
_SmsPh6                                                   mediumconst  00F8F4
_SmsPwd1                                                  mediumconst  00EE94
_SmsPwd2                                                  mediumconst  00EF8B
_SmsPwd3                                                  mediumconst  00EF74
_SmsRTC1                                                  mediumconst  00F6F2
_SmsRTC2                                                  mediumconst  00ED4B
_SmsRTC3                                                  mediumconst  00F654
_SmsRTC4                                                  mediumconst  00F61C
_SmsSR01                                                  mediumconst  00F4F3
_SmsSR02                                                  mediumconst  00F2B1
_SmsSR03                                                  mediumconst  00F34C
_SmsSR04                                                  mediumconst  00F2FF
_SmsSR05                                                  mediumconst  00F25F
_SmsSR06                                                  mediumconst  00F3E1
_SmsSR07                                                  mediumconst  00F397
_SmsSR08                                                  mediumconst  00F7AB
_SmsSR09                                                  mediumconst  00F8BC
_SmsSR10                                                  mediumconst  00F7D0
_SmsSR11                                                  mediumconst  00F782
_SmsSR12                                                  mediumconst  00F859
_SmsSR13                                                  mediumconst  00F838
_SmsSR14                                                  mediumconst  00F5A7
_SmsSR15                                                  mediumconst  00EC8A
_SmsT1                                                    mediumconst  00EEF1
_SmsT2                                                    mediumconst  00F907
_SmsTest                                                  mediumconst  00EFCF
_T0CON0                                                   (abs)        000FD5
_T0CON0bits                                               (abs)        000FD5
_T0CON1                                                   (abs)        000FD6
_T1CON                                                    (abs)        000FCF
_T1CONbits                                                (abs)        000FCF
_T2CLKCONbits                                             (abs)        000FBF
_T2CONbits                                                (abs)        000FBD
_T2PR                                                     (abs)        000FBC
_T2TMR                                                    (abs)        000FBB
_T3CON                                                    (abs)        000FC9
_T3CONbits                                                (abs)        000FC9
_TMR0H                                                    (abs)        000FD4
_TMR0L                                                    (abs)        000FD3
_TMR1CLK                                                  (abs)        000FD2
_TMR1H                                                    (abs)        000FCE
_TMR1L                                                    (abs)        000FCD
_TMR3CLK                                                  (abs)        000FCC
_TMR3H                                                    (abs)        000FC8
_TMR3L                                                    (abs)        000FC7
_TRISA                                                    (abs)        000F81
_TRISB                                                    (abs)        000F82
_TRISC                                                    (abs)        000F83
_TRISD                                                    (abs)        000F84
_TRISE                                                    (abs)        000F85
_TRISF                                                    (abs)        000F86
_TRISG                                                    (abs)        000F87
_TRISH                                                    (abs)        000F88
_TX1REG                                                   (abs)        000F99
_TX1STA                                                   (abs)        000F9D
_TX3REG                                                   (abs)        000EEB
_TX3STA                                                   (abs)        000EEF
_Timer0Overflow                                           bssCOMRAM    000023
_Timer1Overflow                                           bssBANK1     000163
_Timer3Overflow                                           bssBANK1     000162
_WDTCON0bits                                              (abs)        000E3D
_WPUA                                                     (abs)        000E91
_WPUB                                                     (abs)        000E99
_WPUC                                                     (abs)        000EA1
_WPUD                                                     (abs)        000EA6
_WPUE                                                     (abs)        000EAE
_WPUF                                                     (abs)        000EB3
_WPUG                                                     (abs)        000EBB
_WPUH                                                     (abs)        000EC0
__HRAM                                                    (abs)        000000
__Habs1                                                   abs1         000000
__Hbank0                                                  bank0        000000
__Hbank1                                                  bank1        000000
__Hbank10                                                 bank10       000000
__Hbank11                                                 bank11       000000
__Hbank12                                                 bank12       000000
__Hbank13                                                 bank13       000000
__Hbank2                                                  bank2        000000
__Hbank3                                                  bank3        000000
__Hbank4                                                  bank4        000000
__Hbank5                                                  bank5        000000
__Hbank6                                                  bank6        000000
__Hbank7                                                  bank7        000000
__Hbank8                                                  bank8        000000
__Hbank9                                                  bank9        000000
__Hbigbss                                                 bigbss       000000
__Hbigdata                                                bigdata      000000
__Hbigram                                                 bigram       000000
__Hbigsfr                                                 bigsfr       000000
__Hbss                                                    bss          000000
__HbssBANK0                                               bssBANK0     000000
__HbssBANK1                                               bssBANK1     000000
__HbssBANK2                                               bssBANK2     000000
__HbssBANK4                                               bssBANK4     000000
__HbssBIGRAM                                              bssBIGRAM    000000
__HbssCOMRAM                                              bssCOMRAM    000000
__Hcinit                                                  cinit        000000
__Hclrtext                                                clrtext      000000
__Hcomram                                                 comram       000000
__Hconfig                                                 config       30000C
__Hconst                                                  const        000000
__HcstackBANK0                                            cstackBANK0  000000
__HcstackBANK1                                            cstackBANK1  000000
__HcstackCOMRAM                                           cstackCOMRAM 000000
__Hdata                                                   data         000000
__HdataBANK1                                              dataBANK1    000000
__HdataBANK2                                              dataBANK2    000000
__HdataBANK3                                              dataBANK3    000000
__Heeprom_data                                            eeprom_data  3103C0
__Hfarbss                                                 farbss       000000
__Hfardata                                                fardata      000000
__Hheap                                                   heap         000000
__Hibigdata                                               ibigdata     000000
__Hidata                                                  idata        000000
__HidataBANK1                                             idataBANK1   000000
__HidataBANK2                                             idataBANK2   000000
__HidataBANK3                                             idataBANK3   000000
__Hidloc                                                  idloc        200010
__Hifardata                                               ifardata     000000
__Hinit                                                   init         00067E
__Hintcode                                                intcode      00000E
__Hintcode_body                                           intcode_body 000000
__Hintcodelo                                              intcodelo    00067A
__Hintentry                                               intentry     000000
__Hintret                                                 intret       000000
__Hintsave_regs                                           intsave_regs 000000
__Hirdata                                                 irdata       000000
__Hmediumconst                                            mediumconst  010000
__HnvFARRAM                                               nvFARRAM     000000
__Hnvbit                                                  nvbit        000000
__Hnvrram                                                 nvrram       000000
__Hparam                                                  rparam       000000
__Hpowerup                                                powerup      00067A
__Hram                                                    ram          000000
__Hramtop                                                 ramtop       000E00
__Hrbit                                                   rbit         000000
__Hrbss                                                   rbss         000000
__Hrdata                                                  rdata        000000
__Hreset_vec                                              reset_vec    000004
__Hrparam                                                 rparam       000000
__Hsfr                                                    sfr          000000
__Hsmallconst                                             smallconst   000000
__Hspace_0                                                (abs)        3103C0
__Hspace_1                                                (abs)        0006E4
__Hspace_2                                                (abs)        000000
__Hspace_4                                                (abs)        60000C
__Hstack                                                  stack        000000
__Hstruct                                                 struct       000000
__Htemp                                                   temp         000058
__Htext                                                   text         000000
__Htext0                                                  text0        000000
__Htext1                                                  text1        000000
__Htext10                                                 text10       000000
__Htext100                                                text100      000000
__Htext101                                                text101      000000
__Htext102                                                text102      000000
__Htext103                                                text103      000000
__Htext104                                                text104      000000
__Htext105                                                text105      000000
__Htext106                                                text106      000000
__Htext107                                                text107      000000
__Htext108                                                text108      000000
__Htext109                                                text109      000000
__Htext11                                                 text11       000000
__Htext110                                                text110      000000
__Htext111                                                text111      000000
__Htext112                                                text112      000000
__Htext113                                                text113      000000
__Htext114                                                text114      000000
__Htext115                                                text115      000000
__Htext116                                                text116      000000
__Htext117                                                text117      000000
__Htext118                                                text118      000000
__Htext119                                                text119      000000
__Htext12                                                 text12       000000
__Htext120                                                text120      000000
__Htext121                                                text121      000000
__Htext123                                                text123      000000
__Htext124                                                text124      000000
__Htext125                                                text125      000000
__Htext126                                                text126      000000
__Htext127                                                text127      000000
__Htext128                                                text128      000000
__Htext129                                                text129      000000
__Htext13                                                 text13       000000
__Htext130                                                text130      000000
__Htext131                                                text131      000000
__Htext132                                                text132      000000
__Htext134                                                text134      000000
__Htext135                                                text135      000000
__Htext14                                                 text14       000000
__Htext15                                                 text15       000000
__Htext16                                                 text16       000000
__Htext17                                                 text17       000000
__Htext18                                                 text18       000000
__Htext19                                                 text19       000000
__Htext2                                                  text2        000000
__Htext20                                                 text20       000000
__Htext21                                                 text21       000000
__Htext22                                                 text22       000000
__Htext23                                                 text23       000000
__Htext24                                                 text24       000000
__Htext25                                                 text25       000000
__Htext26                                                 text26       000000
__Htext27                                                 text27       000000
__Htext28                                                 text28       000000
__Htext29                                                 text29       000000
__Htext3                                                  text3        000000
__Htext30                                                 text30       000000
__Htext31                                                 text31       000000
__Htext32                                                 text32       000000
__Htext33                                                 text33       000000
__Htext34                                                 text34       000000
__Htext35                                                 text35       000000
__Htext36                                                 text36       000000
__Htext37                                                 text37       000000
__Htext38                                                 text38       000000
__Htext39                                                 text39       000000
__Htext4                                                  text4        000000
__Htext40                                                 text40       000000
__Htext41                                                 text41       000000
__Htext42                                                 text42       000000
__Htext43                                                 text43       000000
__Htext44                                                 text44       000000
__Htext45                                                 text45       000000
__Htext46                                                 text46       000000
__Htext47                                                 text47       000000
__Htext48                                                 text48       000000
__Htext49                                                 text49       000000
__Htext5                                                  text5        000000
__Htext50                                                 text50       000000
__Htext51                                                 text51       000000
__Htext52                                                 text52       000000
__Htext53                                                 text53       000000
__Htext54                                                 text54       000000
__Htext55                                                 text55       000000
__Htext56                                                 text56       000000
__Htext57                                                 text57       000000
__Htext58                                                 text58       000000
__Htext59                                                 text59       000000
__Htext6                                                  text6        000000
__Htext60                                                 text60       000000
__Htext61                                                 text61       000000
__Htext62                                                 text62       000000
__Htext63                                                 text63       000000
__Htext64                                                 text64       000000
__Htext65                                                 text65       000000
__Htext66                                                 text66       000000
__Htext67                                                 text67       000000
__Htext68                                                 text68       000000
__Htext69                                                 text69       000000
__Htext7                                                  text7        000000
__Htext70                                                 text70       000000
__Htext71                                                 text71       000000
__Htext72                                                 text72       000000
__Htext73                                                 text73       000000
__Htext74                                                 text74       000000
__Htext75                                                 text75       000000
__Htext76                                                 text76       000000
__Htext77                                                 text77       000000
__Htext78                                                 text78       000000
__Htext79                                                 text79       000000
__Htext8                                                  text8        000000
__Htext80                                                 text80       000000
__Htext81                                                 text81       000000
__Htext82                                                 text82       000000
__Htext83                                                 text83       000000
__Htext84                                                 text84       000000
__Htext85                                                 text85       000000
__Htext86                                                 text86       000000
__Htext87                                                 text87       000000
__Htext88                                                 text88       000000
__Htext89                                                 text89       000000
__Htext9                                                  text9        000000
__Htext90                                                 text90       000000
__Htext91                                                 text91       000000
__Htext92                                                 text92       000000
__Htext93                                                 text93       000000
__Htext94                                                 text94       000000
__Htext95                                                 text95       000000
__Htext96                                                 text96       000000
__Htext97                                                 text97       000000
__Htext98                                                 text98       000000
__Htext99                                                 text99       000000
__LRAM                                                    (abs)        000001
__Labs1                                                   abs1         000000
__Lbank0                                                  bank0        000000
__Lbank1                                                  bank1        000000
__Lbank10                                                 bank10       000000
__Lbank11                                                 bank11       000000
__Lbank12                                                 bank12       000000
__Lbank13                                                 bank13       000000
__Lbank2                                                  bank2        000000
__Lbank3                                                  bank3        000000
__Lbank4                                                  bank4        000000
__Lbank5                                                  bank5        000000
__Lbank6                                                  bank6        000000
__Lbank7                                                  bank7        000000
__Lbank8                                                  bank8        000000
__Lbank9                                                  bank9        000000
__Lbigbss                                                 bigbss       000000
__Lbigdata                                                bigdata      000000
__Lbigram                                                 bigram       000000
__Lbigsfr                                                 bigsfr       000000
__Lbss                                                    bss          000000
__LbssBANK0                                               bssBANK0     000000
__LbssBANK1                                               bssBANK1     000000
__LbssBANK2                                               bssBANK2     000000
__LbssBANK4                                               bssBANK4     000000
__LbssBIGRAM                                              bssBIGRAM    000000
__LbssCOMRAM                                              bssCOMRAM    000000
__Lcinit                                                  cinit        000000
__Lclrtext                                                clrtext      000000
__Lcomram                                                 comram       000000
__Lconfig                                                 config       000000
__Lconst                                                  const        000000
__LcstackBANK0                                            cstackBANK0  000000
__LcstackBANK1                                            cstackBANK1  000000
__LcstackCOMRAM                                           cstackCOMRAM 000000
__Ldata                                                   data         000000
__LdataBANK1                                              dataBANK1    000000
__LdataBANK2                                              dataBANK2    000000
__LdataBANK3                                              dataBANK3    000000
__Leeprom_data                                            eeprom_data  310000
__Lfarbss                                                 farbss       000000
__Lfardata                                                fardata      000000
__Lheap                                                   heap         000000
__Libigdata                                               ibigdata     000000
__Lidata                                                  idata        000000
__LidataBANK1                                             idataBANK1   000000
__LidataBANK2                                             idataBANK2   000000
__LidataBANK3                                             idataBANK3   000000
__Lidloc                                                  idloc        000000
__Lifardata                                               ifardata     000000
__Linit                                                   init         00067A
__Lintcode                                                intcode      000008
__Lintcode_body                                           intcode_body 000000
__Lintcodelo                                              intcodelo    000018
__Lintentry                                               intentry     000000
__Lintret                                                 intret       000000
__Lintsave_regs                                           intsave_regs 000000
__Lirdata                                                 irdata       000000
__Lmediumconst                                            mediumconst  00EB9E
__LnvFARRAM                                               nvFARRAM     000000
__Lnvbit                                                  nvbit        000000
__Lnvrram                                                 nvrram       000000
__Lparam                                                  rparam       000000
__Lpowerup                                                powerup      00067A
__Lram                                                    ram          000000
__Lramtop                                                 ramtop       000E00
__Lrbit                                                   rbit         000000
__Lrbss                                                   rbss         000000
__Lrdata                                                  rdata        000000
__Lreset_vec                                              reset_vec    000000
__Lrparam                                                 rparam       000000
__Lsfr                                                    sfr          000000
__Lsmallconst                                             smallconst   000000
__Lspace_0                                                (abs)        000000
__Lspace_1                                                (abs)        000000
__Lspace_2                                                (abs)        000000
__Lspace_4                                                (abs)        000000
__Lstack                                                  stack        000000
__Lstruct                                                 struct       000000
[...]
saveIrrigationValveOnOffStatusIntoEeprom@address          cstackBANK0  000063
saveIrrigationValveOnOffStatusIntoEeprom@fieldptr         cstackBANK0  000065
saveIrrigationValveValuesIntoEeprom@address               cstackBANK0  000063
saveIrrigationValveValuesIntoEeprom@fieldptr              cstackBANK0  000065
scanValveScheduleAndGetSleepCount@fieldCylceChecked       cstackBANK0  000087
scanValveScheduleAndGetSleepCount@iLocal                  cstackBANK0  000088
scanValveScheduleAndGetSleepCount@leapYearDays            cstackBANK0  000083
scanValveScheduleAndGetSleepCount@newCount                cstackBANK0  000089
scanValveScheduleAndGetSleepCount@yearDays                cstackBANK0  000085
selectChannel@channel                                     cstackBANK0  000062
sendCmdToLora@Action                                      cstackBANK0  000082
sendCmdToLora@FieldNo                                     cstackBANK0  00007F
sendCmdToLora@IoPin                                       cstackBANK0  000083
sendCmdToLora@SlaveNo                                     cstackBANK0  000084
sendSms@info                                              cstackBANK0  00007C
sendSms@message                                           cstackBANK0  000078
sendSms@phoneNumber                                       cstackBANK0  00007A
sprintf@ap                                                cstackBANK0  0000C0
sprintf@f                                                 cstackBANK0  0000C2
sprintf@fmt                                               cstackBANK0  0000BA
sprintf@s                                                 cstackBANK0  0000B8
srand@s                                                   cstackBANK0  000060
stackhi                                                   (abs)        000000
stacklo                                                   (abs)        000000
start                                                     init         00067A
start_initialization                                      cinit        01C5D6
strlen@a                                                  cstackBANK0  000062
strlen@s                                                  cstackBANK0  000060
strncmp@_l                                                cstackBANK0  000060
strncmp@_r                                                cstackBANK0  000062
strncmp@l                                                 cstackBANK0  000067
strncmp@n                                                 cstackBANK0  000064
strncmp@r                                                 cstackBANK0  000069
transmitNumberToGSM@index                                 cstackBANK0  000063
transmitNumberToGSM@j                                     cstackBANK0  000065
transmitNumberToGSM@number                                cstackBANK0  000061
transmitNumberToLora@index                                cstackBANK0  000063
transmitNumberToLora@j                                    cstackBANK0  000065
transmitNumberToLora@number                               cstackBANK0  000061
transmitStringToGSM@string                                cstackBANK0  000061
transmitStringToLora@string                               cstackBANK0  000061
ttemp5                                                    temp         000058
ttemp6                                                    temp         00005B
ttemp7                                                    temp         00005F
txByte@serialData                                         cstackBANK0  000060
txByteLora@serialData                                     cstackBANK0  000060
vfpfcnvrt@ap                                              cstackBANK0  0000A3
vfpfcnvrt@c                                               cstackBANK0  0000AF
vfpfcnvrt@fmt                                             cstackBANK0  0000A1
vfpfcnvrt@fp                                              cstackBANK0  00009F
vfpfcnvrt@ll                                              cstackBANK0  0000A7
vfprintf@ap                                               cstackBANK0  0000B4
vfprintf@cfmt                                             cstackBANK0  0000B6
vfprintf@fmt                                              cstackBANK0  0000B2
vfprintf@fp                                               cstackBANK0  0000B0
wtemp8                                                    temp         000058


MODULE INFORMATION

Module		Function		Class		Link	Load	Size
C:\Program Files\Microchip\xc8\v2.35\pic\sources\c99\common\putch.c
		_putch         		CODE           	1DF40	0000	2

C:\Program Files\Microchip\xc8\v2.35\pic\sources\c99\common\putch.c estimated size: 2

C:\Program Files\Microchip\xc8\v2.35\pic\sources\c99\common\rand.c
		_srand         		CODE           	1DCB8	0000	42
		_rand          		CODE           	1CEC6	0000	128

C:\Program Files\Microchip\xc8\v2.35\pic\sources\c99\common\rand.c estimated size: 170

gsmTest.c
		_configureGSM  		CODE           	1ABE4	0000	418
		_checkSignalStrength		CODE           	18152	0000	1088
		_sendSms       		CODE           	10000	0000	4034
		_rxByte        		CODE           	1DECC	0000	20
		_txByte        		CODE           	1DE18	0000	26
		_transmitStringToGSM		CODE           	1D552	0000	88
		_transmitNumberToGSM		CODE           	1D972	0000	72

gsmTest.c estimated size: 5746

controllerActions_Test.c
		_isNumber      		CODE           	1DB9E	0000	48
		_deleteValveData		CODE           	1A214	0000	556
		_doLowPhaseAction		CODE           	1B5BA	0000	292
		_doDryRunAction		CODE           	14F84	0000	2190
		_isFieldMoistureSensorWetLora		CODE           	1BE02	0000	208
		_deleteUserData		CODE           	1D5AA	0000	86
		_fetchFieldNo  		CODE           	19144	0000	802
		_isRTCBatteryDrained		CODE           	1CC90	0000	156
		_actionsOnSleepCountFinish		CODE           	12D46	0000	3302
		_actionsOnSystemReset		CODE           	10FC2	0000	3794
		_deepSleep     		CODE           	19A56	0000	702
		_deleteDecodedString		CODE           	1DBCE	0000	48
		_setFactoryPincode		CODE           	1C7FA	0000	176
		_calibrateMotorCurrent		CODE           	17280	0000	1316
		_days          		CODE           	1B6DE	0000	284
		_doPhaseFailureAction		CODE           	1B204	0000	332
		_randomPasswordGeneration		CODE           	1CBF4	0000	156
		_configureController		CODE           	19466	0000	774
		_deActivateValve		CODE           	1AA32	0000	434
		_getDateFromGSM		CODE           	1A85E	0000	468
		_powerOffMotor 		CODE           	1CE40	0000	134
		_actionsOnDueValve		CODE           	1668E	0000	1658
		_checkResetType		CODE           	1B350	0000	312
		_isMotorInNoLoad		CODE           	1C386	0000	198
		_scanValveScheduleAndGetSleepCount		CODE           	146D4	0000	2224
		_phaseFailure  		CODE           	1CA04	0000	168
		_getDueDate    		CODE           	17C96	0000	1212
		_activateValve 		CODE           	177A4	0000	1266
		_hardResetMenu 		CODE           	15812	0000	1918
		_powerOnMotor  		CODE           	1CF46	0000	120

controllerActions_Test.c estimated size: 25334

C:\Program Files\Microchip\xc8\v2.35\pic\sources\c99\common\aodiv.c
		___aodiv       		CODE           	1AF14	0000	394

C:\Program Files\Microchip\xc8\v2.35\pic\sources\c99\common\aodiv.c estimated size: 394

C:\Program Files\Microchip\xc8\v2.35\pic\sources\c99\common\nf_sprintf.c
		_sprintf       		CODE           	1D7A4	0000	82

C:\Program Files\Microchip\xc8\v2.35\pic\sources\c99\common\nf_sprintf.c estimated size: 82

i2c.c
		_lcd_i2cWait   		CODE           	1DBFE	0000	48
		_lcd_i2cStop   		CODE           	1DF04	0000	18
		_lcd_i2cWrite  		CODE           	1DDE2	0000	28
		_lcd_i2cStart  		CODE           	1DF16	0000	18
		_rtc_i2cRead   		CODE           	1D848	0000	82
		_rtc_i2cWait   		CODE           	1DB34	0000	54
		_rtc_i2cStop   		CODE           	1DE7C	0000	20
		_rtc_i2cWrite  		CODE           	1DDC4	0000	30
		_rtc_i2cStart  		CODE           	1DE90	0000	20
		_lcd_i2cWriteByteSingleReg		CODE           	1DD34	0000	40
		_rtc_i2cRestart		CODE           	1DEA4	0000	20

i2c.c estimated size: 378

C:\Program Files\Microchip\xc8\v2.35\pic\sources\c99\common\nf_fputc.c
		_fputc         		CODE           	1BED2	0000	204

C:\Program Files\Microchip\xc8\v2.35\pic\sources\c99\common\nf_fputc.c estimated size: 204

C:\Program Files\Microchip\xc8\v2.35\pic\sources\c99\common\lwdiv.c
		___lwdiv       		CODE           	1CFBE	0000	118

C:\Program Files\Microchip\xc8\v2.35\pic\sources\c99\common\lwdiv.c estimated size: 118

C:\Program Files\Microchip\xc8\v2.35\pic\sources\c99\common\Umul16.c
		___wmul        		CODE           	1DD0C	0000	40

C:\Program Files\Microchip\xc8\v2.35\pic\sources\c99\common\Umul16.c estimated size: 40

C:\Program Files\Microchip\xc8\v2.35\pic\sources\c99\common\awdiv.c
		___awdiv       		CODE           	1C44C	0000	198

C:\Program Files\Microchip\xc8\v2.35\pic\sources\c99\common\awdiv.c estimated size: 198

C:\Program Files\Microchip\xc8\v2.35\pic\sources\c99\common\strncmp.c
		_strncmp       		CODE           	1B8DE	0000	228

C:\Program Files\Microchip\xc8\v2.35\pic\sources\c99\common\strncmp.c estimated size: 228

eeprom.c
		_saveActiveSleepCountIntoEeprom		CODE           	1CAAC	0000	166
		_readRemainingFertigationOnPeriodFromEeprom		CODE           	1BC56	0000	214
		_saveIrrigationValveConfigurationStatusIntoEeprom		CODE           	1D656	0000	84
		_readValveDataFromEeprom		CODE           	13A2C	0000	3240
		_saveFertigationValveStatusIntoEeprom		CODE           	1C12E	0000	200
		_saveMobileNoIntoEeprom		CODE           	1CDB6	0000	138
		_saveResetCountIntoEeprom		CODE           	1D438	0000	96
		_readResetCountFromEeprom		CODE           	1D9BA	0000	70
		_saveFactryPswrdIntoEeprom		CODE           	1CD2C	0000	138
		_eepromWrite   		CODE           	1DB6A	0000	52
		_saveMotorLoadValuesIntoEeprom		CODE           	1B488	0000	306
		_readFieldIrrigationValveNoFromEeprom		CODE           	1D2B0	0000	100
		_readActiveSleepCountFromEeprom		CODE           	1BD2C	0000	214
		_saveIrrigationValveValuesIntoEeprom		CODE           	19D14	0000	694
		_saveIrrigationValveCycleStatusIntoEeprom		CODE           	1D6FE	0000	84
		_saveIrrigationValveNoIntoEeprom		CODE           	1D24C	0000	100
		_saveAuthenticationStatus		CODE           	1D752	0000	82
		_saveIrrigationValveOnOffStatusIntoEeprom		CODE           	1D6AA	0000	84
		_saveIrrigationValveDueTimeIntoEeprom		CODE           	1C2BE	0000	200
		_saveFiltrationSequenceData		CODE           	1A668	0000	502
		_saveFertigationValveValuesIntoEeprom		CODE           	15F90	0000	1790
		_saveDeviceProgramStatusIntoEeprom		CODE           	1D378	0000	96
		_saveRTCBatteryStatus		CODE           	1D3D8	0000	96
		_readMotorLoadValuesFromEeprom		CODE           	1AD86	0000	398
		_readDeviceProgramStatusFromEeprom		CODE           	1D4F8	0000	90
		_saveRemainingFertigationOnPeriod		CODE           	1C95A	0000	170
		_loadDataFromEeprom		CODE           	16D08	0000	1400
		_eepromRead    		CODE           	1DD5C	0000	38

eeprom.c estimated size: 10842

C:\Program Files\Microchip\xc8\v2.35\pic\sources\c99\common\abs.c
		_abs           		CODE           	1DA00	0000	66

C:\Program Files\Microchip\xc8\v2.35\pic\sources\c99\common\abs.c estimated size: 66

C:\Program Files\Microchip\xc8\v2.35\pic\sources\c99\common\Umul32.c
		___lmul        		CODE           	1D116	0000	108

C:\Program Files\Microchip\xc8\v2.35\pic\sources\c99\common\Umul32.c estimated size: 108

shared
		i1_transmitNumberToGSM		CODE           	1DA80	0000	62
		_SmsDR1        		MEDIUMCONST    	F08F	0000	133
		_SmsSR11       		MEDIUMCONST    	F782	0000	41
		_SmsIrr1       		MEDIUMCONST    	EDE8	0000	36
		_SmsIrr10      		MEDIUMCONST    	EDC4	0000	36
		_extract       		MEDIUMCONST    	F024	0000	8
		_SmsT2         		MEDIUMCONST    	F907	0000	15
		_SmsPwd3       		MEDIUMCONST    	EF74	0000	23
		_SmsDR4        		MEDIUMCONST    	F18C	0000	108
		_SmsSR03       		MEDIUMCONST    	F34C	0000	75
		_SmsSR14       		MEDIUMCONST    	F5A7	0000	59
		_SmsIrr4       		MEDIUMCONST    	F89B	0000	33
		_map           		MEDIUMCONST    	F07E	0000	4
		_fdata         		MEDIUMCONST    	F057	0000	6
		_SmsSR06       		MEDIUMCONST    	F3E1	0000	74
		i1_deleteDecodedString		CODE           	1DC2E	0000	48
		i1_strncmp     		CODE           	1B9C2	0000	226
		_disable       		MEDIUMCONST    	F034	0000	8
		_SmsIrr7       		MEDIUMCONST    	F916	0000	15
		_SmsRTC2       		MEDIUMCONST    	ED4B	0000	41
		_getfreq       		MEDIUMCONST    	F01C	0000	8
		_SmsTest       		MEDIUMCONST    	EFCF	0000	19
		_SmsPh2        		MEDIUMCONST    	F472	0000	69
		_SmsSR09       		MEDIUMCONST    	F8BC	0000	31
		_SmsMotor1     		MEDIUMCONST    	F5E2	0000	58
		_SmsMotor2     		MEDIUMCONST    	EE0C	0000	35
		_SmsMotor3     		MEDIUMCONST    	F753	0000	47
		_SmsMotor4     		MEDIUMCONST    	ECBC	0000	49
		_SmsPh5        		MEDIUMCONST    	EF42	0000	25
		i1___lwdiv     		CODE           	1D034	0000	116
		_feed          		MEDIUMCONST    	F062	0000	5
		_SmsFilt1      		MEDIUMCONST    	EF27	0000	27
		_SmsFilt2      		MEDIUMCONST    	EED4	0000	29
		_SmsFilt3      		MEDIUMCONST    	EE74	0000	32
		_SmsFilt4      		MEDIUMCONST    	EF0C	0000	27
		_active        		MEDIUMCONST    	F043	0000	7
		_SmsAU1        		MEDIUMCONST    	EFA2	0000	23
		_slave         		MEDIUMCONST    	F93F	0000	6
		_SmsAU4        		MEDIUMCONST    	EBDF	0000	64
		_SmsMS2        		MEDIUMCONST    	ED1D	0000	46
		_SmsSR10       		MEDIUMCONST    	F7D0	0000	36
		i1___awdiv     		CODE           	1C512	0000	196
		_SmsPwd2       		MEDIUMCONST    	EF8B	0000	23
		_eepromAddress 		MEDIUMCONST    	EEB4	0000	32
		_SmsDR2        		MEDIUMCONST    	F114	0000	120
		_SmsSR02       		MEDIUMCONST    	F2B1	0000	78
		_sensor        		MEDIUMCONST    	F925	0000	7
		_SmsSR13       		MEDIUMCONST    	F838	0000	33
		_enable        		MEDIUMCONST    	F04A	0000	7
		_SmsIrr3       		MEDIUMCONST    	ED9C	0000	40
		i1___lwmod     		CODE           	1D314	0000	100
		_countryCode   		MEDIUMCONST    	F076	0000	4
		_set           		MEDIUMCONST    	F082	0000	4
		_SmsSR05       		MEDIUMCONST    	F25F	0000	82
		_alive         		MEDIUMCONST    	F933	0000	6
		_cmti          		MEDIUMCONST    	F002	0000	14
		__initialization		CODE           	1C5D6	0000	176
		_SmsIrr6       		MEDIUMCONST    	F56B	0000	60
		_SmsRTC1       		MEDIUMCONST    	F6F2	0000	50
		_SmsSR08       		MEDIUMCONST    	F7AB	0000	37
		_hook          		MEDIUMCONST    	F071	0000	5
		_SmsPh3        		MEDIUMCONST    	F8DB	0000	25
		i1___awmod     		CODE           	1C8AA	0000	176
		_ok            		MEDIUMCONST    	F089	0000	3
		_SmsIrr9       		MEDIUMCONST    	F68C	0000	51
		_SmsRTC4       		MEDIUMCONST    	F61C	0000	56
		_SmsPh6        		MEDIUMCONST    	F8F4	0000	19
		_dactive       		MEDIUMCONST    	F02C	0000	8
		_ct            		MEDIUMCONST    	F086	0000	3
		_on            		MEDIUMCONST    	F94D	0000	3
		_SmsConnect    		MEDIUMCONST    	EFE2	0000	17
		_SmsAU2        		MEDIUMCONST    	EC57	0000	51
		_error         		MEDIUMCONST    	F939	0000	6
		_SmsFert1      		MEDIUMCONST    	EB9F	0000	64
		_SmsFert2      		MEDIUMCONST    	EC1F	0000	56
		_SmsFert3      		MEDIUMCONST    	EE52	0000	34
		_SmsFert4      		MEDIUMCONST    	EE2F	0000	35
		_SmsFert5      		MEDIUMCONST    	F816	0000	34
		_SmsFert6      		MEDIUMCONST    	F7F4	0000	34
		_SmsFert7      		MEDIUMCONST    	F42B	0000	71
		_SmsFert8      		MEDIUMCONST    	F52F	0000	60
		_idle          		MEDIUMCONST    	F05D	0000	5
		_SmsMS3        		MEDIUMCONST    	ED74	0000	40
		_SmsPwd1       		MEDIUMCONST    	EE94	0000	32
		_SmsSR01       		MEDIUMCONST    	F4F3	0000	60
		_inject        		MEDIUMCONST    	F03C	0000	7
		_SmsDR3        		MEDIUMCONST    	F1F8	0000	103
		_SmsSR12       		MEDIUMCONST    	F859	0000	33
		_SmsIrr2       		MEDIUMCONST    	ECED	0000	48
		i1_sendSms     		CODE           	11E94	0000	3762
		_SmsSR04       		MEDIUMCONST    	F2FF	0000	77
		i1_txByte      		CODE           	1DE64	0000	24
		_getct         		MEDIUMCONST    	F051	0000	6
		_SmsSR15       		MEDIUMCONST    	EC8A	0000	50
		_secret        		MEDIUMCONST    	F010	0000	12
		_SmsIrr5       		MEDIUMCONST    	F87A	0000	33
		_SmsFact1      		MEDIUMCONST    	EFF3	0000	15
		_hold          		MEDIUMCONST    	F06C	0000	5
		_master        		MEDIUMCONST    	F92C	0000	7
		_ack           		MEDIUMCONST    	F945	0000	4
		_off           		MEDIUMCONST    	F949	0000	4
		_SmsSR07       		MEDIUMCONST    	F397	0000	74
		_SmsPh1        		MEDIUMCONST    	F724	0000	47
		_SmsIrr8       		MEDIUMCONST    	F6BF	0000	51
		_SmsRTC3       		MEDIUMCONST    	F654	0000	56
		_admin         		MEDIUMCONST    	F08C	0000	3
		_SmsT1         		MEDIUMCONST    	EEF1	0000	27
		_SmsPh4        		MEDIUMCONST    	EF5B	0000	25
		_setct         		MEDIUMCONST    	F07A	0000	4
		_time          		MEDIUMCONST    	F067	0000	5
		i1_transmitStringToGSM		CODE           	1D600	0000	86
		_SmsAU3        		MEDIUMCONST    	EFB9	0000	22
		_SmsMS1        		MEDIUMCONST    	F4B7	0000	60

shared estimated size: 8477

ADC.c
		_getADCResult  		CODE           	1D89A	0000	72
		_selectChannel 		CODE           	1C066	0000	200

ADC.c estimated size: 272

i2c_LCD_PCF8574.c
		_lcdSetCursor  		CODE           	1D498	0000	96
		_lcdDisplayOn  		CODE           	1DF28	0000	12
		_LCDwritePCF8574		CODE           	1DE4C	0000	24
		_lcdDisplayOff 		CODE           	1DF34	0000	12
		_LCDpulseEnableNeg		CODE           	1DCE2	0000	42
		_lcdClear      		CODE           	1DD82	0000	34
		_lcdCommandWrite		CODE           	1DEF2	0000	18
		_lcdInit       		CODE           	1BB7E	0000	216
		_lcdSend       		CODE           	1DC5E	0000	46
		_lcdWrite4Bits 		CODE           	1DE32	0000	26
		_lcdDataWrite  		CODE           	1DEE0	0000	18
		_lcdWriteStringAtCenter		CODE           	1BAA4	0000	218
		_lcdWriteString		CODE           	1D1E8	0000	100

i2c_LCD_PCF8574.c estimated size: 862

main_2_Test.c
		_timerInterrupt_handler		CODE           	0018	0000	1634
		_main          		CODE           	1A440	0000	552
		_rxANDiocInterrupt_handler		CODE           	0008	0000	898

main_2_Test.c estimated size: 3084

C:\Program Files\Microchip\xc8\v2.35\pic\sources\c99\common\strlen.c
		_strlen        		CODE           	1DAFA	0000	58

C:\Program Files\Microchip\xc8\v2.35\pic\sources\c99\common\strlen.c estimated size: 58

C:\Program Files\Microchip\xc8\v2.35\pic\sources\c99\common\aomod.c
		___aomod       		CODE           	1B09E	0000	358

C:\Program Files\Microchip\xc8\v2.35\pic\sources\c99\common\aomod.c estimated size: 358

C:\Program Files\Microchip\xc8\v2.35\pic\sources\c99\common\nf_fputs.c
		_fputs         		CODE           	1D8E2	0000	72

C:\Program Files\Microchip\xc8\v2.35\pic\sources\c99\common\nf_fputs.c estimated size: 72

loraTest.c
		_isLoraResponseAck		CODE           	18592	0000	1080
		_rxByteLora    		CODE           	1DEB8	0000	20
		_txByteLora    		CODE           	1DDFE	0000	26
		_transmitStringToLora		CODE           	1D7F6	0000	82
		_transmitNumberToLora		CODE           	1D92A	0000	72
		_sendCmdToLora 		CODE           	189CA	0000	1022

loraTest.c estimated size: 2302

i2c_RTC_DS1307.c
		_decimal2BCD   		CODE           	1DA42	0000	62
		_bcd2Decimal   		CODE           	1DDA4	0000	32
		_fetchTimefromRTC		CODE           	1C690	0000	184
		_feedTimeInRTC 		CODE           	1CB52	0000	162

i2c_RTC_DS1307.c estimated size: 440

C:\Program Files\Microchip\xc8\v2.35\pic\sources\c99\common\lwmod.c
		___lwmod       		CODE           	1D182	0000	102

C:\Program Files\Microchip\xc8\v2.35\pic\sources\c99\common\lwmod.c estimated size: 102

C:\Program Files\Microchip\xc8\v2.35\pic\sources\c99\common\awmod.c
		___awmod       		CODE           	1C748	0000	178

C:\Program Files\Microchip\xc8\v2.35\pic\sources\c99\common\awmod.c estimated size: 178

C:\Program Files\Microchip\xc8\v2.35\pic\sources\c99\common\doprnt.c
		_vfpfcnvrt     		CODE           	19FCA	0000	586
		_pad           		CODE           	1C1F6	0000	200
		_ctoa          		CODE           	1B7FA	0000	228
		_dtoa          		CODE           	1976C	0000	746
		_vfprintf      		CODE           	1D0A8	0000	110

C:\Program Files\Microchip\xc8\v2.35\pic\sources\c99\common\doprnt.c estimated size: 1870

