Microchip MPLAB XC8 Compiler V2.35

Linker command line:

-W-3 --edf=C:\Program Files\Microchip\xc8\v2.35\pic\dat\en_msgs.txt -cn \
  -h+dist/18f67k40_Test/production\BJU_AutoIrri_Lora_DevBranch_New.X.production.sym \
  --cmf=dist/18f67k40_Test/production\BJU_AutoIrri_Lora_DevBranch_New.X.production.cmf \
  -z -Q18F67K40 -oC:\Users\nandu\AppData\Local\Temp\xcAs86g.4 \
  --defsym=__MPLAB_BUILD=1 \
  -Mdist/18f67k40_Test/production/BJU_AutoIrri_Lora_DevBranch_New.X.production.map \
  --md=C:\Users\nandu\AppData\Local\Temp\xcAs86g.dat -E1 -ver=XC8 Compiler \
  --acfsm=1493 -ACODE=00h-01FFFFh -ACONST=00h-01FFFFh \
  -ASMALLCONST=0E00h-0EFFhx498 -AMEDIUMCONST=0E00h-0FFFFh,010E00h-01FFFFh \
  -ACOMRAM=01h-05Fh -AABS1=00h-0DE9h -ABIGRAM=01h-0DE9h \
  -ARAM=060h-0FFh,0100h-01FFhx12,0D00h-0DE9h -ABANK0=060h-0FFh \
  -ABANK1=0100h-01FFh -ABANK2=0200h-02FFh -ABANK3=0300h-03FFh \
  -ABANK4=0400h-04FFh -ABANK5=0500h-05FFh -ABANK6=0600h-06FFh \
  -ABANK7=0700h-07FFh -ABANK8=0800h-08FFh -ABANK9=0900h-09FFh \
  -ABANK10=0A00h-0AFFh -ABANK11=0B00h-0BFFh -ABANK12=0C00h-0CFFh \
  -ABANK13=0D00h-0DE9h \
  -ASFR=0DEFh-0DFFh,0E00h-0EFFh,0F00h-0F5Fh,0F60h-0FFFh \
  -ABIGSFR=0DEFh-0FFFh -ACONFIG=0300000h-030000Bh -AIDLOC=0200000h-020000Fh \
  -AEEDATA=0310000h-03103FFh -peeprom_data=EEDATA \
  -preset_vec=00h,intcode=08h,intcodelo=018h,powerup,init -pramtop=0E00h \
  -psmallconst=SMALLCONST -pmediumconst=MEDIUMCONST -pconst=CONST \
  -AFARRAM=00h-00h \
  -prdata=COMRAM,nvrram=COMRAM,nvbit=COMRAM,rbss=COMRAM,rbit=COMRAM \
  -pfarbss=FARRAM,fardata=FARRAM,nvFARRAM=FARRAM \
  -pintsave_regs=BIGRAM,bigbss=BIGRAM,bigdata=BIGRAM -pbss=RAM \
  -pidata=CODE,irdata=CODE,ibigdata=CODE,ifardata=CODE -prparam=COMRAM \
  C:\Users\nandu\AppData\Local\Temp\xcAs86g.o \
  dist/18f67k40_Test/production\BJU_AutoIrri_Lora_DevBranch_New.X.production.o 

Object code version is 3.11

Machine type is 18F67K40



                Name                               Link     Load   Length Selector   Space Scale
C:\Users\nandu\AppData\Local\Temp\xcAs86g.o
                idloc                            200000   200000       10        0       5
                config                           300000   300000        C        0       4
                init                                616      616        4        C       0
                reset_vec                             0        0        4        0       0
dist/18f67k40_Test/production\BJU_AutoIrri_Lora_DevBranch_New.X.production.o
                eeprom_data                      310000   310000      3C0   310000       0
                intcodelo                            18       18      5FE        C       0
                intcode                               8        8        6        4       0
                idloc                            200000   200000       10        0       5
                config                           300000   300000        C        0       4
                temp                                 49       49        1        1       1
                mediumconst                        EAC2     EAC2     153E     7561       0
                text149                           1E0CA    1E0CA       14     E909       0
                text148                           1E0B6    1E0B6       14     E909       0
                text147                           1E138    1E138       12     E909       0
                text146                           1E126    1E126       12     E909       0
                text145                           1DDC6    1DDC6       2C     E909       0
                text144                           1E038    1E038       1A     E909       0
                text143                           1DF4E    1DF4E       22     E909       0
                text142                           1E14A    1E14A       10     E909       0
                text141                           1DF08    1DF08       24     E909       0
                text140                           1E0A2    1E0A2       14     E909       0
                text139                           1DE96    1DE96       28     E909       0
                text138                           1E192    1E192        E     E909       0
                text137                           1E184    1E184        E     E909       0
                text136                           1D986    1D986       4E     E909       0
                text135                           1D5EA    1D5EA       5A     E909       0
                text134                           1E1A0    1E1A0        A     E909       0
                intcode_body                      191FA    191FA      3A4     8000       0
                text132                           1DD06    1DD06       32     E909       0
                text131                           1BB36    1BB36       E4     8000       0
                text129                           1D2E4    1D2E4       66     E909       0
                text128                           1DF90    1DF90       20     E909       0
                text127                           1DC36    1DC36       36     E909       0
                text126                           1D8E6    1D8E6       52     E909       0
                text125                           1E08E    1E08E       14     E909       0
                text124                           1E07A    1E07A       14     E909       0
                text123                           1E066    1E066       14     E909       0
                text122                           1DFB0    1DFB0       1E     E909       0
                text121                           1C8F4    1C8F4       B8     8000       0
                text120                           16FD2    16FD2      4BC     8000       0
                text119                           1E114    1E114       12     E909       0
                text118                           1E102    1E102       12     E909       0
                text117                           1DD68    1DD68       30     E909       0
                text116                           1DFCE    1DFCE       1C     E909       0
                text115                           1DE6E    1DE6E       28     E909       0
                text114                           1E052    1E052       14     E909       0
                text113                           1DE1C    1DE1C       2A     E909       0
                text112                           1E01E    1E01E       1A     E909       0
                text111                           1DD98    1DD98       2E     E909       0
                text110                           1E0F0    1E0F0       12     E909       0
                text109                           1D532    1D532       5E     E909       0
                text108                           1E0DE    1E0DE       12     E909       0
                text107                           1DB7E    1DB7E       40     E909       0
                text106                           1DF70    1DF70       20     E909       0
                text105                           1C776    1C776       C6     8000       0
                text104                           1BEB0    1BEB0       DA     8000       0
                text103                           1DCA0    1DCA0       34     E909       0
                text102                           1DC6C    1DC6C       34     E909       0
                text101                           1D7EE    1D7EE       54     E909       0
                text100                           1C522    1C522       C8     8000       0
                text99                            1D79A    1D79A       54     E909       0
                text98                            1C9AC    1C9AC       B2     8000       0
                text97                            1D0C0    1D0C0       76     8000       0
                text96                            1DCD4    1DCD4       32     E909       0
                text95                            1DE46    1DE46       28     E909       0
                text94                            1862E    1862E      42A     8000       0
                text93                            1DD38    1DD38       30     E909       0
                text92                            1BA52    1BA52       E4     8000       0
                text91                            181F4    181F4      43A     8000       0
                text90                            1E004    1E004       1A     E909       0
                text89                            1DAF4    1DAF4       48     E909       0
                text88                            1D894    1D894       52     E909       0
                text87                            18E2A    18E2A      3D0     8000       0
                text86                            1D69C    1D69C       56     E909       0
                text85                            1E176    1E176        E     E909       0
                text84                            1DFEA    1DFEA       1A     E909       0
                text83                            1DAAC    1DAAC       48     E909       0
                text82                            1D644    1D644       58     E909       0
                text81                            10000    10000     10D0     8000       0
                text80                            1E1AA    1E1AA        2     E909       0
                text79                            1C136    1C136       CC     8000       0
                text78                            1BC1A    1BC1A       DE     8000       0
                text77                            1B138    1B138      18A     8000       0
                text76                            1B440    1B440      166     8000       0
                text75                            1DB3C    1DB3C       42     E909       0
                text74                            1DA64    1DA64       48     E909       0
                text73                            1DBFC    1DBFC       3A     E909       0
                text72                            1C45A    1C45A       C8     8000       0
                text71                            198A4    198A4      2EA     8000       0
                text70                            1A09C    1A09C      24A     8000       0
                text69                            1D136    1D136       6E     8000       0
                text68                            1D746    1D746       54     E909       0
                text67                            17928    17928      492     8000       0
                text66                            1B2C2    1B2C2      17E     8000       0
                text65                            1CC50    1CC50       A0     8000       0
                text64                            1C83C    1C83C       B8     8000       0
                text63                            1DEBE    1DEBE       26     E909       0
                text62                            1D3AE    1D3AE       64     E909       0
                text61                            15D58    15D58      6F6     8000       0
                text60                            1C060    1C060       D6     8000       0
                text59                            1BF8A    1BF8A       D6     8000       0
                text58                            1CB08    1CB08       A6     8000       0
                text57                            1C392    1C392       C8     8000       0
                text56                            1565A    1565A      6FE     8000       0
                text55                            1D34A    1D34A       64     E909       0
                text54                            110D0    110D0      EFA     8000       0
                text53                            1B5A6    1B5A6      138     8000       0
                text52                            1DF2C    1DF2C       22     E909       0
                text51                            1E168    1E168        E     E909       0
                text50                            1E15A    1E15A        E     E909       0
                text49                            1BDD4    1BDD4       DC     8000       0
                text48                            1959E    1959E      306     8000       0
                text47                            1AE14    1AE14      196     8000       0
                text46                            1C6B0    1C6B0       C6     8000       0
                text45                            1CA5E    1CA5E       AA     8000       0
                text44                            14558    14558      988     8000       0
                text43                            1A8F8    1A8F8      1C0     8000       0
                text42                            1AC66    1AC66      1AE     8000       0
                text41                            1DA1C    1DA1C       48     E909       0
                text40                            1C2CA    1C2CA       C8     8000       0
                text39                            1B810    1B810      126     8000       0
                text38                            18A58    18A58      3D2     8000       0
                text37                            1D938    1D938       4E     E909       0
                text36                            16AA6    16AA6      52C     8000       0
                text35                            17DBA    17DBA      43A     8000       0
                text34                            1D842    1D842       52     E909       0
                text33                            1CEAA    1CEAA       8E     8000       0
                text32                            1CFBE    1CFBE       82     8000       0
                text31                            1A51A    1A51A      1F6     8000       0
                text30                            1D6F2    1D6F2       54     E909       0
                text29                            19E44    19E44      258     8000       0
                text28                            1AFAA    1AFAA      18E     8000       0
                text27                            12DFA    12DFA      CA8     8000       0
                text26                            1644E    1644E      658     8000       0
                text25                            1D4D2    1D4D2       60     E909       0
                text24                            14EE0    14EE0      77A     8000       0
                text23                            1D472    1D472       60     E909       0
                text22                            1BCF8    1BCF8       DC     8000       0
                text21                            1D27E    1D27E       66     E909       0
                text20                            1D9D4    1D9D4       48     E909       0
                text19                            1DBBE    1DBBE       3E     E909       0
                text18                            1CBAE    1CBAE       A2     8000       0
                text17                            1A710    1A710      1E8     8000       0
                text16                            1D212    1D212       6C     E909       0
                text15                            1D040    1D040       80     8000       0
                text14                            1DDF2    1DDF2       2A     E909       0
                text13                            1CCF0    1CCF0       9E     8000       0
                text12                            1D590    1D590       5A     E909       0
                text11                            1D412    1D412       60     E909       0
                text10                            1CE1C    1CE1C       8E     8000       0
                text9                             1CD8E    1CD8E       8E     8000       0
                text8                             19B8E    19B8E      2B6     8000       0
                text7                             1B6DE    1B6DE      132     8000       0
                text6                             1748E    1748E      49A     8000       0
                text5                             1AAB8    1AAB8      1AE     8000       0
                text4                             1CF38    1CF38       86     8000       0
                text3                             11FCA    11FCA      E30     8000       0
                text2                             1B936    1B936      11C     8000       0
                text1                             13AA2    13AA2      AB6     8000       0
                text0                             1A2E6    1A2E6      234     8000       0
                cstackCOMRAM                         2A       2A       1F        1       1
                cstackBANK0                          60       60       69       60       1
                cstackBANK1                         1FD      1FD        3      100       1
                cstackBANK2                         2F7      2F7        9      200       1
                cstackBANK3                         3E8      3E8       18      300       1
                cstackBANK4                         4C8      4C8        A      400       1
                bssBIGRAM                           4D2      4D2      2D0      4D2       1
                bssBANK4                            400      400       C8      400       1
                dataBANK3                           300      300       C8      300       1
                bssBANK3                            3C8      3C8       20      300       1
                dataBANK2                           2D3      2D3       24      200       1
                bssBANK2                            200      200       D3      200       1
                dataBANK1                           190      190       6D      100       1
                bssBANK1                            100      100       90      100       1
                bssBANK0                             C9       C9       21       60       1
                bssCOMRAM                             1        1       29        1       1
                cinit                             1C5EA    1C5EA       C6     8000       0
                idataBANK3                        1C202    1C202       C8     8000       0
                idataBANK2                        1DEE4    1DEE4       24     E909       0
                idataBANK1                        1D1A4    1D1A4       6D     8000       0

TOTAL           Name                               Link     Load   Length     Space
        CLASS   CODE           
                intcodelo                            18       18      5FE         0
                intcode                               8        8        6         0
                init                                616      616        4         0
                reset_vec                             0        0        4         0
                text149                           1E0CA    1E0CA       14         0
                text148                           1E0B6    1E0B6       14         0
                text147                           1E138    1E138       12         0
                text146                           1E126    1E126       12         0
                text145                           1DDC6    1DDC6       2C         0
                text144                           1E038    1E038       1A         0
                text143                           1DF4E    1DF4E       22         0
                text142                           1E14A    1E14A       10         0
                text141                           1DF08    1DF08       24         0
                text140                           1E0A2    1E0A2       14         0
                text139                           1DE96    1DE96       28         0
                text138                           1E192    1E192        E         0
                text137                           1E184    1E184        E         0
                text136                           1D986    1D986       4E         0
                text135                           1D5EA    1D5EA       5A         0
                text134                           1E1A0    1E1A0        A         0
                intcode_body                      191FA    191FA      3A4         0
                text132                           1DD06    1DD06       32         0
                text131                           1BB36    1BB36       E4         0
                text129                           1D2E4    1D2E4       66         0
                text128                           1DF90    1DF90       20         0
                text127                           1DC36    1DC36       36         0
                text126                           1D8E6    1D8E6       52         0
                text125                           1E08E    1E08E       14         0
                text124                           1E07A    1E07A       14         0
                text123                           1E066    1E066       14         0
                text122                           1DFB0    1DFB0       1E         0
                text121                           1C8F4    1C8F4       B8         0
                text120                           16FD2    16FD2      4BC         0
                text119                           1E114    1E114       12         0
                text118                           1E102    1E102       12         0
                text117                           1DD68    1DD68       30         0
                text116                           1DFCE    1DFCE       1C         0
                text115                           1DE6E    1DE6E       28         0
                text114                           1E052    1E052       14         0
                text113                           1DE1C    1DE1C       2A         0
                text112                           1E01E    1E01E       1A         0
                text111                           1DD98    1DD98       2E         0
                text110                           1E0F0    1E0F0       12         0
                text109                           1D532    1D532       5E         0
                text108                           1E0DE    1E0DE       12         0
                text107                           1DB7E    1DB7E       40         0
                text106                           1DF70    1DF70       20         0
                text105                           1C776    1C776       C6         0
                text104                           1BEB0    1BEB0       DA         0
                text103                           1DCA0    1DCA0       34         0
                text102                           1DC6C    1DC6C       34         0
                text101                           1D7EE    1D7EE       54         0
                text100                           1C522    1C522       C8         0
                text99                            1D79A    1D79A       54         0
                text98                            1C9AC    1C9AC       B2         0
                text97                            1D0C0    1D0C0       76         0
                text96                            1DCD4    1DCD4       32         0
                text95                            1DE46    1DE46       28         0
                text94                            1862E    1862E      42A         0
                text93                            1DD38    1DD38       30         0
                text92                            1BA52    1BA52       E4         0
                text91                            181F4    181F4      43A         0
                text90                            1E004    1E004       1A         0
                text89                            1DAF4    1DAF4       48         0
                text88                            1D894    1D894       52         0
                text87                            18E2A    18E2A      3D0         0
                text86                            1D69C    1D69C       56         0
                text85                            1E176    1E176        E         0
                text84                            1DFEA    1DFEA       1A         0
                text83                            1DAAC    1DAAC       48         0
                text82                            1D644    1D644       58         0
                text81                            10000    10000     10D0         0
                text80                            1E1AA    1E1AA        2         0
                text79                            1C136    1C136       CC         0
                text78                            1BC1A    1BC1A       DE         0
                text77                            1B138    1B138      18A         0
                text76                            1B440    1B440      166         0
                text75                            1DB3C    1DB3C       42         0
                text74                            1DA64    1DA64       48         0
                text73                            1DBFC    1DBFC       3A         0
                text72                            1C45A    1C45A       C8         0
                text71                            198A4    198A4      2EA         0
                text70                            1A09C    1A09C      24A         0
                text69                            1D136    1D136       6E         0
                text68                            1D746    1D746       54         0
                text67                            17928    17928      492         0
                text66                            1B2C2    1B2C2      17E         0
                text65                            1CC50    1CC50       A0         0
                text64                            1C83C    1C83C       B8         0
                text63                            1DEBE    1DEBE       26         0
                text62                            1D3AE    1D3AE       64         0
                text61                            15D58    15D58      6F6         0
                text60                            1C060    1C060       D6         0
                text59                            1BF8A    1BF8A       D6         0
                text58                            1CB08    1CB08       A6         0
                text57                            1C392    1C392       C8         0
                text56                            1565A    1565A      6FE         0
                text55                            1D34A    1D34A       64         0
                text54                            110D0    110D0      EFA         0
                text53                            1B5A6    1B5A6      138         0
                text52                            1DF2C    1DF2C       22         0
                text51                            1E168    1E168        E         0
                text50                            1E15A    1E15A        E         0
                text49                            1BDD4    1BDD4       DC         0
                text48                            1959E    1959E      306         0
                text47                            1AE14    1AE14      196         0
                text46                            1C6B0    1C6B0       C6         0
                text45                            1CA5E    1CA5E       AA         0
                text44                            14558    14558      988         0
                text43                            1A8F8    1A8F8      1C0         0
                text42                            1AC66    1AC66      1AE         0
                text41                            1DA1C    1DA1C       48         0
                text40                            1C2CA    1C2CA       C8         0
                text39                            1B810    1B810      126         0
                text38                            18A58    18A58      3D2         0
                text37                            1D938    1D938       4E         0
                text36                            16AA6    16AA6      52C         0
                text35                            17DBA    17DBA      43A         0
                text34                            1D842    1D842       52         0
                text33                            1CEAA    1CEAA       8E         0
                text32                            1CFBE    1CFBE       82         0
                text31                            1A51A    1A51A      1F6         0
                text30                            1D6F2    1D6F2       54         0
                text29                            19E44    19E44      258         0
                text28                            1AFAA    1AFAA      18E         0
                text27                            12DFA    12DFA      CA8         0
                text26                            1644E    1644E      658         0
                text25                            1D4D2    1D4D2       60         0
                text24                            14EE0    14EE0      77A         0
                text23                            1D472    1D472       60         0
                text22                            1BCF8    1BCF8       DC         0
                text21                            1D27E    1D27E       66         0
                text20                            1D9D4    1D9D4       48         0
                text19                            1DBBE    1DBBE       3E         0
                text18                            1CBAE    1CBAE       A2         0
                text17                            1A710    1A710      1E8         0
                text16                            1D212    1D212       6C         0
                text15                            1D040    1D040       80         0
                text14                            1DDF2    1DDF2       2A         0
                text13                            1CCF0    1CCF0       9E         0
                text12                            1D590    1D590       5A         0
                text11                            1D412    1D412       60         0
                text10                            1CE1C    1CE1C       8E         0
                text9                             1CD8E    1CD8E       8E         0
                text8                             19B8E    19B8E      2B6         0
                text7                             1B6DE    1B6DE      132         0
                text6                             1748E    1748E      49A         0
                text5                             1AAB8    1AAB8      1AE         0
                text4                             1CF38    1CF38       86         0
                text3                             11FCA    11FCA      E30         0
                text2                             1B936    1B936      11C         0
                text1                             13AA2    13AA2      AB6         0
                text0                             1A2E6    1A2E6      234         0
                cinit                             1C5EA    1C5EA       C6         0
                idataBANK3                        1C202    1C202       C8         0
                idataBANK2                        1DEE4    1DEE4       24         0
                idataBANK1                        1D1A4    1D1A4       6D         0

        CLASS   CONST          

        CLASS   SMALLCONST     

        CLASS   MEDIUMCONST    
                mediumconst                        EAC2     EAC2     153E         0

        CLASS   COMRAM         
                temp                                 49       49        1         1
                cstackCOMRAM                         2A       2A       1F         1
                bssCOMRAM                             1        1       29         1

        CLASS   ABS1           

        CLASS   BIGRAM         
                bssBIGRAM                           4D2      4D2      2D0         1

        CLASS   RAM            

        CLASS   BANK0          
                cstackBANK0                          60       60       69         1
                bssBANK0                             C9       C9       21         1

        CLASS   BANK1          
                cstackBANK1                         1FD      1FD        3         1
                dataBANK1                           190      190       6D         1
                bssBANK1                            100      100       90         1

        CLASS   BANK2          
                cstackBANK2                         2F7      2F7        9         1
                dataBANK2                           2D3      2D3       24         1
                bssBANK2                            200      200       D3         1

        CLASS   BANK3          
                cstackBANK3                         3E8      3E8       18         1
                dataBANK3                           300      300       C8         1
                bssBANK3                            3C8      3C8       20         1

        CLASS   BANK4          
                cstackBANK4                         4C8      4C8        A         1
                bssBANK4                            400      400       C8         1

        CLASS   BANK5          

        CLASS   BANK6          

        CLASS   BANK7          

        CLASS   BANK8          

        CLASS   BANK9          

        CLASS   BANK10         

        CLASS   BANK11         

        CLASS   BANK12         

        CLASS   BANK13         

        CLASS   SFR            

        CLASS   BIGSFR         

        CLASS   CONFIG         
                config                           300000   300000        C         4

        CLASS   IDLOC          
                idloc                            200000   200000       10         5

        CLASS   EEDATA         
                eeprom_data                      310000   310000      3C0         0

        CLASS   FARRAM         

        CLASS   HEAP           

        CLASS   STACK          



SEGMENTS        Name                           Load    Length   Top    Selector   Space  Class

                reset_vec                      000000  000004  000004         0       0  CODE    
                bssCOMRAM                      000001  000049  00004A         1       1  COMRAM  
                intcode                        000008  000006  00000E         4       0  CODE    
                intcodelo                      000018  000602  00061A         C       0  CODE    
                cstackBANK0                    000060  00008A  0000EA        60       1  BANK0   
                bssBANK1                       000100  000100  000200       100       1  BANK1   
                bssBANK2                       000200  000100  000300       200       1  BANK2   
                dataBANK3                      000300  000100  000400       300       1  BANK3   
                bssBANK4                       000400  0000D2  0004D2       400       1  BANK4   
                bssBIGRAM                      0004D2  0002D0  0007A2       4D2       1  BIGRAM  
                mediumconst                    00EAC2  00153E  010000      7561       0  MEDIUMCO
                text81                         010000  00D211  01D211      8000       0  CODE    
                text16                         01D212  000F9A  01E1AC      E909       0  CODE    
                eeprom_data                    310000  0003C0  3103C0    310000       0  EEDATA  


UNUSED ADDRESS RANGES

        Name                Unused          Largest block    Delta
        BANK0            0000EA-0000FF               16
        BANK10           000A00-000AFF              100
        BANK11           000B00-000BFF              100
        BANK12           000C00-000CFF              100
        BANK13           000D00-000DE9               EA
        BANK7            0007A2-0007FF               5E
        BANK8            000800-0008FF              100
        BANK9            000900-0009FF              100
        BIGRAM           00004A-00005F               16
                         0000EA-0000FF               16
                         0007A2-000DE9              648
        BIGSFR           000DEF-000FFF              211
        CODE             000004-000007                4
                         00000E-000017                A
                         00061A-00EAC1             E4A8
                         01D211-01D211                1
                         01E1AC-01FFFF             1E54
        COMRAM           00004A-00005F               16
        CONST            000004-000007                4
                         00000E-000017                A
                         00061A-00EAC1             E4A8
                         01D211-01D211                1
                         01E1AC-01FFFF             1E54
        EEDATA           3103C0-3103FF               40
        MEDIUMCONST      000E00-00EAC1             DCC2
                         01D211-01D211                1
                         01E1AC-01FFFF             1E54
        RAM              0000EA-0000FF               16
                         0007A2-000DE9              100
        SFR              000DEF-000FFF              100
        SMALLCONST       000E00-00EAC1              100
                         01D211-01D211                1
                         01E1AC-01FFFF              100

                                  Symbol Table

?___aodiv                                                 cstackBANK0  000076
?___aomod                                                 cstackBANK0  000076
?___awdiv                                                 cstackBANK0  000076
?___awmod                                                 cstackBANK0  000088
?___lmul                                                  cstackBANK0  000076
?___lwdiv                                                 cstackBANK0  00007C
?___lwmod                                                 cstackBANK0  000076
?___wmul                                                  cstackBANK0  000076
?_abs                                                     cstackBANK0  000088
?_ctoa                                                    cstackBANK0  00007F
?_days                                                    cstackBANK0  00007B
?_dtoa                                                    cstackBANK0  000091
?_getADCResult                                            cstackBANK0  000076
?_pad                                                     cstackBANK0  000086
?_rand                                                    cstackBANK0  000082
?_readActiveSleepCountFromEeprom                          cstackBANK0  000079
?_readRemainingFertigationOnPeriodFromEeprom              cstackBANK0  000079
?_sprintf                                                 cstackBANK3  0003E8
?_strlen                                                  cstackBANK0  000076
?_strncmp                                                 cstackBANK0  000076
?_vfpfcnvrt                                               cstackBANK0  0000B5
?_vfprintf                                                cstackBANK2  0002F7
?i1_strncmp                                               cstackBANK0  000060
LCDpulseEnableNeg@_data                                   cstackBANK0  00007B
LCDwritePCF8574@value                                     cstackBANK0  00007A
_ADACQ                                                    (abs)        000F5C
_ADACT                                                    (abs)        000F56
_ADCAP                                                    (abs)        000F5D
_ADCON0bits                                               (abs)        000F60
_ADCON1                                                   (abs)        000F59
_ADCON2                                                   (abs)        000F5A
_ADCON3                                                   (abs)        000F5B
_ADPCH                                                    (abs)        000F5F
_ADREF                                                    (abs)        000F58
_ADRESH                                                   (abs)        000F64
_ADRESL                                                   (abs)        000F63
_ADRPT                                                    (abs)        000F66
_ANSELA                                                   (abs)        000E92
_ANSELB                                                   (abs)        000E9A
_ANSELD                                                   (abs)        000EA7
_ANSELE                                                   (abs)        000EAF
_ANSELF                                                   (abs)        000EB4
_ANSELG                                                   (abs)        000EBC
_BAUD1CON                                                 (abs)        000F9E
_BAUD3CON                                                 (abs)        000EF0
_BSR                                                      (abs)        000FE0
_CCP1CONbits                                              (abs)        000FAB
_CCP2CONbits                                              (abs)        000FA7
_CCP3CONbits                                              (abs)        000F26
_CCP4CONbits                                              (abs)        000F22
_CCPR1                                                    (abs)        000FA9
_CCPR2                                                    (abs)        000FA5
_CCPR3                                                    (abs)        000F24
_CCPR4                                                    (abs)        000F20
_CCPTMRS0bits                                             (abs)        000FAD
_CPUDOZEbits                                              (abs)        000E42
_DeviceBurnStatus                                         bssCOMRAM    00000D
_INLVLA                                                   (abs)        000E8E
_INLVLB                                                   (abs)        000E96
_INLVLC                                                   (abs)        000E9E
_INLVLD                                                   (abs)        000EA3
_INLVLE                                                   (abs)        000EAB
_INLVLF                                                   (abs)        000EB0
_INLVLG                                                   (abs)        000EB8
_INLVLH                                                   (abs)        000EBD
_INTCONbits                                               (abs)        000FF2
_IOCBF                                                    (abs)        000E93
_IOCBF0                                                   (abs)        007498
_IOCBN                                                    (abs)        000E94
_IOCBP                                                    (abs)        000E95
_IOCEF                                                    (abs)        000EA8
_IOCEN                                                    (abs)        000EA9
_IOCEP                                                    (abs)        000EAA
_IPR0bits                                                 (abs)        000E1F
_IPR3bits                                                 (abs)        000E22
_IPR4bits                                                 (abs)        000E23
_IPR5bits                                                 (abs)        000E24
_LATA                                                     (abs)        000F79
_LATB                                                     (abs)        000F7A
_LATC                                                     (abs)        000F7B
_LATD                                                     (abs)        000F7C
_LATE                                                     (abs)        000F7D
_LATF                                                     (abs)        000F7E
_LATG                                                     (abs)        000F7F
_LATH                                                     (abs)        000F80
_LCDpulseEnableNeg                                        text113      01DE1C
_LCDwritePCF8574                                          text114      01E052
_LoraConnectionFailed                                     bssBANK0     0000D5
_NVMADRH                                                  (abs)        000F75
_NVMADRL                                                  (abs)        000F74
_NVMCON1bits                                              (abs)        000F77
_NVMCON2                                                  (abs)        000F78
_NVMDAT                                                   (abs)        000F76
_ODCONA                                                   (abs)        000E90
_ODCONB                                                   (abs)        000E98
_ODCONC                                                   (abs)        000EA0
_ODCOND                                                   (abs)        000EA5
_ODCONE                                                   (abs)        000EAD
_ODCONF                                                   (abs)        000EB2
_ODCONG                                                   (abs)        000EBA
_ODCONH                                                   (abs)        000EBF
_OSCENbits                                                (abs)        000E47
_PCON0bits                                                (abs)        000FD7
_PIE0bits                                                 (abs)        000E29
_PIE3bits                                                 (abs)        000E2C
_PIE4bits                                                 (abs)        000E2D
_PIE5bits                                                 (abs)        000E2E
_PIR0bits                                                 (abs)        000E33
_PIR3bits                                                 (abs)        000E36
_PIR4bits                                                 (abs)        000E37
_PIR5bits                                                 (abs)        000E38
_PORTBbits                                                (abs)        000F8A
_PORTCbits                                                (abs)        000F8B
_PORTDbits                                                (abs)        000F8C
_PORTEbits                                                (abs)        000F8D
_PORTFbits                                                (abs)        000F8E
_PORTGbits                                                (abs)        000F8F
_PORTHbits                                                (abs)        000F90
_RC1REG                                                   (abs)        000F98
_RC1STA                                                   (abs)        000F9C
_RC1STAbits                                               (abs)        000F9C
_RC3PPS                                                   (abs)        000E65
_RC3REG                                                   (abs)        000EEA
_RC3STA                                                   (abs)        000EEE
_RC3STAbits                                               (abs)        000EEE
_RC4PPS                                                   (abs)        000E66
_RC6PPS                                                   (abs)        000E68
_RC7PPS                                                   (abs)        000E69
_RD5PPS                                                   (abs)        000E6F
_RD6PPS                                                   (abs)        000E70
_RE0PPS                                                   (abs)        000E72
_RE1PPS                                                   (abs)        000E73
_RG1PPS                                                   (abs)        000E83
_RG2PPS                                                   (abs)        000E84
_RG3PPS                                                   (abs)        000E85
_SLRCONA                                                  (abs)        000E8F
_SLRCONB                                                  (abs)        000E97
_SLRCONC                                                  (abs)        000E9F
_SLRCOND                                                  (abs)        000EA4
_SLRCONE                                                  (abs)        000EAC
_SLRCONF                                                  (abs)        000EB1
_SLRCONG                                                  (abs)        000EB9
_SLRCONH                                                  (abs)        000EBE
_SP1BRG                                                   (abs)        000F9A
_SP3BRG                                                   (abs)        000EEC
_SSP1ADD                                                  (abs)        000F92
_SSP1BUF                                                  (abs)        000F91
_SSP1CLKPPS                                               (abs)        000E19
_SSP1CON1                                                 (abs)        000F95
_SSP1CON2                                                 (abs)        000F96
_SSP1CON2bits                                             (abs)        000F96
_SSP1DATPPS                                               (abs)        000E1A
_SSP1STAT                                                 (abs)        000F94
_SSP1STATbits                                             (abs)        000F94
_SSP2ADD                                                  (abs)        000ED6
_SSP2BUF                                                  (abs)        000ED5
_SSP2CLKPPS                                               (abs)        000E1C
_SSP2CON1                                                 (abs)        000ED9
_SSP2CON2                                                 (abs)        000EDA
_SSP2CON2bits                                             (abs)        000EDA
_SSP2DATPPS                                               (abs)        000E1D
_SSP2STAT                                                 (abs)        000ED8
_SSP2STATbits                                             (abs)        000ED8
_SmsAU1                                                   mediumconst  00EE87
_SmsAU2                                                   mediumconst  00EB7B
_SmsAU3                                                   mediumconst  00EE9E
_SmsAU4                                                   mediumconst  00EB03
_SmsConnect                                               mediumconst  00EEDA
_SmsDR1                                                   mediumconst  00EF87
_SmsDR2                                                   mediumconst  00F00C
_SmsDR3                                                   mediumconst  00F0F0
_SmsDR4                                                   mediumconst  00F084
_SmsFact1                                                 mediumconst  00EEEB
_SmsFert1                                                 mediumconst  00EAC3
_SmsFert2                                                 mediumconst  00EB43
_SmsFert3                                                 mediumconst  00ED70
_SmsFert4                                                 mediumconst  00ED4D
_SmsFert5                                                 mediumconst  00F740
_SmsFert6                                                 mediumconst  00F71E
_SmsFert7                                                 mediumconst  00F323
_SmsFert8                                                 mediumconst  00F427
_SmsFilt1                                                 mediumconst  00EE25
_SmsFilt2                                                 mediumconst  00EDD2
_SmsFilt3                                                 mediumconst  00ED92
_SmsFilt4                                                 mediumconst  00EE0A
_SmsIrr1                                                  mediumconst  00ED06
_SmsIrr10                                                 mediumconst  00ECE2
_SmsIrr2                                                  mediumconst  00EBDF
_SmsIrr3                                                  mediumconst  00ECBA
_SmsIrr4                                                  mediumconst  00F7C5
_SmsIrr5                                                  mediumconst  00F7A4
_SmsIrr6                                                  mediumconst  00F463
_SmsIrr7                                                  mediumconst  00F814
_SmsIrr8                                                  mediumconst  00F5B7
_SmsIrr9                                                  mediumconst  00F584
_SmsMS1                                                   mediumconst  00F3AF
_SmsMS2                                                   mediumconst  00EC0F
_SmsMS3                                                   mediumconst  00EC92
_SmsMotor1                                                mediumconst  00F4DA
_SmsMotor2                                                mediumconst  00ED2A
_SmsMotor3                                                mediumconst  00F67D
_SmsMotor4                                                mediumconst  00EBAE
_SmsPh1                                                   mediumconst  00F64E
_SmsPh2                                                   mediumconst  00F36A
_SmsPh3                                                   mediumconst  00EE40
_SmsPh6                                                   mediumconst  00EEB4
_SmsPwd1                                                  mediumconst  00EDB2
_SmsPwd2                                                  mediumconst  00EE70
_SmsPwd3                                                  mediumconst  00EE59
_SmsRTC1                                                  mediumconst  00F5EA
_SmsRTC2                                                  mediumconst  00EC69
_SmsRTC3                                                  mediumconst  00F54C
_SmsRTC4                                                  mediumconst  00F514
_SmsSR01                                                  mediumconst  00F3EB
_SmsSR02                                                  mediumconst  00F1A9
_SmsSR03                                                  mediumconst  00F244
_SmsSR04                                                  mediumconst  00F1F7
_SmsSR05                                                  mediumconst  00F157
_SmsSR06                                                  mediumconst  00F2D9
_SmsSR07                                                  mediumconst  00F28F
_SmsSR08                                                  mediumconst  00F6D5
_SmsSR09                                                  mediumconst  00F7E6
_SmsSR10                                                  mediumconst  00F6FA
_SmsSR11                                                  mediumconst  00F6AC
_SmsSR12                                                  mediumconst  00F783
_SmsSR13                                                  mediumconst  00F762
_SmsSR14                                                  mediumconst  00F49F
_SmsSR15                                                  mediumconst  00F61C
_SmsT1                                                    mediumconst  00EDEF
_SmsT2                                                    mediumconst  00F805
_SmsTest                                                  mediumconst  00EEC7
_T0CON0                                                   (abs)        000FD5
_T0CON0bits                                               (abs)        000FD5
_T0CON1                                                   (abs)        000FD6
_T1CON                                                    (abs)        000FCF
_T1CONbits                                                (abs)        000FCF
_T2CLKCONbits                                             (abs)        000FBF
_T2CONbits                                                (abs)        000FBD
_T2PR                                                     (abs)        000FBC
_T2TMR                                                    (abs)        000FBB
_T3CON                                                    (abs)        000FC9
_T3CONbits                                                (abs)        000FC9
_TMR0H                                                    (abs)        000FD4
_TMR0L                                                    (abs)        000FD3
_TMR1CLK                                                  (abs)        000FD2
_TMR1H                                                    (abs)        000FCE
_TMR1L                                                    (abs)        000FCD
_TMR3CLK                                                  (abs)        000FCC
_TMR3H                                                    (abs)        000FC8
_TMR3L                                                    (abs)        000FC7
_TRISA                                                    (abs)        000F81
_TRISB                                                    (abs)        000F82
_TRISC                                                    (abs)        000F83
_TRISD                                                    (abs)        000F84
_TRISE                                                    (abs)        000F85
_TRISF                                                    (abs)        000F86
_TRISG                                                    (abs)        000F87
_TRISH                                                    (abs)        000F88
_TX1REG                                                   (abs)        000F99
_TX1STA                                                   (abs)        000F9D
_TX3REG                                                   (abs)        000EEB
_TX3STA                                                   (abs)        000EEF
_Timer0Overflow                                           bssCOMRAM    000019
_Timer1Overflow                                           bssBANK1     00014E
_Timer3Overflow                                           bssBANK1     00014D
_WDTCON0bits                                              (abs)        000E3D
_WPUA                                                     (abs)        000E91
_WPUB                                                     (abs)        000E99
_WPUC                                                     (abs)        000EA1
_WPUD                                                     (abs)        000EA6
_WPUE                                                     (abs)        000EAE
_WPUF                                                     (abs)        000EB3
_WPUG                                                     (abs)        000EBB
_WPUH                                                     (abs)        000EC0
__HRAM                                                    (abs)        000000
__Habs1                                                   abs1         000000
__Hbank0                                                  bank0        000000
__Hbank1                                                  bank1        000000
__Hbank10                                                 bank10       000000
__Hbank11                                                 bank11       000000
__Hbank12                                                 bank12       000000
__Hbank13                                                 bank13       000000
__Hbank2                                                  bank2        000000
__Hbank3                                                  bank3        000000
__Hbank4                                                  bank4        000000
__Hbank5                                                  bank5        000000
__Hbank6                                                  bank6        000000
__Hbank7                                                  bank7        000000
__Hbank8                                                  bank8        000000
__Hbank9                                                  bank9        000000
__Hbigbss                                                 bigbss       000000
__Hbigdata                                                bigdata      000000
__Hbigram                                                 bigram       000000
__Hbigsfr                                                 bigsfr       000000
__Hbss                                                    bss          000000
__HbssBANK0                                               bssBANK0     000000
__HbssBANK1                                               bssBANK1     000000
__HbssBANK2                                               bssBANK2     000000
__HbssBANK3                                               bssBANK3     000000
__HbssBANK4                                               bssBANK4     000000
__HbssBIGRAM                                              bssBIGRAM    000000
__HbssCOMRAM                                              bssCOMRAM    000000
__Hcinit                                                  cinit        000000
__Hclrtext                                                clrtext      000000
__Hcomram                                                 comram       000000
__Hconfig                                                 config       30000C
__Hconst                                                  const        000000
__HcstackBANK0                                            cstackBANK0  000000
__HcstackBANK1                                            cstackBANK1  000000
__HcstackBANK2                                            cstackBANK2  000000
__HcstackBANK3                                            cstackBANK3  000000
__HcstackBANK4                                            cstackBANK4  000000
__HcstackCOMRAM                                           cstackCOMRAM 000000
__Hdata                                                   data         000000
__HdataBANK1                                              dataBANK1    000000
__HdataBANK2                                              dataBANK2    000000
__HdataBANK3                                              dataBANK3    000000
__Heeprom_data                                            eeprom_data  3103C0
__Hfarbss                                                 farbss       000000
__Hfardata                                                fardata      000000
__Hheap                                                   heap         000000
__Hibigdata                                               ibigdata     000000
__Hidata                                                  idata        000000
__HidataBANK1                                             idataBANK1   000000
__HidataBANK2                                             idataBANK2   000000
__HidataBANK3                                             idataBANK3   000000
__Hidloc                                                  idloc        200010
__Hifardata                                               ifardata     000000
__Hinit                                                   init         00061A
__Hintcode                                                intcode      00000E
__Hintcode_body                                           intcode_body 000000
__Hintcodelo                                              intcodelo    000616
__Hintentry                                               intentry     000000
__Hintret                                                 intret       000000
__Hintsave_regs                                           intsave_regs 000000
__Hirdata                                                 irdata       000000
__Hmediumconst                                            mediumconst  010000
__HnvFARRAM                                               nvFARRAM     000000
__Hnvbit                                                  nvbit        000000
__Hnvrram                                                 nvrram       000000
__Hparam                                                  rparam       000000
__Hpowerup                                                powerup      000616
__Hram                                                    ram          000000
__Hramtop                                                 ramtop       000E00
__Hrbit                                                   rbit         000000
__Hrbss                                                   rbss         000000
__Hrdata                                                  rdata        000000
__Hreset_vec                                              reset_vec    000004
__Hrparam                                                 rparam       000000
__Hsfr                                                    sfr          000000
__Hsmallconst                                             smallconst   000000
__Hspace_0                                                (abs)        3103C0
__Hspace_1                                                (abs)        0007A2
__Hspace_2                                                (abs)        000000
__Hspace_4                                                (abs)        60000C
__Hstack                                                  stack        000000
__Hstruct                                                 struct       000000
__Htemp                                                   temp         00004A
__Htext                                                   text         000000
__Htext0                                                  text0        000000
__Htext1                                                  text1        000000
__Htext10                                                 text10       000000
__Htext100                                                text100      000000
__Htext101                                                text101      000000
__Htext102                                                text102      000000
__Htext103                                                text103      000000
__Htext104                                                text104      000000
__Htext105                                                text105      000000
__Htext106                                                text106      000000
__Htext107                                                text107      000000
__Htext108                                                text108      000000
__Htext109                                                text109      000000
__Htext11                                                 text11       000000
__Htext110                                                text110      000000
__Htext111                                                text111      000000
__Htext112                                                text112      000000
__Htext113                                                text113      000000
__Htext114                                                text114      000000
__Htext115                                                text115      000000
__Htext116                                                text116      000000
__Htext117                                                text117      000000
__Htext118                                                text118      000000
__Htext119                                                text119      000000
__Htext12                                                 text12       000000
__Htext120                                                text120      000000
__Htext121                                                text121      000000
__Htext122                                                text122      000000
__Htext123                                                text123      000000
__Htext124                                                text124      000000
__Htext125                                                text125      000000
__Htext126                                                text126      000000
__Htext127                                                text127      000000
__Htext128                                                text128      000000
__Htext129                                                text129      000000
__Htext13                                                 text13       000000
__Htext131                                                text131      000000
__Htext132                                                text132      000000
__Htext134                                                text134      000000
__Htext135                                                text135      000000
__Htext136                                                text136      000000
__Htext137                                                text137      000000
__Htext138                                                text138      000000
__Htext139                                                text139      000000
__Htext14                                                 text14       000000
__Htext140                                                text140      000000
__Htext141                                                text141      000000
__Htext142                                                text142      000000
__Htext143                                                text143      000000
__Htext144                                                text144      000000
__Htext145                                                text145      000000
__Htext146                                                text146      000000
__Htext147                                                text147      000000
__Htext148                                                text148      000000
__Htext149                                                text149      000000
__Htext15                                                 text15       000000
__Htext16                                                 text16       000000
__Htext17                                                 text17       000000
__Htext18                                                 text18       000000
__Htext19                                                 text19       000000
__Htext2                                                  text2        000000
__Htext20                                                 text20       000000
__Htext21                                                 text21       000000
__Htext22                                                 text22       000000
__Htext23                                                 text23       000000
__Htext24                                                 text24       000000
__Htext25                                                 text25       000000
__Htext26                                                 text26       000000
__Htext27                                                 text27       000000
__Htext28                                                 text28       000000
__Htext29                                                 text29       000000
__Htext3                                                  text3        000000
__Htext30                                                 text30       000000
__Htext31                                                 text31       000000
__Htext32                                                 text32       000000
__Htext33                                                 text33       000000
__Htext34                                                 text34       000000
__Htext35                                                 text35       000000
__Htext36                                                 text36       000000
__Htext37                                                 text37       000000
__Htext38                                                 text38       000000
__Htext39                                                 text39       000000
__Htext4                                                  text4        000000
__Htext40                                                 text40       000000
__Htext41                                                 text41       000000
__Htext42                                                 text42       000000
__Htext43                                                 text43       000000
__Htext44                                                 text44       000000
__Htext45                                                 text45       000000
__Htext46                                                 text46       000000
__Htext47                                                 text47       000000
__Htext48                                                 text48       000000
__Htext49                                                 text49       000000
__Htext5                                                  text5        000000
__Htext50                                                 text50       000000
__Htext51                                                 text51       000000
__Htext52                                                 text52       000000
__Htext53                                                 text53       000000
__Htext54                                                 text54       000000
__Htext55                                                 text55       000000
__Htext56                                                 text56       000000
__Htext57                                                 text57       000000
__Htext58                                                 text58       000000
__Htext59                                                 text59       000000
__Htext6                                                  text6        000000
__Htext60                                                 text60       000000
__Htext61                                                 text61       000000
__Htext62                                                 text62       000000
__Htext63                                                 text63       000000
__Htext64                                                 text64       000000
__Htext65                                                 text65       000000
__Htext66                                                 text66       000000
__Htext67                                                 text67       000000
__Htext68                                                 text68       000000
__Htext69                                                 text69       000000
__Htext7                                                  text7        000000
__Htext70                                                 text70       000000
__Htext71                                                 text71       000000
__Htext72                                                 text72       000000
__Htext73                                                 text73       000000
__Htext74                                                 text74       000000
__Htext75                                                 text75       000000
__Htext76                                                 text76       000000
__Htext77                                                 text77       000000
__Htext78                                                 text78       000000
__Htext79                                                 text79       000000
__Htext8                                                  text8        000000
__Htext80                                                 text80       000000
__Htext81                                                 text81       000000
__Htext82                                                 text82       000000
__Htext83                                                 text83       000000
__Htext84                                                 text84       000000
__Htext85                                                 text85       000000
__Htext86                                                 text86       000000
__Htext87                                                 text87       000000
__Htext88                                                 text88       000000
__Htext89                                                 text89       000000
__Htext9                                                  text9        000000
__Htext90                                                 text90       000000
__Htext91                                                 text91       000000
__Htext92                                                 text92       000000
__Htext93                                                 text93       000000
__Htext94                                                 text94       000000
__Htext95                                                 text95       000000
__Htext96                                                 text96       000000
__Htext97                                                 text97       000000
__Htext98                                                 text98       000000
__Htext99                                                 text99       000000
__LRAM                                                    (abs)        000001
__Labs1                                                   abs1         000000
__Lbank0                                                  bank0        000000
__Lbank1                                                  bank1        000000
__Lbank10                                                 bank10       000000
__Lbank11                                                 bank11       000000
__Lbank12                                                 bank12       000000
__Lbank13                                                 bank13       000000
__Lbank2                                                  bank2        000000
__Lbank3                                                  bank3        000000
__Lbank4                                                  bank4        000000
__Lbank5                                                  bank5        000000
__Lbank6                                                  bank6        000000
__Lbank7                                                  bank7        000000
__Lbank8                                                  bank8        000000
__Lbank9                                                  bank9        000000
__Lbigbss                                                 bigbss       000000
__Lbigdata                                                bigdata      000000
__Lbigram                                                 bigram       000000
__Lbigsfr                                                 bigsfr       000000
__Lbss                                                    bss          000000
__LbssBANK0                                               bssBANK0     000000
__LbssBANK1                                               bssBANK1     000000
__LbssBANK2                                               bssBANK2     000000
__LbssBANK3                                               bssBANK3     000000
__LbssBANK4                                               bssBANK4     000000
__LbssBIGRAM                                              bssBIGRAM    000000
__LbssCOMRAM                                              bssCOMRAM    000000
__Lcinit                                                  cinit        000000
__Lclrtext                                                clrtext      000000
__Lcomram                                                 comram       000000
[...]
sendSms@phoneNumber                                       cstackBANK0  000090
setGsmToLocalTime@i                                       cstackBANK0  000095
setGsmToLocalTime@i_4430                                  cstackBANK0  000097
sprintf@ap                                                cstackBANK3  0003F0
sprintf@f                                                 cstackBANK3  0003F2
sprintf@fmt                                               cstackBANK3  0003EA
sprintf@s                                                 cstackBANK3  0003E8
srand@s                                                   cstackBANK0  000076
stackhi                                                   (abs)        000000
stacklo                                                   (abs)        000000
start                                                     init         000616
start_initialization                                      cinit        01C5EA
strlen@a                                                  cstackBANK0  000078
strlen@s                                                  cstackBANK0  000076
strncmp@_l                                                cstackBANK0  000076
strncmp@_r                                                cstackBANK0  000078
strncmp@l                                                 cstackBANK0  00007D
strncmp@n                                                 cstackBANK0  00007A
strncmp@r                                                 cstackBANK0  00007F
strncpy@cp                                                cstackBANK0  00007C
strncpy@d                                                 cstackBANK0  000076
strncpy@n                                                 cstackBANK0  00007A
strncpy@s                                                 cstackBANK0  000078
transmitNumberToGSM@index                                 cstackBANK0  000079
transmitNumberToGSM@j                                     cstackBANK0  00007B
transmitNumberToGSM@number                                cstackBANK0  000077
transmitNumberToLora@index                                cstackBANK0  000079
transmitNumberToLora@j                                    cstackBANK0  00007B
transmitNumberToLora@number                               cstackBANK0  000077
transmitStringToGSM@string                                cstackBANK0  000077
transmitStringToLora@string                               cstackBANK0  000077
ttemp5                                                    temp         00004A
ttemp6                                                    temp         00004D
ttemp7                                                    temp         000051
txByte@serialData                                         cstackBANK0  000076
txByteLora@serialData                                     cstackBANK0  000076
vfpfcnvrt@ap                                              cstackBANK0  0000B9
vfpfcnvrt@c                                               cstackBANK0  0000C5
vfpfcnvrt@fmt                                             cstackBANK0  0000B7
vfpfcnvrt@fp                                              cstackBANK0  0000B5
vfpfcnvrt@ll                                              cstackBANK0  0000BD
vfprintf@ap                                               cstackBANK2  0002FB
vfprintf@cfmt                                             cstackBANK0  0000C6
vfprintf@fmt                                              cstackBANK2  0002F9
vfprintf@fp                                               cstackBANK2  0002F7
wtemp8                                                    temp         00004A


MODULE INFORMATION

Module		Function		Class		Link	Load	Size
C:\Program Files\Microchip\xc8\v2.35\pic\sources\c99\common\putch.c
		_putch         		CODE           	1E1AA	0000	2

C:\Program Files\Microchip\xc8\v2.35\pic\sources\c99\common\putch.c estimated size: 2

C:\Program Files\Microchip\xc8\v2.35\pic\sources\c99\common\rand.c
		_srand         		CODE           	1DDF2	0000	42
		_rand          		CODE           	1D040	0000	128

C:\Program Files\Microchip\xc8\v2.35\pic\sources\c99\common\rand.c estimated size: 170

gsmTest.c
		_configureGSM  		CODE           	1AE14	0000	406
		_checkSignalStrength		CODE           	17DBA	0000	1082
		_sendSms       		CODE           	10000	0000	4304
		_deleteMsgFromSIMStorage		CODE           	1D938	0000	78
		_rxByte        		CODE           	1E0CA	0000	20
		_txByte        		CODE           	1DFEA	0000	26
		_setGsmToLocalTime		CODE           	1AAB8	0000	430
		_transmitStringToGSM		CODE           	1D644	0000	88
		_transmitNumberToGSM		CODE           	1DAAC	0000	72

gsmTest.c estimated size: 6506

controllerActions_Test.c
		_isNumber      		CODE           	1DD38	0000	48
		_deleteValveData		CODE           	19E44	0000	600
		_doLowPhaseAction		CODE           	1A8F8	0000	448
		_doDryRunAction		CODE           	14558	0000	2440
		_isFieldMoistureSensorWetLora		CODE           	1CC50	0000	160
		_deleteUserData		CODE           	1CFBE	0000	130
		_fetchFieldNo  		CODE           	1862E	0000	1066
		_isRTCBatteryDrained		CODE           	1BCF8	0000	220
		_actionsOnSleepCountFinish		CODE           	110D0	0000	3834
		_actionsOnSystemReset		CODE           	11FCA	0000	3632
		_deepSleep     		CODE           	18A58	0000	978
		_deleteDecodedString		CODE           	1DCD4	0000	50
		_setFactoryPincode		CODE           	1748E	0000	1178
		_calibrateMotorCurrent		CODE           	16AA6	0000	1324
		_days          		CODE           	1B936	0000	284
		_doPhaseFailureAction		CODE           	1AC66	0000	430
		_randomPasswordGeneration		CODE           	1CCF0	0000	158
		_configureController		CODE           	1959E	0000	774
		_deActivateValve		CODE           	1B2C2	0000	382
		_getDateFromGSM		CODE           	1A710	0000	488
		_powerOffMotor 		CODE           	1C6B0	0000	198
		_actionsOnDueValve		CODE           	15D58	0000	1782
		_checkResetType		CODE           	1B5A6	0000	312
		_isMotorInNoLoad		CODE           	1B810	0000	294
		_scanValveScheduleAndGetSleepCount		CODE           	13AA2	0000	2742
		_phaseFailure  		CODE           	1D27E	0000	102
		_getDueDate    		CODE           	16FD2	0000	1212
		_activateValve 		CODE           	17928	0000	1170
		_hardResetMenu 		CODE           	14EE0	0000	1914
		_powerOnMotor  		CODE           	1C83C	0000	184

controllerActions_Test.c estimated size: 28534

C:\Program Files\Microchip\xc8\v2.35\pic\sources\c99\common\aodiv.c
		___aodiv       		CODE           	1B138	0000	394

C:\Program Files\Microchip\xc8\v2.35\pic\sources\c99\common\aodiv.c estimated size: 394

C:\Program Files\Microchip\xc8\v2.35\pic\sources\c99\common\nf_sprintf.c
		_sprintf       		CODE           	1D746	0000	84

C:\Program Files\Microchip\xc8\v2.35\pic\sources\c99\common\nf_sprintf.c estimated size: 84

i2c.c
		_lcd_i2cWait   		CODE           	1DD68	0000	48
		_lcd_i2cStop   		CODE           	1E102	0000	18
		_lcd_i2cWrite  		CODE           	1DFCE	0000	28
		_lcd_i2cStart  		CODE           	1E114	0000	18
		_rtc_i2cRead   		CODE           	1D8E6	0000	82
		_rtc_i2cWait   		CODE           	1DC36	0000	54
		_rtc_i2cStop   		CODE           	1E066	0000	20
		_rtc_i2cWrite  		CODE           	1DFB0	0000	30
		_rtc_i2cStart  		CODE           	1E07A	0000	20
		_lcd_i2cWriteByteSingleReg		CODE           	1DE6E	0000	40
		_rtc_i2cRestart		CODE           	1E08E	0000	20

i2c.c estimated size: 378

C:\Program Files\Microchip\xc8\v2.35\pic\sources\c99\common\nf_fputc.c
		_fputc         		CODE           	1C136	0000	204

C:\Program Files\Microchip\xc8\v2.35\pic\sources\c99\common\nf_fputc.c estimated size: 204

C:\Program Files\Microchip\xc8\v2.35\pic\sources\c99\common\lwdiv.c
		___lwdiv       		CODE           	1D0C0	0000	118

C:\Program Files\Microchip\xc8\v2.35\pic\sources\c99\common\lwdiv.c estimated size: 118

C:\Program Files\Microchip\xc8\v2.35\pic\sources\c99\common\Umul16.c
		___wmul        		CODE           	1DE46	0000	40

C:\Program Files\Microchip\xc8\v2.35\pic\sources\c99\common\Umul16.c estimated size: 40

C:\Program Files\Microchip\xc8\v2.35\pic\sources\c99\common\awdiv.c
		___awdiv       		CODE           	1C776	0000	198

C:\Program Files\Microchip\xc8\v2.35\pic\sources\c99\common\awdiv.c estimated size: 198

C:\Program Files\Microchip\xc8\v2.35\pic\sources\c99\common\strncmp.c
		_strncmp       		CODE           	1BA52	0000	228

C:\Program Files\Microchip\xc8\v2.35\pic\sources\c99\common\strncmp.c estimated size: 228

C:\Program Files\Microchip\xc8\v2.35\pic\sources\c99\common\strncpy.c
		_strncpy       		CODE           	1CF38	0000	134

C:\Program Files\Microchip\xc8\v2.35\pic\sources\c99\common\strncpy.c estimated size: 134

eeprom.c
		_saveActiveSleepCountIntoEeprom		CODE           	1CB08	0000	166
		_readRemainingFertigationOnPeriodFromEeprom		CODE           	1BF8A	0000	214
		_saveIrrigationValveConfigurationStatusIntoEeprom		CODE           	1D6F2	0000	84
		_readValveDataFromEeprom		CODE           	12DFA	0000	3240
		_saveFertigationValveStatusIntoEeprom		CODE           	1C392	0000	200
		_saveMobileNoIntoEeprom		CODE           	1CEAA	0000	142
		_saveFieldMappingIntoEeprom		CODE           	1CD8E	0000	142
		_saveResetCountIntoEeprom		CODE           	1D4D2	0000	96
		_readResetCountFromEeprom		CODE           	1D9D4	0000	72
		_saveFactryPswrdIntoEeprom		CODE           	1CE1C	0000	142
		_eepromWrite   		CODE           	1DC6C	0000	52
		_saveMotorLoadValuesIntoEeprom		CODE           	1B6DE	0000	306
		_readFieldIrrigationValveNoFromEeprom		CODE           	1D3AE	0000	100
		_readActiveSleepCountFromEeprom		CODE           	1C060	0000	214
		_saveIrrigationValveValuesIntoEeprom		CODE           	19B8E	0000	694
		_saveIrrigationValveCycleStatusIntoEeprom		CODE           	1D7EE	0000	84
		_saveIrrigationValveNoIntoEeprom		CODE           	1D34A	0000	100
		_saveAuthenticationStatus		CODE           	1D842	0000	82
		_saveIrrigationValveOnOffStatusIntoEeprom		CODE           	1D79A	0000	84
		_saveIrrigationValveDueTimeIntoEeprom		CODE           	1C522	0000	200
		_saveFiltrationSequenceData		CODE           	1A51A	0000	502
		_saveFertigationValveValuesIntoEeprom		CODE           	1565A	0000	1790
		_saveDeviceProgramStatusIntoEeprom		CODE           	1D412	0000	96
		_saveRTCBatteryStatus		CODE           	1D472	0000	96
		_readMotorLoadValuesFromEeprom		CODE           	1AFAA	0000	398
		_readDeviceProgramStatusFromEeprom		CODE           	1D590	0000	90
		_saveRemainingFertigationOnPeriod		CODE           	1CA5E	0000	170
		_loadDataFromEeprom		CODE           	1644E	0000	1624
		_eepromRead    		CODE           	1DEBE	0000	38

eeprom.c estimated size: 11218

C:\Program Files\Microchip\xc8\v2.35\pic\sources\c99\common\abs.c
		_abs           		CODE           	1DB3C	0000	66

C:\Program Files\Microchip\xc8\v2.35\pic\sources\c99\common\abs.c estimated size: 66

C:\Program Files\Microchip\xc8\v2.35\pic\sources\c99\common\Umul32.c
		___lmul        		CODE           	1D212	0000	108

C:\Program Files\Microchip\xc8\v2.35\pic\sources\c99\common\Umul32.c estimated size: 108

shared
		_SmsDR1        		MEDIUMCONST    	EF87	0000	133
		_SmsSR11       		MEDIUMCONST    	F6AC	0000	41
		_SmsIrr1       		MEDIUMCONST    	ED06	0000	36
		_SmsIrr10      		MEDIUMCONST    	ECE2	0000	36
		_extract       		MEDIUMCONST    	EF1C	0000	8
		_SmsT2         		MEDIUMCONST    	F805	0000	15
		_SmsPwd3       		MEDIUMCONST    	EE59	0000	23
		_SmsDR4        		MEDIUMCONST    	F084	0000	108
		_SmsSR03       		MEDIUMCONST    	F244	0000	75
		i2_lcdCreateChar		CODE           	1D986	0000	78
		i2_lcdSend     		CODE           	1DE96	0000	40
		i2_lcd_i2cWait 		CODE           	1DDC6	0000	44
		i2_lcd_i2cStop 		CODE           	1E126	0000	18
		_SmsSR14       		MEDIUMCONST    	F49F	0000	59
		_SmsIrr4       		MEDIUMCONST    	F7C5	0000	33
		_map           		MEDIUMCONST    	EF76	0000	4
		_fdata         		MEDIUMCONST    	EF4F	0000	6
		_SmsSR06       		MEDIUMCONST    	F2D9	0000	74
		i1_deleteDecodedString		CODE           	1DD06	0000	50
		i1_strncmp     		CODE           	1BB36	0000	228
		_disable       		MEDIUMCONST    	EF2C	0000	8
		_SmsIrr7       		MEDIUMCONST    	F814	0000	15
		_SmsRTC2       		MEDIUMCONST    	EC69	0000	41
		_getfreq       		MEDIUMCONST    	EF14	0000	8
		_SmsTest       		MEDIUMCONST    	EEC7	0000	19
		_SmsPh2        		MEDIUMCONST    	F36A	0000	69
		_SmsSR09       		MEDIUMCONST    	F7E6	0000	31
		_SmsMotor1     		MEDIUMCONST    	F4DA	0000	58
		_SmsMotor2     		MEDIUMCONST    	ED2A	0000	35
		_SmsMotor3     		MEDIUMCONST    	F67D	0000	47
		_SmsMotor4     		MEDIUMCONST    	EBAE	0000	49
		i2_lcd_i2cWrite		CODE           	1E038	0000	26
		i2_lcd_i2cStart		CODE           	1E138	0000	18
		_feed          		MEDIUMCONST    	EF5A	0000	5
		_SmsFilt1      		MEDIUMCONST    	EE25	0000	27
		_SmsFilt2      		MEDIUMCONST    	EDD2	0000	29
		_SmsFilt3      		MEDIUMCONST    	ED92	0000	32
		_SmsFilt4      		MEDIUMCONST    	EE0A	0000	27
		_active        		MEDIUMCONST    	EF3B	0000	7
		_SmsAU1        		MEDIUMCONST    	EE87	0000	23
		_slave         		MEDIUMCONST    	F83D	0000	6
		_SmsAU4        		MEDIUMCONST    	EB03	0000	64
		_SmsMS2        		MEDIUMCONST    	EC0F	0000	46
		_SmsSR10       		MEDIUMCONST    	F6FA	0000	36
		_SmsPwd2       		MEDIUMCONST    	EE70	0000	23
		i2_lcdSetCursor		CODE           	1D5EA	0000	90
		_eepromAddress 		MEDIUMCONST    	EC3D	0000	44
		_SmsDR2        		MEDIUMCONST    	F00C	0000	120
		_SmsSR02       		MEDIUMCONST    	F1A9	0000	78
		_sensor        		MEDIUMCONST    	F823	0000	7
		_SmsSR13       		MEDIUMCONST    	F762	0000	33
		_enable        		MEDIUMCONST    	EF42	0000	7
		_SmsIrr3       		MEDIUMCONST    	ECBA	0000	40
		_countryCode   		MEDIUMCONST    	EF6E	0000	4
		_set           		MEDIUMCONST    	EF7A	0000	4
		_SmsSR05       		MEDIUMCONST    	F157	0000	82
		i2_lcdDataWrite		CODE           	1E184	0000	14
		_alive         		MEDIUMCONST    	F831	0000	6
		_cmti          		MEDIUMCONST    	EEFA	0000	14
		__initialization		CODE           	1C5EA	0000	188
		_SmsIrr6       		MEDIUMCONST    	F463	0000	60
		_SmsRTC1       		MEDIUMCONST    	F5EA	0000	50
		_SmsSR08       		MEDIUMCONST    	F6D5	0000	37
		_hook          		MEDIUMCONST    	EF69	0000	5
		_SmsPh3        		MEDIUMCONST    	EE40	0000	25
		_ok            		MEDIUMCONST    	EF81	0000	3
		_SmsIrr9       		MEDIUMCONST    	F584	0000	51
		_SmsRTC4       		MEDIUMCONST    	F514	0000	56
		_SmsPh6        		MEDIUMCONST    	EEB4	0000	19
		_dactive       		MEDIUMCONST    	EF24	0000	8
		_ct            		MEDIUMCONST    	EF7E	0000	3
		_on            		MEDIUMCONST    	F84B	0000	3
		_SmsConnect    		MEDIUMCONST    	EEDA	0000	17
		_SmsAU2        		MEDIUMCONST    	EB7B	0000	51
		_error         		MEDIUMCONST    	F837	0000	6
		_SmsFert1      		MEDIUMCONST    	EAC3	0000	64
		_SmsFert2      		MEDIUMCONST    	EB43	0000	56
		_SmsFert3      		MEDIUMCONST    	ED70	0000	34
		_SmsFert4      		MEDIUMCONST    	ED4D	0000	35
		_SmsFert5      		MEDIUMCONST    	F740	0000	34
		_SmsFert6      		MEDIUMCONST    	F71E	0000	34
		_SmsFert7      		MEDIUMCONST    	F323	0000	71
		_SmsFert8      		MEDIUMCONST    	F427	0000	60
		_idle          		MEDIUMCONST    	EF55	0000	5
		_SmsMS3        		MEDIUMCONST    	EC92	0000	40
		i2_lcdWriteChar		CODE           	1E1A0	0000	10
		_SmsPwd1       		MEDIUMCONST    	EDB2	0000	32
		_SmsSR01       		MEDIUMCONST    	F3EB	0000	60
		_inject        		MEDIUMCONST    	EF34	0000	7
		i2_lcdCommandWrite		CODE           	1E192	0000	14
		_SmsDR3        		MEDIUMCONST    	F0F0	0000	103
		_SmsSR12       		MEDIUMCONST    	F783	0000	33
		_SmsIrr2       		MEDIUMCONST    	EBDF	0000	48
		_SmsSR04       		MEDIUMCONST    	F1F7	0000	77
		i2_lcd_i2cWriteByteSingleReg		CODE           	1DF4E	0000	34
		_getct         		MEDIUMCONST    	EF49	0000	6
		_SmsSR15       		MEDIUMCONST    	F61C	0000	50
		_secret        		MEDIUMCONST    	EF08	0000	12
		_SmsIrr5       		MEDIUMCONST    	F7A4	0000	33
		_SmsFact1      		MEDIUMCONST    	EEEB	0000	15
		_hold          		MEDIUMCONST    	EF64	0000	5
		_master        		MEDIUMCONST    	F82A	0000	7
		_ack           		MEDIUMCONST    	F843	0000	4
		_off           		MEDIUMCONST    	F847	0000	4
		_SmsSR07       		MEDIUMCONST    	F28F	0000	74
		_SmsPh1        		MEDIUMCONST    	F64E	0000	47
		_SmsIrr8       		MEDIUMCONST    	F5B7	0000	51
		_SmsRTC3       		MEDIUMCONST    	F54C	0000	56
		_admin         		MEDIUMCONST    	EF84	0000	3
		_SmsT1         		MEDIUMCONST    	EDEF	0000	27
		_setct         		MEDIUMCONST    	EF72	0000	4
		_time          		MEDIUMCONST    	EF5F	0000	5
		i2_LCDwritePCF8574		CODE           	1E14A	0000	16
		i2_LCDpulseEnableNeg		CODE           	1DF08	0000	36
		i2_lcdWrite4Bits		CODE           	1E0A2	0000	20
		_SmsAU3        		MEDIUMCONST    	EE9E	0000	22
		_SmsMS1        		MEDIUMCONST    	F3AF	0000	60

shared estimated size: 4391

ADC.c
		_getADCResult  		CODE           	1DA1C	0000	72
		_selectChannel 		CODE           	1C2CA	0000	200

ADC.c estimated size: 272

i2c_LCD_PCF8574.c
		_lcdWriteStringIndex		CODE           	1DCA0	0000	52
		_lcdSetCursor  		CODE           	1D532	0000	94
		_lcdDisplayOn  		CODE           	1E15A	0000	14
		_LCDwritePCF8574		CODE           	1E052	0000	20
		_lcdDisplayOff 		CODE           	1E168	0000	14
		_LCDpulseEnableNeg		CODE           	1DE1C	0000	42
		_lcdClear      		CODE           	1DF2C	0000	34
		_lcdClearLine  		CODE           	1DF70	0000	32
		_lcdCommandWrite		CODE           	1E0F0	0000	18
		_lcdCreateChar 		CODE           	1D69C	0000	86
		_lcdWriteChar  		CODE           	1E176	0000	14
		_lcdInit       		CODE           	1BDD4	0000	220
		_lcdSend       		CODE           	1DD98	0000	46
		_lcdWrite4Bits 		CODE           	1E01E	0000	26
		_lcdDataWrite  		CODE           	1E0DE	0000	18
		_lcdWriteStringAtCenter		CODE           	1BEB0	0000	218
		_lcdWriteString		CODE           	1DB7E	0000	64

i2c_LCD_PCF8574.c estimated size: 1012

main_2_Test.c
		_timerInterrupt_handler		CODE           	0018	0000	1534
		_main          		CODE           	1A2E6	0000	564
		_rxANDiocInterrupt_handler		CODE           	0008	0000	938

main_2_Test.c estimated size: 3036

C:\Program Files\Microchip\xc8\v2.35\pic\sources\c99\common\strlen.c
		_strlen        		CODE           	1DBFC	0000	58

C:\Program Files\Microchip\xc8\v2.35\pic\sources\c99\common\strlen.c estimated size: 58

C:\Program Files\Microchip\xc8\v2.35\pic\sources\c99\common\aomod.c
		___aomod       		CODE           	1B440	0000	358

C:\Program Files\Microchip\xc8\v2.35\pic\sources\c99\common\aomod.c estimated size: 358

C:\Program Files\Microchip\xc8\v2.35\pic\sources\c99\common\nf_fputs.c
		_fputs         		CODE           	1DA64	0000	72

C:\Program Files\Microchip\xc8\v2.35\pic\sources\c99\common\nf_fputs.c estimated size: 72

loraTest.c
		_isLoraResponseAck		CODE           	181F4	0000	1082
		_rxByteLora    		CODE           	1E0B6	0000	20
		_txByteLora    		CODE           	1E004	0000	26
		_transmitStringToLora		CODE           	1D894	0000	82
		_transmitNumberToLora		CODE           	1DAF4	0000	72
		_sendCmdToLora 		CODE           	18E2A	0000	976

loraTest.c estimated size: 2258

i2c_RTC_DS1307.c
		_decimal2BCD   		CODE           	1DBBE	0000	62
		_bcd2Decimal   		CODE           	1DF90	0000	32
		_fetchTimefromRTC		CODE           	1C8F4	0000	184
		_feedTimeInRTC 		CODE           	1CBAE	0000	162

i2c_RTC_DS1307.c estimated size: 440

C:\Program Files\Microchip\xc8\v2.35\pic\sources\c99\common\lwmod.c
		___lwmod       		CODE           	1D2E4	0000	102

C:\Program Files\Microchip\xc8\v2.35\pic\sources\c99\common\lwmod.c estimated size: 102

C:\Program Files\Microchip\xc8\v2.35\pic\sources\c99\common\awmod.c
		___awmod       		CODE           	1C9AC	0000	178

C:\Program Files\Microchip\xc8\v2.35\pic\sources\c99\common\awmod.c estimated size: 178

C:\Program Files\Microchip\xc8\v2.35\pic\sources\c99\common\doprnt.c
		_vfpfcnvrt     		CODE           	1A09C	0000	586
		_pad           		CODE           	1C45A	0000	200
		_ctoa          		CODE           	1BC1A	0000	222
		_dtoa          		CODE           	198A4	0000	746
		_vfprintf      		CODE           	1D136	0000	110

C:\Program Files\Microchip\xc8\v2.35\pic\sources\c99\common\doprnt.c estimated size: 1864

