Microchip MPLAB XC8 Compiler V2.35

Linker command line:

-W-3 --edf=C:\Program Files\Microchip\xc8\v2.35\pic\dat\en_msgs.txt -cn \
  -h+dist/18f67k40_Test/debug\BJU_AutoIrri_Lora_DevBranch_New.X.debug.sym \
  --cmf=dist/18f67k40_Test/debug\BJU_AutoIrri_Lora_DevBranch_New.X.debug.cmf \
  -z -Q18F67K40 -oC:\Users\nandu\AppData\Local\Temp\xcAs1eo.4 \
  --defsym=__MPLAB_BUILD=1 \
  -Mdist/18f67k40_Test/debug/BJU_AutoIrri_Lora_DevBranch_New.X.debug.map \
  --md=C:\Users\nandu\AppData\Local\Temp\xcAs1eo.dat -E1 -ver=XC8 Compiler \
  --acfsm=1493 -ACODE=00h-01FFFFh -ACONST=00h-01FFFFh \
  -ASMALLCONST=0E00h-0EFFhx498 -AMEDIUMCONST=0E00h-0FFFFh,010E00h-01FFFFh \
  -ACOMRAM=01h-05Fh -AABS1=00h-0DE9h -ABIGRAM=01h-0DE9h \
  -ARAM=060h-0FFh,0100h-01FFhx12,0D00h-0DE9h -ABANK0=060h-0FFh \
  -ABANK1=0100h-01FFh -ABANK2=0200h-02FFh -ABANK3=0300h-03FFh \
  -ABANK4=0400h-04FFh -ABANK5=0500h-05FFh -ABANK6=0600h-06FFh \
  -ABANK7=0700h-07FFh -ABANK8=0800h-08FFh -ABANK9=0900h-09FFh \
  -ABANK10=0A00h-0AFFh -ABANK11=0B00h-0BFFh -ABANK12=0C00h-0CFFh \
  -ABANK13=0D00h-0DE9h \
  -ASFR=0DEFh-0DFFh,0E00h-0EFFh,0F00h-0F5Fh,0F60h-0FFFh \
  -ABIGSFR=0DEFh-0FFFh -ACONFIG=0300000h-030000Bh -AIDLOC=0200000h-020000Fh \
  -AEEDATA=0310000h-03103FFh -peeprom_data=EEDATA \
  -preset_vec=00h,intcode=08h,intcodelo=018h,powerup,init -pramtop=0E00h \
  -psmallconst=SMALLCONST -pmediumconst=MEDIUMCONST -pconst=CONST \
  -AFARRAM=00h-00h \
  -prdata=COMRAM,nvrram=COMRAM,nvbit=COMRAM,rbss=COMRAM,rbit=COMRAM \
  -pfarbss=FARRAM,fardata=FARRAM,nvFARRAM=FARRAM \
  -pintsave_regs=BIGRAM,bigbss=BIGRAM,bigdata=BIGRAM -pbss=RAM \
  -pidata=CODE,irdata=CODE,ibigdata=CODE,ifardata=CODE -prparam=COMRAM \
  C:\Users\nandu\AppData\Local\Temp\xcAs1eo.o \
  dist/18f67k40_Test/debug\BJU_AutoIrri_Lora_DevBranch_New.X.debug.o 

Object code version is 3.11

Machine type is 18F67K40



                Name                               Link     Load   Length Selector   Space Scale
C:\Users\nandu\AppData\Local\Temp\xcAs1eo.o
                idloc                            200000   200000       10        0       5
                config                           300000   300000        C        0       4
                init                                67A      67A        4        C       0
                reset_vec                             0        0        6        0       0
dist/18f67k40_Test/debug\BJU_AutoIrri_Lora_DevBranch_New.X.debug.o
                eeprom_data                      310000   310000      3C0   310000       0
                intcodelo                            18       18      662        C       0
                intcode                               8        8        6        4       0
                idloc                            200000   200000       10        0       5
                config                           300000   300000        C        0       4
                temp                                 57       57        1        1       1
                mediumconst                        EBBE     EBBE     1442     75DF       0
                text135                           1DE02    1DE02       14     E88F       0
                text134                           1DDEE    1DDEE       14     E88F       0
                intcode_body                      189AC    189AC      37C     8000       0
                text132                           1DB90    1DB90       30     E88F       0
                text131                           1C46C    1C46C       C4     8000       0
                text130                           1C74A    1C74A       B0     8000       0
                text129                           1CF68    1CF68       74     8000       0
                text128                           1D2B0    1D2B0       64     E88F       0
                text127                           1DD9A    1DD9A       18     E88F       0
                text126                           1DA1E    1DA1E       3E     E88F       0
                text125                           1D59C    1D59C       56     E88F       0
                text124                           11E82    11E82      EB2     8000       0
                text123                           1B908    1B908       E2     8000       0
                text121                           1D11E    1D11E       66     E88F       0
                text120                           1DCDA    1DCDA       20     E88F       0
                text119                           1DA96    1DA96       36     E88F       0
                text118                           1D7E4    1D7E4       52     E88F       0
                text117                           1DDDA    1DDDA       14     E88F       0
                text116                           1DDC6    1DDC6       14     E88F       0
                text115                           1DDB2    1DDB2       14     E88F       0
                text114                           1DCFA    1DCFA       1E     E88F       0
                text113                           1C530    1C530       B8     8000       0
                text112                           17C84    17C84      4BC     8000       0
                text111                           1DE4C    1DE4C       12     E88F       0
                text110                           1DE3A    1DE3A       12     E88F       0
                text109                           1DB60    1DB60       30     E88F       0
                text108                           1DD18    1DD18       1C     E88F       0
                text107                           1DC6A    1DC6A       28     E88F       0
                text106                           1DD82    1DD82       18     E88F       0
                text105                           1DC18    1DC18       2A     E88F       0
                text104                           1DD68    1DD68       1A     E88F       0
                text103                           1DBC0    1DBC0       2E     E88F       0
                text102                           1DE28    1DE28       12     E88F       0
                text101                           1DCB8    1DCB8       22     E88F       0
                text100                           1C3A6    1C3A6       C6     8000       0
                text99                            1DE16    1DE16       12     E88F       0
                text98                            1D434    1D434       60     E88F       0
                text97                            1BAC6    1BAC6       DA     8000       0
                text96                            1DACC    1DACC       34     E88F       0
                text95                            1D69A    1D69A       54     E88F       0
                text94                            1C218    1C218       C8     8000       0
                text93                            1D646    1D646       54     E88F       0
                text92                            1DB30    1DB30       30     E88F       0
                text91                            1DC42    1DC42       28     E88F       0
                text90                            19084    19084      322     8000       0
                text89                            1DB00    1DB00       30     E88F       0
                text88                            1B824    1B824       E4     8000       0
                text87                            18580    18580      42C     8000       0
                text86                            1C5E8    1C5E8       B2     8000       0
                text85                            1CEF2    1CEF2       76     8000       0
                text84                            1DD4E    1DD4E       1A     E88F       0
                text83                            1D910    1D910       48     E88F       0
                text82                            1D4EE    1D4EE       58     E88F       0
                text81                            10000    10000      FC2     8000       0
                text80                            1DD34    1DD34       1A     E88F       0
                text79                            1D8C8    1D8C8       48     E88F       0
                text78                            1D792    1D792       52     E88F       0
                text77                            18D28    18D28      35C     8000       0
                text76                            1DE76    1DE76        2     E88F       0
                text75                            1BEF4    1BEF4       CC     8000       0
                text74                            1B740    1B740       E4     8000       0
                text73                            1AE5A    1AE5A      18A     8000       0
                text72                            1AFE4    1AFE4      166     8000       0
                text71                            1D99E    1D99E       42     E88F       0
                text70                            1D880    1D880       48     E88F       0
                text69                            1DA5C    1DA5C       3A     E88F       0
                text68                            1C150    1C150       C8     8000       0
                text67                            196AC    196AC      2EA     8000       0
                text66                            19F0A    19F0A      24A     8000       0
                text65                            1CFDC    1CFDC       6E     8000       0
                text64                            1D740    1D740       52     E88F       0
                text63                            17792    17792      4F2     8000       0
                text62                            1A978    1A978      1B2     8000       0
                text61                            1BE24    1BE24       D0     8000       0
                text60                            1C8A4    1C8A4       A8     8000       0
                text59                            1CE7A    1CE7A       78     8000       0
                text58                            1DC92    1DC92       26     E88F       0
                text57                            1D24C    1D24C       64     E88F       0
                text56                            1667C    1667C      67A     8000       0
                text55                            1BD4E    1BD4E       D6     8000       0
                text54                            1BC78    1BC78       D6     8000       0
                text53                            1C94C    1C94C       A6     8000       0
                text52                            1C088    1C088       C8     8000       0
                text51                            15F7E    15F7E      6FE     8000       0
                text50                            1D1E8    1D1E8       64     E88F       0
                text49                            12D34    12D34      CE6     8000       0
                text48                            1B296    1B296      138     8000       0
                text47                            1DE6A    1DE6A        C     E88F       0
                text46                            1DE5E    1DE5E        C     E88F       0
                text45                            1BBA0    1BBA0       D8     8000       0
                text44                            193A6    193A6      306     8000       0
                text43                            1AB2A    1AB2A      1A2     8000       0
                text42                            1D9E0    1D9E0       3E     E88F       0
                text41                            1C9F2    1C9F2       A2     8000       0
                text40                            1D836    1D836       4A     E88F       0
                text39                            1BFC0    1BFC0       C8     8000       0
                text38                            1726E    1726E      524     8000       0
                text37                            18140    18140      440     8000       0
                text36                            1D6EE    1D6EE       52     E88F       0
                text35                            1CCEA    1CCEA       8A     8000       0
                text34                            1D546    1D546       56     E88F       0
                text33                            1A5AE    1A5AE      1F6     8000       0
                text32                            1D5F2    1D5F2       54     E88F       0
                text31                            1A382    1A382      22C     8000       0
                text30                            1ACCC    1ACCC      18E     8000       0
                text29                            13A1A    13A1A      CA8     8000       0
                text28                            16CF6    16CF6      578     8000       0
                text27                            1D3D4    1D3D4       60     E88F       0
                text26                            15800    15800      77E     8000       0
                text25                            1D374    1D374       60     E88F       0
                text24                            1CBCA    1CBCA       96     8000       0
                text23                            1D958    1D958       46     E88F       0
                text22                            19C54    19C54      2B6     8000       0
                text21                            1B3CE    1B3CE      132     8000       0
                text20                            1C7FA    1C7FA       AA     8000       0
                text19                            1A7A4    1A7A4      1D4     8000       0
                text18                            1D04A    1D04A       6C     8000       0
                text17                            1CDFA    1CDFA       80     8000       0
                text16                            1DBEE    1DBEE       2A     E88F       0
                text15                            1CA94    1CA94       9C     8000       0
                text14                            1D494    1D494       5A     E88F       0
                text13                            1D314    1D314       60     E88F       0
                text12                            1CC60    1CC60       8A     8000       0
                text11                            1C69A    1C69A       B0     8000       0
                text10                            10FC2    10FC2      EC0     8000       0
                text9                             1CD74    1CD74       86     8000       0
                text8                             14F72    14F72      88E     8000       0
                text7                             1B500    1B500      124     8000       0
                text6                             1B14A    1B14A      14C     8000       0
                text5                             1C2E0    1C2E0       C6     8000       0
                text4                             1D184    1D184       64     E88F       0
                text3                             19996    19996      2BE     8000       0
                text2                             1B624    1B624      11C     8000       0
                text1                             146C2    146C2      8B0     8000       0
                text0                             1A154    1A154      22E     8000       0
                cstackCOMRAM                         2C       2C       2B        1       1
                cstackBANK0                          60       60       7C       60       1
                cstackBANK1                         1F6      1F6        1      100       1
                bssBIGRAM                           4DC      4DC      21C      4DC       1
                bssBANK4                            400      400       DC      400       1
                dataBANK3                           300      300       DC      300       1
                bssBANK2                            200      200       DC      200       1
                dataBANK1                           18F      18F       67      100       1
                bssBANK1                            100      100       8F      100       1
                bssBANK0                             DC       DC       24       60       1
                bssCOMRAM                             1        1       2B        1       1
                cinit                             1CB30    1CB30       9A     8000       0
                idataBANK3                        1B9EA    1B9EA       DC     8000       0
                idataBANK1                        1D0B6    1D0B6       67     8000       0

TOTAL           Name                               Link     Load   Length     Space
        CLASS   CODE           
                intcodelo                            18       18      662         0
                intcode                               8        8        6         0
                init                                67A      67A        4         0
                reset_vec                             0        0        6         0
                text135                           1DE02    1DE02       14         0
                text134                           1DDEE    1DDEE       14         0
                intcode_body                      189AC    189AC      37C         0
                text132                           1DB90    1DB90       30         0
                text131                           1C46C    1C46C       C4         0
                text130                           1C74A    1C74A       B0         0
                text129                           1CF68    1CF68       74         0
                text128                           1D2B0    1D2B0       64         0
                text127                           1DD9A    1DD9A       18         0
                text126                           1DA1E    1DA1E       3E         0
                text125                           1D59C    1D59C       56         0
                text124                           11E82    11E82      EB2         0
                text123                           1B908    1B908       E2         0
                text121                           1D11E    1D11E       66         0
                text120                           1DCDA    1DCDA       20         0
                text119                           1DA96    1DA96       36         0
                text118                           1D7E4    1D7E4       52         0
                text117                           1DDDA    1DDDA       14         0
                text116                           1DDC6    1DDC6       14         0
                text115                           1DDB2    1DDB2       14         0
                text114                           1DCFA    1DCFA       1E         0
                text113                           1C530    1C530       B8         0
                text112                           17C84    17C84      4BC         0
                text111                           1DE4C    1DE4C       12         0
                text110                           1DE3A    1DE3A       12         0
                text109                           1DB60    1DB60       30         0
                text108                           1DD18    1DD18       1C         0
                text107                           1DC6A    1DC6A       28         0
                text106                           1DD82    1DD82       18         0
                text105                           1DC18    1DC18       2A         0
                text104                           1DD68    1DD68       1A         0
                text103                           1DBC0    1DBC0       2E         0
                text102                           1DE28    1DE28       12         0
                text101                           1DCB8    1DCB8       22         0
                text100                           1C3A6    1C3A6       C6         0
                text99                            1DE16    1DE16       12         0
                text98                            1D434    1D434       60         0
                text97                            1BAC6    1BAC6       DA         0
                text96                            1DACC    1DACC       34         0
                text95                            1D69A    1D69A       54         0
                text94                            1C218    1C218       C8         0
                text93                            1D646    1D646       54         0
                text92                            1DB30    1DB30       30         0
                text91                            1DC42    1DC42       28         0
                text90                            19084    19084      322         0
                text89                            1DB00    1DB00       30         0
                text88                            1B824    1B824       E4         0
                text87                            18580    18580      42C         0
                text86                            1C5E8    1C5E8       B2         0
                text85                            1CEF2    1CEF2       76         0
                text84                            1DD4E    1DD4E       1A         0
                text83                            1D910    1D910       48         0
                text82                            1D4EE    1D4EE       58         0
                text81                            10000    10000      FC2         0
                text80                            1DD34    1DD34       1A         0
                text79                            1D8C8    1D8C8       48         0
                text78                            1D792    1D792       52         0
                text77                            18D28    18D28      35C         0
                text76                            1DE76    1DE76        2         0
                text75                            1BEF4    1BEF4       CC         0
                text74                            1B740    1B740       E4         0
                text73                            1AE5A    1AE5A      18A         0
                text72                            1AFE4    1AFE4      166         0
                text71                            1D99E    1D99E       42         0
                text70                            1D880    1D880       48         0
                text69                            1DA5C    1DA5C       3A         0
                text68                            1C150    1C150       C8         0
                text67                            196AC    196AC      2EA         0
                text66                            19F0A    19F0A      24A         0
                text65                            1CFDC    1CFDC       6E         0
                text64                            1D740    1D740       52         0
                text63                            17792    17792      4F2         0
                text62                            1A978    1A978      1B2         0
                text61                            1BE24    1BE24       D0         0
                text60                            1C8A4    1C8A4       A8         0
                text59                            1CE7A    1CE7A       78         0
                text58                            1DC92    1DC92       26         0
                text57                            1D24C    1D24C       64         0
                text56                            1667C    1667C      67A         0
                text55                            1BD4E    1BD4E       D6         0
                text54                            1BC78    1BC78       D6         0
                text53                            1C94C    1C94C       A6         0
                text52                            1C088    1C088       C8         0
                text51                            15F7E    15F7E      6FE         0
                text50                            1D1E8    1D1E8       64         0
                text49                            12D34    12D34      CE6         0
                text48                            1B296    1B296      138         0
                text47                            1DE6A    1DE6A        C         0
                text46                            1DE5E    1DE5E        C         0
                text45                            1BBA0    1BBA0       D8         0
                text44                            193A6    193A6      306         0
                text43                            1AB2A    1AB2A      1A2         0
                text42                            1D9E0    1D9E0       3E         0
                text41                            1C9F2    1C9F2       A2         0
                text40                            1D836    1D836       4A         0
                text39                            1BFC0    1BFC0       C8         0
                text38                            1726E    1726E      524         0
                text37                            18140    18140      440         0
                text36                            1D6EE    1D6EE       52         0
                text35                            1CCEA    1CCEA       8A         0
                text34                            1D546    1D546       56         0
                text33                            1A5AE    1A5AE      1F6         0
                text32                            1D5F2    1D5F2       54         0
                text31                            1A382    1A382      22C         0
                text30                            1ACCC    1ACCC      18E         0
                text29                            13A1A    13A1A      CA8         0
                text28                            16CF6    16CF6      578         0
                text27                            1D3D4    1D3D4       60         0
                text26                            15800    15800      77E         0
                text25                            1D374    1D374       60         0
                text24                            1CBCA    1CBCA       96         0
                text23                            1D958    1D958       46         0
                text22                            19C54    19C54      2B6         0
                text21                            1B3CE    1B3CE      132         0
                text20                            1C7FA    1C7FA       AA         0
                text19                            1A7A4    1A7A4      1D4         0
                text18                            1D04A    1D04A       6C         0
                text17                            1CDFA    1CDFA       80         0
                text16                            1DBEE    1DBEE       2A         0
                text15                            1CA94    1CA94       9C         0
                text14                            1D494    1D494       5A         0
                text13                            1D314    1D314       60         0
                text12                            1CC60    1CC60       8A         0
                text11                            1C69A    1C69A       B0         0
                text10                            10FC2    10FC2      EC0         0
                text9                             1CD74    1CD74       86         0
                text8                             14F72    14F72      88E         0
                text7                             1B500    1B500      124         0
                text6                             1B14A    1B14A      14C         0
                text5                             1C2E0    1C2E0       C6         0
                text4                             1D184    1D184       64         0
                text3                             19996    19996      2BE         0
                text2                             1B624    1B624      11C         0
                text1                             146C2    146C2      8B0         0
                text0                             1A154    1A154      22E         0
                cinit                             1CB30    1CB30       9A         0
                idataBANK3                        1B9EA    1B9EA       DC         0
                idataBANK1                        1D0B6    1D0B6       67         0

        CLASS   CONST          

        CLASS   SMALLCONST     

        CLASS   MEDIUMCONST    
                mediumconst                        EBBE     EBBE     1442         0

        CLASS   COMRAM         
                temp                                 57       57        1         1
                cstackCOMRAM                         2C       2C       2B         1
                bssCOMRAM                             1        1       2B         1

        CLASS   ABS1           

        CLASS   BIGRAM         
                bssBIGRAM                           4DC      4DC      21C         1

        CLASS   RAM            

        CLASS   BANK0          
                cstackBANK0                          60       60       7C         1
                bssBANK0                             DC       DC       24         1

        CLASS   BANK1          
                cstackBANK1                         1F6      1F6        1         1
                dataBANK1                           18F      18F       67         1
                bssBANK1                            100      100       8F         1

        CLASS   BANK2          
                bssBANK2                            200      200       DC         1

        CLASS   BANK3          
                dataBANK3                           300      300       DC         1

        CLASS   BANK4          
                bssBANK4                            400      400       DC         1

        CLASS   BANK5          

        CLASS   BANK6          

        CLASS   BANK7          

        CLASS   BANK8          

        CLASS   BANK9          

        CLASS   BANK10         

        CLASS   BANK11         

        CLASS   BANK12         

        CLASS   BANK13         

        CLASS   SFR            

        CLASS   BIGSFR         

        CLASS   CONFIG         
                config                           300000   300000        C         4

        CLASS   IDLOC          
                idloc                            200000   200000       10         5

        CLASS   EEDATA         
                eeprom_data                      310000   310000      3C0         0

        CLASS   FARRAM         

        CLASS   HEAP           

        CLASS   STACK          



SEGMENTS        Name                           Load    Length   Top    Selector   Space  Class

                reset_vec                      000000  000006  000006         0       0  CODE    
                bssCOMRAM                      000001  000057  000058         1       1  COMRAM  
                intcode                        000008  000006  00000E         4       0  CODE    
                intcodelo                      000018  000666  00067E         C       0  CODE    
                cstackBANK0                    000060  0000A0  000100        60       1  BANK0   
                bssBANK1                       000100  0000F7  0001F7       100       1  BANK1   
                bssBANK2                       000200  0000DC  0002DC       200       1  BANK2   
                dataBANK3                      000300  0000DC  0003DC       300       1  BANK3   
                bssBANK4                       000400  0000DC  0004DC       400       1  BANK4   
                bssBIGRAM                      0004DC  00021C  0006F8       4DC       1  BIGRAM  
                mediumconst                    00EBBE  001442  010000      75DF       0  MEDIUMCO
                text81                         010000  00D11D  01D11D      8000       0  CODE    
                text121                        01D11E  000D5A  01DE78      E88F       0  CODE    
                eeprom_data                    310000  0003C0  3103C0    310000       0  EEDATA  


UNUSED ADDRESS RANGES

        Name                Unused          Largest block    Delta
        BANK1            0001F7-0001FF                9
        BANK10           000A00-000AFF              100
        BANK11           000B00-000BFF              100
        BANK12           000C00-000CFF              100
        BANK13           000D00-000DE9               EA
        BANK2            0002DC-0002FF               24
        BANK3            0003DC-0003FF               24
        BANK6            0006F8-0006FF                8
        BANK7            000700-0007FF              100
        BANK8            000800-0008FF              100
        BANK9            000900-0009FF              100
        BIGRAM           000058-00005F                8
                         0001F7-0001FF                9
                         0002DC-0002FF               24
                         0003DC-0003FF               24
                         0006F8-000DE9              6F2
        BIGSFR           000DEF-000FFF              211
        CODE             000006-000007                2
                         00000E-000017                A
                         00067E-00EBBD             E540
                         01D11D-01D11D                1
                         01DE78-01FFFF             2188
        COMRAM           000058-00005F                8
        CONST            000006-000007                2
                         00000E-000017                A
                         00067E-00EBBD             E540
                         01D11D-01D11D                1
                         01DE78-01FFFF             2188
        EEDATA           3103C0-3103FF               40
        MEDIUMCONST      000E00-00EBBD             DDBE
                         01D11D-01D11D                1
                         01DE78-01FFFF             2188
        RAM              0001F7-0001FF                9
                         0002DC-0002FF               24
                         0003DC-0003FF               24
                         0006F8-000DE9              100
        SFR              000DEF-000FFF              100
        SMALLCONST       000E00-00EBBD              100
                         01D11D-01D11D                1
                         01DE78-01FFFF              100

                                  Symbol Table

?___aodiv                                                 cstackBANK0  000060
?___aomod                                                 cstackBANK0  000060
?___awdiv                                                 cstackBANK0  000060
?___awmod                                                 cstackBANK0  000072
?___lmul                                                  cstackBANK0  000060
?___lwdiv                                                 cstackBANK0  000066
?___lwmod                                                 cstackBANK0  000060
?___wmul                                                  cstackBANK0  000060
?_abs                                                     cstackBANK0  000072
?_ctoa                                                    cstackBANK0  000069
?_days                                                    cstackBANK0  000065
?_dtoa                                                    cstackBANK0  00007B
?_getADCResult                                            cstackBANK0  000060
?_pad                                                     cstackBANK0  000070
?_rand                                                    cstackBANK0  00006C
?_readActiveSleepCountFromEeprom                          cstackBANK0  000063
?_readRemainingFertigationOnPeriodFromEeprom              cstackBANK0  000063
?_sprintf                                                 cstackBANK0  0000B8
?_strlen                                                  cstackBANK0  000060
?_strncmp                                                 cstackBANK0  000060
?_vfpfcnvrt                                               cstackBANK0  00009F
?_vfprintf                                                cstackBANK0  0000B0
?i1___awdiv                                               cstackCOMRAM 000034
?i1___awmod                                               cstackCOMRAM 000034
?i1___lwdiv                                               cstackCOMRAM 000039
?i1___lwmod                                               cstackCOMRAM 000034
?i1_strncmp                                               cstackCOMRAM 000034
LCDpulseEnableNeg@_data                                   cstackBANK0  000065
LCDwritePCF8574@value                                     cstackBANK0  000064
_ADACQ                                                    (abs)        000F5C
_ADACT                                                    (abs)        000F56
_ADCAP                                                    (abs)        000F5D
_ADCON0bits                                               (abs)        000F60
_ADCON1                                                   (abs)        000F59
_ADCON2                                                   (abs)        000F5A
_ADCON3                                                   (abs)        000F5B
_ADPCH                                                    (abs)        000F5F
_ADREF                                                    (abs)        000F58
_ADRESH                                                   (abs)        000F64
_ADRESL                                                   (abs)        000F63
_ADRPT                                                    (abs)        000F66
_ANSELA                                                   (abs)        000E92
_ANSELB                                                   (abs)        000E9A
_ANSELD                                                   (abs)        000EA7
_ANSELE                                                   (abs)        000EAF
_ANSELF                                                   (abs)        000EB4
_ANSELG                                                   (abs)        000EBC
_BAUD1CON                                                 (abs)        000F9E
_BAUD3CON                                                 (abs)        000EF0
_BSR                                                      (abs)        000FE0
_CCP1CONbits                                              (abs)        000FAB
_CCP2CONbits                                              (abs)        000FA7
_CCP3CONbits                                              (abs)        000F26
_CCP4CONbits                                              (abs)        000F22
_CCPR1                                                    (abs)        000FA9
_CCPR2                                                    (abs)        000FA5
_CCPR3                                                    (abs)        000F24
_CCPR4                                                    (abs)        000F20
_CCPTMRS0bits                                             (abs)        000FAD
_CPUDOZEbits                                              (abs)        000E42
_DeviceBurnStatus                                         bssCOMRAM    000011
_INLVLA                                                   (abs)        000E8E
_INLVLB                                                   (abs)        000E96
_INLVLC                                                   (abs)        000E9E
_INLVLD                                                   (abs)        000EA3
_INLVLE                                                   (abs)        000EAB
_INLVLF                                                   (abs)        000EB0
_INLVLG                                                   (abs)        000EB8
_INLVLH                                                   (abs)        000EBD
_INTCONbits                                               (abs)        000FF2
_IOCBF                                                    (abs)        000E93
_IOCBF0                                                   (abs)        007498
_IOCBN                                                    (abs)        000E94
_IOCBP                                                    (abs)        000E95
_IOCEF                                                    (abs)        000EA8
_IOCEN                                                    (abs)        000EA9
_IOCEP                                                    (abs)        000EAA
_IPR0bits                                                 (abs)        000E1F
_IPR3bits                                                 (abs)        000E22
_IPR4bits                                                 (abs)        000E23
_IPR5bits                                                 (abs)        000E24
_LATA                                                     (abs)        000F79
_LATB                                                     (abs)        000F7A
_LATC                                                     (abs)        000F7B
_LATD                                                     (abs)        000F7C
_LATE                                                     (abs)        000F7D
_LATF                                                     (abs)        000F7E
_LATG                                                     (abs)        000F7F
_LATH                                                     (abs)        000F80
_LCDpulseEnableNeg                                        text105      01DC18
_LCDwritePCF8574                                          text106      01DD82
_LoraConnectionFailed                                     bssBANK0     0000E0
_NVMADRH                                                  (abs)        000F75
_NVMADRL                                                  (abs)        000F74
_NVMCON1bits                                              (abs)        000F77
_NVMCON2                                                  (abs)        000F78
_NVMDAT                                                   (abs)        000F76
_ODCONA                                                   (abs)        000E90
_ODCONB                                                   (abs)        000E98
_ODCONC                                                   (abs)        000EA0
_ODCOND                                                   (abs)        000EA5
_ODCONE                                                   (abs)        000EAD
_ODCONF                                                   (abs)        000EB2
_ODCONG                                                   (abs)        000EBA
_ODCONH                                                   (abs)        000EBF
_OSCENbits                                                (abs)        000E47
_PCON0bits                                                (abs)        000FD7
_PIE0bits                                                 (abs)        000E29
_PIE3bits                                                 (abs)        000E2C
_PIE4bits                                                 (abs)        000E2D
_PIE5bits                                                 (abs)        000E2E
_PIR0bits                                                 (abs)        000E33
_PIR3bits                                                 (abs)        000E36
_PIR4bits                                                 (abs)        000E37
_PIR5bits                                                 (abs)        000E38
_PORTBbits                                                (abs)        000F8A
_PORTCbits                                                (abs)        000F8B
_PORTDbits                                                (abs)        000F8C
_PORTEbits                                                (abs)        000F8D
_PORTFbits                                                (abs)        000F8E
_PORTGbits                                                (abs)        000F8F
_PORTHbits                                                (abs)        000F90
_RC1REG                                                   (abs)        000F98
_RC1STA                                                   (abs)        000F9C
_RC1STAbits                                               (abs)        000F9C
_RC3PPS                                                   (abs)        000E65
_RC3REG                                                   (abs)        000EEA
_RC3STA                                                   (abs)        000EEE
_RC3STAbits                                               (abs)        000EEE
_RC4PPS                                                   (abs)        000E66
_RC6PPS                                                   (abs)        000E68
_RC7PPS                                                   (abs)        000E69
_RD5PPS                                                   (abs)        000E6F
_RD6PPS                                                   (abs)        000E70
_RE0PPS                                                   (abs)        000E72
_RE1PPS                                                   (abs)        000E73
_RG1PPS                                                   (abs)        000E83
_RG2PPS                                                   (abs)        000E84
_RG3PPS                                                   (abs)        000E85
_SLRCONA                                                  (abs)        000E8F
_SLRCONB                                                  (abs)        000E97
_SLRCONC                                                  (abs)        000E9F
_SLRCOND                                                  (abs)        000EA4
_SLRCONE                                                  (abs)        000EAC
_SLRCONF                                                  (abs)        000EB1
_SLRCONG                                                  (abs)        000EB9
_SLRCONH                                                  (abs)        000EBE
_SP1BRG                                                   (abs)        000F9A
_SP3BRG                                                   (abs)        000EEC
_SSP1ADD                                                  (abs)        000F92
_SSP1BUF                                                  (abs)        000F91
_SSP1CLKPPS                                               (abs)        000E19
_SSP1CON1                                                 (abs)        000F95
_SSP1CON2                                                 (abs)        000F96
_SSP1CON2bits                                             (abs)        000F96
_SSP1DATPPS                                               (abs)        000E1A
_SSP1STAT                                                 (abs)        000F94
_SSP1STATbits                                             (abs)        000F94
_SSP2ADD                                                  (abs)        000ED6
_SSP2BUF                                                  (abs)        000ED5
_SSP2CLKPPS                                               (abs)        000E1C
_SSP2CON1                                                 (abs)        000ED9
_SSP2CON2                                                 (abs)        000EDA
_SSP2CON2bits                                             (abs)        000EDA
_SSP2DATPPS                                               (abs)        000E1D
_SSP2STAT                                                 (abs)        000ED8
_SSP2STATbits                                             (abs)        000ED8
_SmsAU1                                                   mediumconst  00EF9E
_SmsAU2                                                   mediumconst  00EC77
_SmsAU3                                                   mediumconst  00EFB5
_SmsAU4                                                   mediumconst  00EBFF
_SmsConnect                                               mediumconst  00EFDE
_SmsDR1                                                   mediumconst  00F087
_SmsDR2                                                   mediumconst  00F10C
_SmsDR3                                                   mediumconst  00F1F0
_SmsDR4                                                   mediumconst  00F184
_SmsFact1                                                 mediumconst  00EFEF
_SmsFert1                                                 mediumconst  00EBBF
_SmsFert2                                                 mediumconst  00EC3F
_SmsFert3                                                 mediumconst  00EE4E
_SmsFert4                                                 mediumconst  00EE2B
_SmsFert5                                                 mediumconst  00F80E
_SmsFert6                                                 mediumconst  00F7EC
_SmsFert7                                                 mediumconst  00F423
_SmsFert8                                                 mediumconst  00F527
_SmsFilt1                                                 mediumconst  00EF23
_SmsFilt2                                                 mediumconst  00EED0
_SmsFilt3                                                 mediumconst  00EE70
_SmsFilt4                                                 mediumconst  00EF08
_SmsIrr1                                                  mediumconst  00EDE4
_SmsIrr2                                                  mediumconst  00ED0D
_SmsIrr3                                                  mediumconst  00EDBC
_SmsIrr4                                                  mediumconst  00F893
_SmsIrr5                                                  mediumconst  00F872
_SmsIrr6                                                  mediumconst  00F563
_SmsIrr7                                                  mediumconst  00F90E
_SmsIrr8                                                  mediumconst  00F6B7
_SmsIrr9                                                  mediumconst  00F684
_SmsMS1                                                   mediumconst  00F4AF
_SmsMS2                                                   mediumconst  00ED3D
_SmsMS3                                                   mediumconst  00ED94
_SmsMotor1                                                mediumconst  00F5DA
_SmsMotor2                                                mediumconst  00EE08
_SmsMotor3                                                mediumconst  00F74B
_SmsMotor4                                                mediumconst  00ECDC
_SmsPh1                                                   mediumconst  00F71C
_SmsPh2                                                   mediumconst  00F46A
_SmsPh3                                                   mediumconst  00F8D3
_SmsPh4                                                   mediumconst  00EF57
_SmsPh5                                                   mediumconst  00EF3E
_SmsPh6                                                   mediumconst  00F8EC
_SmsPwd1                                                  mediumconst  00EE90
_SmsPwd2                                                  mediumconst  00EF87
_SmsPwd3                                                  mediumconst  00EF70
_SmsRTC1                                                  mediumconst  00F6EA
_SmsRTC2                                                  mediumconst  00ED6B
_SmsRTC3                                                  mediumconst  00F64C
_SmsRTC4                                                  mediumconst  00F614
_SmsSR01                                                  mediumconst  00F4EB
_SmsSR02                                                  mediumconst  00F2A9
_SmsSR03                                                  mediumconst  00F344
_SmsSR04                                                  mediumconst  00F2F7
_SmsSR05                                                  mediumconst  00F257
_SmsSR06                                                  mediumconst  00F3D9
_SmsSR07                                                  mediumconst  00F38F
_SmsSR08                                                  mediumconst  00F7A3
_SmsSR09                                                  mediumconst  00F8B4
_SmsSR10                                                  mediumconst  00F7C8
_SmsSR11                                                  mediumconst  00F77A
_SmsSR12                                                  mediumconst  00F851
_SmsSR13                                                  mediumconst  00F830
_SmsSR14                                                  mediumconst  00F59F
_SmsSR15                                                  mediumconst  00ECAA
_SmsT1                                                    mediumconst  00EEED
_SmsT2                                                    mediumconst  00F8FF
_SmsTest                                                  mediumconst  00EFCB
_T0CON0                                                   (abs)        000FD5
_T0CON0bits                                               (abs)        000FD5
_T0CON1                                                   (abs)        000FD6
_T1CON                                                    (abs)        000FCF
_T1CONbits                                                (abs)        000FCF
_T2CLKCONbits                                             (abs)        000FBF
_T2CONbits                                                (abs)        000FBD
_T2PR                                                     (abs)        000FBC
_T2TMR                                                    (abs)        000FBB
_T3CON                                                    (abs)        000FC9
_T3CONbits                                                (abs)        000FC9
_TMR0H                                                    (abs)        000FD4
_TMR0L                                                    (abs)        000FD3
_TMR1CLK                                                  (abs)        000FD2
_TMR1H                                                    (abs)        000FCE
_TMR1L                                                    (abs)        000FCD
_TMR3CLK                                                  (abs)        000FCC
_TMR3H                                                    (abs)        000FC8
_TMR3L                                                    (abs)        000FC7
_TRISA                                                    (abs)        000F81
_TRISB                                                    (abs)        000F82
_TRISC                                                    (abs)        000F83
_TRISD                                                    (abs)        000F84
_TRISE                                                    (abs)        000F85
_TRISF                                                    (abs)        000F86
_TRISG                                                    (abs)        000F87
_TRISH                                                    (abs)        000F88
_TX1REG                                                   (abs)        000F99
_TX1STA                                                   (abs)        000F9D
_TX3REG                                                   (abs)        000EEB
_TX3STA                                                   (abs)        000EEF
_Timer0Overflow                                           bssCOMRAM    000023
_Timer1Overflow                                           bssBANK1     00014B
_Timer3Overflow                                           bssBANK1     00014A
_WDTCON0bits                                              (abs)        000E3D
_WPUA                                                     (abs)        000E91
_WPUB                                                     (abs)        000E99
_WPUC                                                     (abs)        000EA1
_WPUD                                                     (abs)        000EA6
_WPUE                                                     (abs)        000EAE
_WPUF                                                     (abs)        000EB3
_WPUG                                                     (abs)        000EBB
_WPUH                                                     (abs)        000EC0
__HRAM                                                    (abs)        000000
__Habs1                                                   abs1         000000
__Hbank0                                                  bank0        000000
__Hbank1                                                  bank1        000000
__Hbank10                                                 bank10       000000
__Hbank11                                                 bank11       000000
__Hbank12                                                 bank12       000000
__Hbank13                                                 bank13       000000
__Hbank2                                                  bank2        000000
__Hbank3                                                  bank3        000000
__Hbank4                                                  bank4        000000
__Hbank5                                                  bank5        000000
__Hbank6                                                  bank6        000000
__Hbank7                                                  bank7        000000
__Hbank8                                                  bank8        000000
__Hbank9                                                  bank9        000000
__Hbigbss                                                 bigbss       000000
__Hbigdata                                                bigdata      000000
__Hbigram                                                 bigram       000000
__Hbigsfr                                                 bigsfr       000000
__Hbss                                                    bss          000000
__HbssBANK0                                               bssBANK0     000000
__HbssBANK1                                               bssBANK1     000000
__HbssBANK2                                               bssBANK2     000000
__HbssBANK4                                               bssBANK4     000000
__HbssBIGRAM                                              bssBIGRAM    000000
__HbssCOMRAM                                              bssCOMRAM    000000
__Hcinit                                                  cinit        000000
__Hclrtext                                                clrtext      000000
__Hcomram                                                 comram       000000
__Hconfig                                                 config       30000C
__Hconst                                                  const        000000
__HcstackBANK0                                            cstackBANK0  000000
__HcstackBANK1                                            cstackBANK1  000000
__HcstackCOMRAM                                           cstackCOMRAM 000000
__Hdata                                                   data         000000
__HdataBANK1                                              dataBANK1    000000
__HdataBANK3                                              dataBANK3    000000
__Heeprom_data                                            eeprom_data  3103C0
__Hfarbss                                                 farbss       000000
__Hfardata                                                fardata      000000
__Hheap                                                   heap         000000
__Hibigdata                                               ibigdata     000000
__Hidata                                                  idata        000000
__HidataBANK1                                             idataBANK1   000000
__HidataBANK3                                             idataBANK3   000000
__Hidloc                                                  idloc        200010
__Hifardata                                               ifardata     000000
__Hinit                                                   init         00067E
__Hintcode                                                intcode      00000E
__Hintcode_body                                           intcode_body 000000
__Hintcodelo                                              intcodelo    00067A
__Hintentry                                               intentry     000000
__Hintret                                                 intret       000000
__Hintsave_regs                                           intsave_regs 000000
__Hirdata                                                 irdata       000000
__Hmediumconst                                            mediumconst  010000
__HnvFARRAM                                               nvFARRAM     000000
__Hnvbit                                                  nvbit        000000
__Hnvrram                                                 nvrram       000000
__Hparam                                                  rparam       000000
__Hpowerup                                                powerup      00067A
__Hram                                                    ram          000000
__Hramtop                                                 ramtop       000E00
__Hrbit                                                   rbit         000000
__Hrbss                                                   rbss         000000
__Hrdata                                                  rdata        000000
__Hreset_vec                                              reset_vec    000006
__Hrparam                                                 rparam       000000
__Hsfr                                                    sfr          000000
__Hsmallconst                                             smallconst   000000
__Hspace_0                                                (abs)        3103C0
__Hspace_1                                                (abs)        0006F8
__Hspace_2                                                (abs)        000000
__Hspace_4                                                (abs)        60000C
__Hstack                                                  stack        000000
__Hstruct                                                 struct       000000
__Htemp                                                   temp         000058
__Htext                                                   text         000000
__Htext0                                                  text0        000000
__Htext1                                                  text1        000000
__Htext10                                                 text10       000000
__Htext100                                                text100      000000
__Htext101                                                text101      000000
__Htext102                                                text102      000000
__Htext103                                                text103      000000
__Htext104                                                text104      000000
__Htext105                                                text105      000000
__Htext106                                                text106      000000
__Htext107                                                text107      000000
__Htext108                                                text108      000000
__Htext109                                                text109      000000
__Htext11                                                 text11       000000
__Htext110                                                text110      000000
__Htext111                                                text111      000000
__Htext112                                                text112      000000
__Htext113                                                text113      000000
__Htext114                                                text114      000000
__Htext115                                                text115      000000
__Htext116                                                text116      000000
__Htext117                                                text117      000000
__Htext118                                                text118      000000
__Htext119                                                text119      000000
__Htext12                                                 text12       000000
__Htext120                                                text120      000000
__Htext121                                                text121      000000
__Htext123                                                text123      000000
__Htext124                                                text124      000000
__Htext125                                                text125      000000
__Htext126                                                text126      000000
__Htext127                                                text127      000000
__Htext128                                                text128      000000
__Htext129                                                text129      000000
__Htext13                                                 text13       000000
__Htext130                                                text130      000000
__Htext131                                                text131      000000
__Htext132                                                text132      000000
__Htext134                                                text134      000000
__Htext135                                                text135      000000
__Htext14                                                 text14       000000
__Htext15                                                 text15       000000
__Htext16                                                 text16       000000
__Htext17                                                 text17       000000
__Htext18                                                 text18       000000
__Htext19                                                 text19       000000
__Htext2                                                  text2        000000
__Htext20                                                 text20       000000
__Htext21                                                 text21       000000
__Htext22                                                 text22       000000
__Htext23                                                 text23       000000
__Htext24                                                 text24       000000
__Htext25                                                 text25       000000
__Htext26                                                 text26       000000
__Htext27                                                 text27       000000
__Htext28                                                 text28       000000
__Htext29                                                 text29       000000
__Htext3                                                  text3        000000
__Htext30                                                 text30       000000
__Htext31                                                 text31       000000
__Htext32                                                 text32       000000
__Htext33                                                 text33       000000
__Htext34                                                 text34       000000
__Htext35                                                 text35       000000
__Htext36                                                 text36       000000
__Htext37                                                 text37       000000
__Htext38                                                 text38       000000
__Htext39                                                 text39       000000
__Htext4                                                  text4        000000
__Htext40                                                 text40       000000
__Htext41                                                 text41       000000
__Htext42                                                 text42       000000
__Htext43                                                 text43       000000
__Htext44                                                 text44       000000
__Htext45                                                 text45       000000
__Htext46                                                 text46       000000
__Htext47                                                 text47       000000
__Htext48                                                 text48       000000
__Htext49                                                 text49       000000
__Htext5                                                  text5        000000
__Htext50                                                 text50       000000
__Htext51                                                 text51       000000
__Htext52                                                 text52       000000
__Htext53                                                 text53       000000
__Htext54                                                 text54       000000
__Htext55                                                 text55       000000
__Htext56                                                 text56       000000
__Htext57                                                 text57       000000
__Htext58                                                 text58       000000
__Htext59                                                 text59       000000
__Htext6                                                  text6        000000
__Htext60                                                 text60       000000
__Htext61                                                 text61       000000
__Htext62                                                 text62       000000
__Htext63                                                 text63       000000
__Htext64                                                 text64       000000
__Htext65                                                 text65       000000
__Htext66                                                 text66       000000
__Htext67                                                 text67       000000
__Htext68                                                 text68       000000
__Htext69                                                 text69       000000
__Htext7                                                  text7        000000
__Htext70                                                 text70       000000
__Htext71                                                 text71       000000
__Htext72                                                 text72       000000
__Htext73                                                 text73       000000
__Htext74                                                 text74       000000
__Htext75                                                 text75       000000
__Htext76                                                 text76       000000
__Htext77                                                 text77       000000
__Htext78                                                 text78       000000
__Htext79                                                 text79       000000
__Htext8                                                  text8        000000
__Htext80                                                 text80       000000
__Htext81                                                 text81       000000
__Htext82                                                 text82       000000
__Htext83                                                 text83       000000
__Htext84                                                 text84       000000
__Htext85                                                 text85       000000
__Htext86                                                 text86       000000
__Htext87                                                 text87       000000
__Htext88                                                 text88       000000
__Htext89                                                 text89       000000
__Htext9                                                  text9        000000
__Htext90                                                 text90       000000
__Htext91                                                 text91       000000
__Htext92                                                 text92       000000
__Htext93                                                 text93       000000
__Htext94                                                 text94       000000
__Htext95                                                 text95       000000
__Htext96                                                 text96       000000
__Htext97                                                 text97       000000
__Htext98                                                 text98       000000
__Htext99                                                 text99       000000
__LRAM                                                    (abs)        000001
__Labs1                                                   abs1         000000
__Lbank0                                                  bank0        000000
__Lbank1                                                  bank1        000000
__Lbank10                                                 bank10       000000
__Lbank11                                                 bank11       000000
__Lbank12                                                 bank12       000000
__Lbank13                                                 bank13       000000
__Lbank2                                                  bank2        000000
__Lbank3                                                  bank3        000000
__Lbank4                                                  bank4        000000
__Lbank5                                                  bank5        000000
__Lbank6                                                  bank6        000000
__Lbank7                                                  bank7        000000
__Lbank8                                                  bank8        000000
__Lbank9                                                  bank9        000000
__Lbigbss                                                 bigbss       000000
__Lbigdata                                                bigdata      000000
__Lbigram                                                 bigram       000000
__Lbigsfr                                                 bigsfr       000000
__Lbss                                                    bss          000000
__LbssBANK0                                               bssBANK0     000000
__LbssBANK1                                               bssBANK1     000000
__LbssBANK2                                               bssBANK2     000000
__LbssBANK4                                               bssBANK4     000000
__LbssBIGRAM                                              bssBIGRAM    000000
__LbssCOMRAM                                              bssCOMRAM    000000
__Lcinit                                                  cinit        000000
__Lclrtext                                                clrtext      000000
__Lcomram                                                 comram       000000
__Lconfig                                                 config       000000
__Lconst                                                  const        000000
__LcstackBANK0                                            cstackBANK0  000000
__LcstackBANK1                                            cstackBANK1  000000
__LcstackCOMRAM                                           cstackCOMRAM 000000
__Ldata                                                   data         000000
__LdataBANK1                                              dataBANK1    000000
__LdataBANK3                                              dataBANK3    000000
__Leeprom_data                                            eeprom_data  310000
__Lfarbss                                                 farbss       000000
__Lfardata                                                fardata      000000
__Lheap                                                   heap         000000
__Libigdata                                               ibigdata     000000
__Lidata                                                  idata        000000
__LidataBANK1                                             idataBANK1   000000
__LidataBANK3                                             idataBANK3   000000
__Lidloc                                                  idloc        000000
__Lifardata                                               ifardata     000000
__Linit                                                   init         00067A
__Lintcode                                                intcode      000008
__Lintcode_body                                           intcode_body 000000
__Lintcodelo                                              intcodelo    000018
__Lintentry                                               intentry     000000
__Lintret                                                 intret       000000
__Lintsave_regs                                           intsave_regs 000000
__Lirdata                                                 irdata       000000
__Lmediumconst                                            mediumconst  00EBBE
__LnvFARRAM                                               nvFARRAM     000000
__Lnvbit                                                  nvbit        000000
__Lnvrram                                                 nvrram       000000
__Lparam                                                  rparam       000000
__Lpowerup                                                powerup      00067A
__Lram                                                    ram          000000
__Lramtop                                                 ramtop       000E00
__Lrbit                                                   rbit         000000
__Lrbss                                                   rbss         000000
__Lrdata                                                  rdata        000000
__Lreset_vec                                              reset_vec    000000
__Lrparam                                                 rparam       000000
__Lsfr                                                    sfr          000000
__Lsmallconst                                             smallconst   000000
__Lspace_0                                                (abs)        000000
__Lspace_1                                                (abs)        000000
__Lspace_2                                                (abs)        000000
__Lspace_4                                                (abs)        000000
__Lstack                                                  stack        000000
__Lstruct                                                 struct       000000
__Ltemp                                                   temp         000057
__Ltext                                                   text         000000
__Ltext0                                                  text0        000000
__Ltext1                                                  text1        000000
__Ltext10                                                 text10       000000
__Ltext100                                                text100      000000
__Ltext101                                                text101      000000
__Ltext102                                                text102      000000
__Ltext103                                                text103      000000
__Ltext104                                                text104      000000
[...]
saveIrrigationValveCycleStatusIntoEeprom@fieldptr         cstackBANK0  000065
saveIrrigationValveDueTimeIntoEeprom@address              cstackBANK0  000063
saveIrrigationValveDueTimeIntoEeprom@fieldptr             cstackBANK0  000065
saveIrrigationValveNoIntoEeprom@field_no                  cstackBANK0  000065
saveIrrigationValveOnOffStatusIntoEeprom@address          cstackBANK0  000063
saveIrrigationValveOnOffStatusIntoEeprom@fieldptr         cstackBANK0  000065
saveIrrigationValveValuesIntoEeprom@address               cstackBANK0  000063
saveIrrigationValveValuesIntoEeprom@fieldptr              cstackBANK0  000065
scanValveScheduleAndGetSleepCount@fieldCylceChecked       cstackBANK0  000087
scanValveScheduleAndGetSleepCount@iLocal                  cstackBANK0  000088
scanValveScheduleAndGetSleepCount@leapYearDays            cstackBANK0  000083
scanValveScheduleAndGetSleepCount@newCount                cstackBANK0  000089
scanValveScheduleAndGetSleepCount@yearDays                cstackBANK0  000085
selectChannel@channel                                     cstackBANK0  000062
sendCmdToLora@Action                                      cstackBANK0  000082
sendCmdToLora@FieldNo                                     cstackBANK0  00007F
sendSms@info                                              cstackBANK0  00007C
sendSms@message                                           cstackBANK0  000078
sendSms@phoneNumber                                       cstackBANK0  00007A
sprintf@ap                                                cstackBANK0  0000C0
sprintf@f                                                 cstackBANK0  0000C2
sprintf@fmt                                               cstackBANK0  0000BA
sprintf@s                                                 cstackBANK0  0000B8
srand@s                                                   cstackBANK0  000060
stackhi                                                   (abs)        000000
stacklo                                                   (abs)        000000
start                                                     init         00067A
start_initialization                                      cinit        01CB30
strlen@a                                                  cstackBANK0  000062
strlen@s                                                  cstackBANK0  000060
strncmp@_l                                                cstackBANK0  000060
strncmp@_r                                                cstackBANK0  000062
strncmp@l                                                 cstackBANK0  000067
strncmp@n                                                 cstackBANK0  000064
strncmp@r                                                 cstackBANK0  000069
transmitNumberToGSM@index                                 cstackBANK0  000063
transmitNumberToGSM@j                                     cstackBANK0  000065
transmitNumberToGSM@number                                cstackBANK0  000061
transmitNumberToLora@index                                cstackBANK0  000063
transmitNumberToLora@j                                    cstackBANK0  000065
transmitNumberToLora@number                               cstackBANK0  000061
transmitStringToGSM@string                                cstackBANK0  000061
transmitStringToLora@string                               cstackBANK0  000061
ttemp5                                                    temp         000058
ttemp6                                                    temp         00005B
ttemp7                                                    temp         00005F
txByte@serialData                                         cstackBANK0  000060
txByteLora@serialData                                     cstackBANK0  000060
vfpfcnvrt@ap                                              cstackBANK0  0000A3
vfpfcnvrt@c                                               cstackBANK0  0000AF
vfpfcnvrt@fmt                                             cstackBANK0  0000A1
vfpfcnvrt@fp                                              cstackBANK0  00009F
vfpfcnvrt@ll                                              cstackBANK0  0000A7
vfprintf@ap                                               cstackBANK0  0000B4
vfprintf@cfmt                                             cstackBANK0  0000B6
vfprintf@fmt                                              cstackBANK0  0000B2
vfprintf@fp                                               cstackBANK0  0000B0
wtemp8                                                    temp         000058


MODULE INFORMATION

Module		Function		Class		Link	Load	Size
C:\Program Files\Microchip\xc8\v2.35\pic\sources\c99\common\putch.c
		_putch         		CODE           	1DE76	0000	2

C:\Program Files\Microchip\xc8\v2.35\pic\sources\c99\common\putch.c estimated size: 2

C:\Program Files\Microchip\xc8\v2.35\pic\sources\c99\common\rand.c
		_srand         		CODE           	1DBEE	0000	42
		_rand          		CODE           	1CDFA	0000	128

C:\Program Files\Microchip\xc8\v2.35\pic\sources\c99\common\rand.c estimated size: 170

gsmTest.c
		_configureGSM  		CODE           	1AB2A	0000	418
		_checkSignalStrength		CODE           	18140	0000	1088
		_sendSms       		CODE           	10000	0000	4034
		_rxByte        		CODE           	1DE02	0000	20
		_txByte        		CODE           	1DD4E	0000	26
		_transmitStringToGSM		CODE           	1D4EE	0000	88
		_transmitNumberToGSM		CODE           	1D910	0000	72

gsmTest.c estimated size: 5746

controllerActions_Test.c
		_isNumber      		CODE           	1DB00	0000	48
		_deleteValveData		CODE           	1A382	0000	556
		_doLowPhaseAction		CODE           	1B500	0000	292
		_doDryRunAction		CODE           	14F72	0000	2190
		_isFieldMoistureSensorWetLora		CODE           	1BE24	0000	208
		_deleteUserData		CODE           	1D546	0000	86
		_fetchFieldNo  		CODE           	19084	0000	802
		_isRTCBatteryDrained		CODE           	1CBCA	0000	150
		_actionsOnSleepCountFinish		CODE           	12D34	0000	3302
		_actionsOnSystemReset		CODE           	10FC2	0000	3776
		_deepSleep     		CODE           	19996	0000	702
		_deleteDecodedString		CODE           	1DB30	0000	48
		_setFactoryPincode		CODE           	1C69A	0000	176
		_calibrateMotorCurrent		CODE           	1726E	0000	1316
		_days          		CODE           	1B624	0000	284
		_doPhaseFailureAction		CODE           	1B14A	0000	332
		_randomPasswordGeneration		CODE           	1CA94	0000	156
		_configureController		CODE           	193A6	0000	774
		_deActivateValve		CODE           	1A978	0000	434
		_getDateFromGSM		CODE           	1A7A4	0000	468
		_powerOffMotor 		CODE           	1CD74	0000	134
		_actionsOnDueValve		CODE           	1667C	0000	1658
		_checkResetType		CODE           	1B296	0000	312
		_isMotorInNoLoad		CODE           	1C2E0	0000	198
		_scanValveScheduleAndGetSleepCount		CODE           	146C2	0000	2224
		_phaseFailure  		CODE           	1C8A4	0000	168
		_getDueDate    		CODE           	17C84	0000	1212
		_activateValve 		CODE           	17792	0000	1266
		_hardResetMenu 		CODE           	15800	0000	1918
		_powerOnMotor  		CODE           	1CE7A	0000	120

controllerActions_Test.c estimated size: 25310

C:\Program Files\Microchip\xc8\v2.35\pic\sources\c99\common\aodiv.c
		___aodiv       		CODE           	1AE5A	0000	394

C:\Program Files\Microchip\xc8\v2.35\pic\sources\c99\common\aodiv.c estimated size: 394

C:\Program Files\Microchip\xc8\v2.35\pic\sources\c99\common\nf_sprintf.c
		_sprintf       		CODE           	1D740	0000	82

C:\Program Files\Microchip\xc8\v2.35\pic\sources\c99\common\nf_sprintf.c estimated size: 82

i2c.c
		_lcd_i2cWait   		CODE           	1DB60	0000	48
		_lcd_i2cStop   		CODE           	1DE3A	0000	18
		_lcd_i2cWrite  		CODE           	1DD18	0000	28
		_lcd_i2cStart  		CODE           	1DE4C	0000	18
		_rtc_i2cRead   		CODE           	1D7E4	0000	82
		_rtc_i2cWait   		CODE           	1DA96	0000	54
		_rtc_i2cStop   		CODE           	1DDB2	0000	20
		_rtc_i2cWrite  		CODE           	1DCFA	0000	30
		_rtc_i2cStart  		CODE           	1DDC6	0000	20
		_lcd_i2cWriteByteSingleReg		CODE           	1DC6A	0000	40
		_rtc_i2cRestart		CODE           	1DDDA	0000	20

i2c.c estimated size: 378

C:\Program Files\Microchip\xc8\v2.35\pic\sources\c99\common\nf_fputc.c
		_fputc         		CODE           	1BEF4	0000	204

C:\Program Files\Microchip\xc8\v2.35\pic\sources\c99\common\nf_fputc.c estimated size: 204

C:\Program Files\Microchip\xc8\v2.35\pic\sources\c99\common\lwdiv.c
		___lwdiv       		CODE           	1CEF2	0000	118

C:\Program Files\Microchip\xc8\v2.35\pic\sources\c99\common\lwdiv.c estimated size: 118

C:\Program Files\Microchip\xc8\v2.35\pic\sources\c99\common\Umul16.c
		___wmul        		CODE           	1DC42	0000	40

C:\Program Files\Microchip\xc8\v2.35\pic\sources\c99\common\Umul16.c estimated size: 40

C:\Program Files\Microchip\xc8\v2.35\pic\sources\c99\common\awdiv.c
		___awdiv       		CODE           	1C3A6	0000	198

C:\Program Files\Microchip\xc8\v2.35\pic\sources\c99\common\awdiv.c estimated size: 198

C:\Program Files\Microchip\xc8\v2.35\pic\sources\c99\common\strncmp.c
		_strncmp       		CODE           	1B824	0000	228

C:\Program Files\Microchip\xc8\v2.35\pic\sources\c99\common\strncmp.c estimated size: 228

eeprom.c
		_saveActiveSleepCountIntoEeprom		CODE           	1C94C	0000	166
		_readRemainingFertigationOnPeriodFromEeprom		CODE           	1BC78	0000	214
		_saveIrrigationValveConfigurationStatusIntoEeprom		CODE           	1D5F2	0000	84
		_readValveDataFromEeprom		CODE           	13A1A	0000	3240
		_saveFertigationValveStatusIntoEeprom		CODE           	1C088	0000	200
		_saveMobileNoIntoEeprom		CODE           	1CCEA	0000	138
		_saveResetCountIntoEeprom		CODE           	1D3D4	0000	96
		_readResetCountFromEeprom		CODE           	1D958	0000	70
		_saveFactryPswrdIntoEeprom		CODE           	1CC60	0000	138
		_eepromWrite   		CODE           	1DACC	0000	52
		_saveMotorLoadValuesIntoEeprom		CODE           	1B3CE	0000	306
		_readFieldIrrigationValveNoFromEeprom		CODE           	1D24C	0000	100
		_readActiveSleepCountFromEeprom		CODE           	1BD4E	0000	214
		_saveIrrigationValveValuesIntoEeprom		CODE           	19C54	0000	694
		_saveIrrigationValveCycleStatusIntoEeprom		CODE           	1D69A	0000	84
		_saveIrrigationValveNoIntoEeprom		CODE           	1D1E8	0000	100
		_saveAuthenticationStatus		CODE           	1D6EE	0000	82
		_saveIrrigationValveOnOffStatusIntoEeprom		CODE           	1D646	0000	84
		_saveIrrigationValveDueTimeIntoEeprom		CODE           	1C218	0000	200
		_saveFiltrationSequenceData		CODE           	1A5AE	0000	502
		_saveFertigationValveValuesIntoEeprom		CODE           	15F7E	0000	1790
		_saveDeviceProgramStatusIntoEeprom		CODE           	1D314	0000	96
		_saveRTCBatteryStatus		CODE           	1D374	0000	96
		_readMotorLoadValuesFromEeprom		CODE           	1ACCC	0000	398
		_readDeviceProgramStatusFromEeprom		CODE           	1D494	0000	90
		_saveRemainingFertigationOnPeriod		CODE           	1C7FA	0000	170
		_loadDataFromEeprom		CODE           	16CF6	0000	1400
		_eepromRead    		CODE           	1DC92	0000	38

eeprom.c estimated size: 10842

C:\Program Files\Microchip\xc8\v2.35\pic\sources\c99\common\abs.c
		_abs           		CODE           	1D99E	0000	66

C:\Program Files\Microchip\xc8\v2.35\pic\sources\c99\common\abs.c estimated size: 66

C:\Program Files\Microchip\xc8\v2.35\pic\sources\c99\common\Umul32.c
		___lmul        		CODE           	1D04A	0000	108

C:\Program Files\Microchip\xc8\v2.35\pic\sources\c99\common\Umul32.c estimated size: 108

shared
		i1_transmitNumberToGSM		CODE           	1DA1E	0000	62
		_SmsDR1        		MEDIUMCONST    	F087	0000	133
		_SmsSR11       		MEDIUMCONST    	F77A	0000	41
		_SmsIrr1       		MEDIUMCONST    	EDE4	0000	36
		_extract       		MEDIUMCONST    	F020	0000	8
		_SmsT2         		MEDIUMCONST    	F8FF	0000	15
		_SmsPwd3       		MEDIUMCONST    	EF70	0000	23
		_SmsDR4        		MEDIUMCONST    	F184	0000	108
		_SmsSR03       		MEDIUMCONST    	F344	0000	75
		_SmsSR14       		MEDIUMCONST    	F59F	0000	59
		_SmsIrr4       		MEDIUMCONST    	F893	0000	33
		_fdata         		MEDIUMCONST    	F053	0000	6
		_SmsSR06       		MEDIUMCONST    	F3D9	0000	74
		i1_deleteDecodedString		CODE           	1DB90	0000	48
		i1_strncmp     		CODE           	1B908	0000	226
		_disable       		MEDIUMCONST    	F030	0000	8
		_SmsIrr7       		MEDIUMCONST    	F90E	0000	15
		_SmsRTC2       		MEDIUMCONST    	ED6B	0000	41
		_getfreq       		MEDIUMCONST    	F018	0000	8
		_SmsTest       		MEDIUMCONST    	EFCB	0000	19
		_SmsPh2        		MEDIUMCONST    	F46A	0000	69
		_SmsSR09       		MEDIUMCONST    	F8B4	0000	31
		_SmsMotor1     		MEDIUMCONST    	F5DA	0000	58
		_SmsMotor2     		MEDIUMCONST    	EE08	0000	35
		_SmsMotor3     		MEDIUMCONST    	F74B	0000	47
		_SmsMotor4     		MEDIUMCONST    	ECDC	0000	49
		_SmsPh5        		MEDIUMCONST    	EF3E	0000	25
		i1___lwdiv     		CODE           	1CF68	0000	116
		_feed          		MEDIUMCONST    	F05E	0000	5
		_SmsFilt1      		MEDIUMCONST    	EF23	0000	27
		_SmsFilt2      		MEDIUMCONST    	EED0	0000	29
		_SmsFilt3      		MEDIUMCONST    	EE70	0000	32
		_SmsFilt4      		MEDIUMCONST    	EF08	0000	27
		_active        		MEDIUMCONST    	F03F	0000	7
		_SmsAU1        		MEDIUMCONST    	EF9E	0000	23
		_slave         		MEDIUMCONST    	F937	0000	6
		_SmsAU4        		MEDIUMCONST    	EBFF	0000	64
		_SmsMS2        		MEDIUMCONST    	ED3D	0000	46
		_SmsSR10       		MEDIUMCONST    	F7C8	0000	36
		i1___awdiv     		CODE           	1C46C	0000	196
		_SmsPwd2       		MEDIUMCONST    	EF87	0000	23
		_eepromAddress 		MEDIUMCONST    	EEB0	0000	32
		_SmsDR2        		MEDIUMCONST    	F10C	0000	120
		_SmsSR02       		MEDIUMCONST    	F2A9	0000	78
		_sensor        		MEDIUMCONST    	F91D	0000	7
		_SmsSR13       		MEDIUMCONST    	F830	0000	33
		_enable        		MEDIUMCONST    	F046	0000	7
		_SmsIrr3       		MEDIUMCONST    	EDBC	0000	40
		i1___lwmod     		CODE           	1D2B0	0000	100
		_countryCode   		MEDIUMCONST    	F072	0000	4
		_set           		MEDIUMCONST    	F07A	0000	4
		_SmsSR05       		MEDIUMCONST    	F257	0000	82
		_alive         		MEDIUMCONST    	F92B	0000	6
		_cmti          		MEDIUMCONST    	EFFE	0000	14
		__initialization		CODE           	1CB30	0000	144
		_SmsIrr6       		MEDIUMCONST    	F563	0000	60
		_SmsRTC1       		MEDIUMCONST    	F6EA	0000	50
		_SmsSR08       		MEDIUMCONST    	F7A3	0000	37
		_hook          		MEDIUMCONST    	F06D	0000	5
		_SmsPh3        		MEDIUMCONST    	F8D3	0000	25
		i1___awmod     		CODE           	1C74A	0000	176
		_ok            		MEDIUMCONST    	F081	0000	3
		_SmsIrr9       		MEDIUMCONST    	F684	0000	51
		_SmsRTC4       		MEDIUMCONST    	F614	0000	56
		_SmsPh6        		MEDIUMCONST    	F8EC	0000	19
		_dactive       		MEDIUMCONST    	F028	0000	8
		_ct            		MEDIUMCONST    	F07E	0000	3
		_on            		MEDIUMCONST    	F945	0000	3
		_SmsConnect    		MEDIUMCONST    	EFDE	0000	17
		_SmsAU2        		MEDIUMCONST    	EC77	0000	51
		_error         		MEDIUMCONST    	F931	0000	6
		_SmsFert1      		MEDIUMCONST    	EBBF	0000	64
		_SmsFert2      		MEDIUMCONST    	EC3F	0000	56
		_SmsFert3      		MEDIUMCONST    	EE4E	0000	34
		_SmsFert4      		MEDIUMCONST    	EE2B	0000	35
		_SmsFert5      		MEDIUMCONST    	F80E	0000	34
		_SmsFert6      		MEDIUMCONST    	F7EC	0000	34
		_SmsFert7      		MEDIUMCONST    	F423	0000	71
		_SmsFert8      		MEDIUMCONST    	F527	0000	60
		_idle          		MEDIUMCONST    	F059	0000	5
		_SmsMS3        		MEDIUMCONST    	ED94	0000	40
		_SmsPwd1       		MEDIUMCONST    	EE90	0000	32
		_SmsSR01       		MEDIUMCONST    	F4EB	0000	60
		_inject        		MEDIUMCONST    	F038	0000	7
		_SmsDR3        		MEDIUMCONST    	F1F0	0000	103
		_SmsSR12       		MEDIUMCONST    	F851	0000	33
		_SmsIrr2       		MEDIUMCONST    	ED0D	0000	48
		i1_sendSms     		CODE           	11E82	0000	3762
		_SmsSR04       		MEDIUMCONST    	F2F7	0000	77
		i1_txByte      		CODE           	1DD9A	0000	24
		_getct         		MEDIUMCONST    	F04D	0000	6
		_SmsSR15       		MEDIUMCONST    	ECAA	0000	50
		_secret        		MEDIUMCONST    	F00C	0000	12
		_SmsIrr5       		MEDIUMCONST    	F872	0000	33
		_SmsFact1      		MEDIUMCONST    	EFEF	0000	15
		_hold          		MEDIUMCONST    	F068	0000	5
		_master        		MEDIUMCONST    	F924	0000	7
		_ack           		MEDIUMCONST    	F93D	0000	4
		_off           		MEDIUMCONST    	F941	0000	4
		_SmsSR07       		MEDIUMCONST    	F38F	0000	74
		_SmsPh1        		MEDIUMCONST    	F71C	0000	47
		_SmsIrr8       		MEDIUMCONST    	F6B7	0000	51
		_SmsRTC3       		MEDIUMCONST    	F64C	0000	56
		_admin         		MEDIUMCONST    	F084	0000	3
		_SmsT1         		MEDIUMCONST    	EEED	0000	27
		_SmsPh4        		MEDIUMCONST    	EF57	0000	25
		_setct         		MEDIUMCONST    	F076	0000	4
		_time          		MEDIUMCONST    	F063	0000	5
		i1_transmitStringToGSM		CODE           	1D59C	0000	86
		_SmsAU3        		MEDIUMCONST    	EFB5	0000	22
		_SmsMS1        		MEDIUMCONST    	F4AF	0000	60

shared estimated size: 8405

ADC.c
		_getADCResult  		CODE           	1D836	0000	74
		_selectChannel 		CODE           	1BFC0	0000	200

ADC.c estimated size: 274

i2c_LCD_PCF8574.c
		_lcdSetCursor  		CODE           	1D434	0000	96
		_lcdDisplayOn  		CODE           	1DE5E	0000	12
		_LCDwritePCF8574		CODE           	1DD82	0000	24
		_lcdDisplayOff 		CODE           	1DE6A	0000	12
		_LCDpulseEnableNeg		CODE           	1DC18	0000	42
		_lcdClear      		CODE           	1DCB8	0000	34
		_lcdCommandWrite		CODE           	1DE28	0000	18
		_lcdInit       		CODE           	1BBA0	0000	216
		_lcdSend       		CODE           	1DBC0	0000	46
		_lcdWrite4Bits 		CODE           	1DD68	0000	26
		_lcdDataWrite  		CODE           	1DE16	0000	18
		_lcdWriteStringAtCenter		CODE           	1BAC6	0000	218
		_lcdWriteString		CODE           	1D184	0000	100

i2c_LCD_PCF8574.c estimated size: 862

main_2_Test.c
		_timerInterrupt_handler		CODE           	0018	0000	1634
		_main          		CODE           	1A154	0000	558
		_rxANDiocInterrupt_handler		CODE           	0008	0000	898

main_2_Test.c estimated size: 3090

C:\Program Files\Microchip\xc8\v2.35\pic\sources\c99\common\strlen.c
		_strlen        		CODE           	1DA5C	0000	58

C:\Program Files\Microchip\xc8\v2.35\pic\sources\c99\common\strlen.c estimated size: 58

C:\Program Files\Microchip\xc8\v2.35\pic\sources\c99\common\aomod.c
		___aomod       		CODE           	1AFE4	0000	358

C:\Program Files\Microchip\xc8\v2.35\pic\sources\c99\common\aomod.c estimated size: 358

C:\Program Files\Microchip\xc8\v2.35\pic\sources\c99\common\nf_fputs.c
		_fputs         		CODE           	1D880	0000	72

C:\Program Files\Microchip\xc8\v2.35\pic\sources\c99\common\nf_fputs.c estimated size: 72

loraTest.c
		_isLoraResponseAck		CODE           	18580	0000	1068
		_rxByteLora    		CODE           	1DDEE	0000	20
		_txByteLora    		CODE           	1DD34	0000	26
		_transmitStringToLora		CODE           	1D792	0000	82
		_transmitNumberToLora		CODE           	1D8C8	0000	72
		_sendCmdToLora 		CODE           	18D28	0000	860

loraTest.c estimated size: 2128

i2c_RTC_DS1307.c
		_decimal2BCD   		CODE           	1D9E0	0000	62
		_bcd2Decimal   		CODE           	1DCDA	0000	32
		_fetchTimefromRTC		CODE           	1C530	0000	184
		_feedTimeInRTC 		CODE           	1C9F2	0000	162

i2c_RTC_DS1307.c estimated size: 440

C:\Program Files\Microchip\xc8\v2.35\pic\sources\c99\common\lwmod.c
		___lwmod       		CODE           	1D11E	0000	102

C:\Program Files\Microchip\xc8\v2.35\pic\sources\c99\common\lwmod.c estimated size: 102

C:\Program Files\Microchip\xc8\v2.35\pic\sources\c99\common\awmod.c
		___awmod       		CODE           	1C5E8	0000	178

C:\Program Files\Microchip\xc8\v2.35\pic\sources\c99\common\awmod.c estimated size: 178

C:\Program Files\Microchip\xc8\v2.35\pic\sources\c99\common\doprnt.c
		_vfpfcnvrt     		CODE           	19F0A	0000	586
		_pad           		CODE           	1C150	0000	200
		_ctoa          		CODE           	1B740	0000	228
		_dtoa          		CODE           	196AC	0000	746
		_vfprintf      		CODE           	1CFDC	0000	110

C:\Program Files\Microchip\xc8\v2.35\pic\sources\c99\common\doprnt.c estimated size: 1870

