Microchip MPLAB XC8 Compiler V2.35

Linker command line:

-W-3 --edf=C:\Program Files\Microchip\xc8\v2.35\pic\dat\en_msgs.txt -cn \
  -h+dist/18f67k40/production\BJU_AutoIrri_Lora_DevBranch_New.X.production.sym \
  --cmf=dist/18f67k40/production\BJU_AutoIrri_Lora_DevBranch_New.X.production.cmf \
  -z -Q18F67K40 -oC:\Users\nandu\AppData\Local\Temp\xcAsbc.4 \
  --defsym=__MPLAB_BUILD=1 \
  -Mdist/18f67k40/production/BJU_AutoIrri_Lora_DevBranch_New.X.production.map \
  --md=C:\Users\nandu\AppData\Local\Temp\xcAsbc.dat -E1 -ver=XC8 Compiler \
  --acfsm=1493 -ACODE=00h-01FFFFh -ACONST=00h-01FFFFh \
  -ASMALLCONST=0E00h-0EFFhx498 -AMEDIUMCONST=0E00h-0FFFFh,010E00h-01FFFFh \
  -ACOMRAM=01h-05Fh -AABS1=00h-0DE9h -ABIGRAM=01h-0DE9h \
  -ARAM=060h-0FFh,0100h-01FFhx12,0D00h-0DE9h -ABANK0=060h-0FFh \
  -ABANK1=0100h-01FFh -ABANK2=0200h-02FFh -ABANK3=0300h-03FFh \
  -ABANK4=0400h-04FFh -ABANK5=0500h-05FFh -ABANK6=0600h-06FFh \
  -ABANK7=0700h-07FFh -ABANK8=0800h-08FFh -ABANK9=0900h-09FFh \
  -ABANK10=0A00h-0AFFh -ABANK11=0B00h-0BFFh -ABANK12=0C00h-0CFFh \
  -ABANK13=0D00h-0DE9h \
  -ASFR=0DEFh-0DFFh,0E00h-0EFFh,0F00h-0F5Fh,0F60h-0FFFh \
  -ABIGSFR=0DEFh-0FFFh -ACONFIG=0300000h-030000Bh -AIDLOC=0200000h-020000Fh \
  -AEEDATA=0310000h-03103FFh -peeprom_data=EEDATA \
  -preset_vec=00h,intcode=08h,intcodelo=018h,powerup,init -pramtop=0E00h \
  -psmallconst=SMALLCONST -pmediumconst=MEDIUMCONST -pconst=CONST \
  -AFARRAM=00h-00h \
  -prdata=COMRAM,nvrram=COMRAM,nvbit=COMRAM,rbss=COMRAM,rbit=COMRAM \
  -pfarbss=FARRAM,fardata=FARRAM,nvFARRAM=FARRAM \
  -pintsave_regs=BIGRAM,bigbss=BIGRAM,bigdata=BIGRAM -pbss=RAM \
  -pidata=CODE,irdata=CODE,ibigdata=CODE,ifardata=CODE -prparam=COMRAM \
  C:\Users\nandu\AppData\Local\Temp\xcAsbc.o \
  dist/18f67k40/production\BJU_AutoIrri_Lora_DevBranch_New.X.production.o 

Object code version is 3.11

Machine type is 18F67K40



                Name                               Link     Load   Length Selector   Space Scale
C:\Users\nandu\AppData\Local\Temp\xcAsbc.o
                idloc                            200000   200000       10        0       5
                config                           300000   300000        C        0       4
                init                                61A      61A        4        C       0
                reset_vec                             0        0        4        0       0
dist/18f67k40/production\BJU_AutoIrri_Lora_DevBranch_New.X.production.o
                eeprom_data                      310000   310000      3C0   310000       0
                intcodelo                            18       18      602        C       0
                intcode                               8        8        6        4       0
                idloc                            200000   200000       10        0       5
                config                           300000   300000        C        0       4
                temp                                 43       43        1        1       1
                mediumconst                        EB70     EB70     1490     75B8       0
                text136                           1F968    1F968       14     FAA4       0
                text135                           1F954    1F954       14     FAA4       0
                intcode_body                      1A792    1A792      380     8000       0
                text133                           1F6E2    1F6E2       30     FAA4       0
                text132                           1D436    1D436      11C     8000       0
                text130                           1EC8A    1EC8A       66     8000       0
                text129                           1F858    1F858       20     FAA4       0
                text128                           1F5B8    1F5B8       36     FAA4       0
                text127                           1F286    1F286       52     8000       0
                text126                           1F940    1F940       14     FAA4       0
                text125                           1F92C    1F92C       14     FAA4       0
                text124                           1F918    1F918       14     FAA4       0
                text123                           1F878    1F878       1E     FAA4       0
                text122                           1E096    1E096       B8     8000       0
                text121                           1928E    1928E      4BC     8000       0
                text120                           1F9B2    1F9B2       12     FAA4       0
                text119                           1F9A0    1F9A0       12     FAA4       0
                text118                           1F6B2    1F6B2       30     FAA4       0
                text117                           1F896    1F896       1C     FAA4       0
                text116                           1F7E8    1F7E8       28     FAA4       0
                text115                           1F900    1F900       18     FAA4       0
                text114                           1F796    1F796       2A     FAA4       0
                text113                           1F8E6    1F8E6       1A     FAA4       0
                text112                           1F712    1F712       2E     FAA4       0
                text111                           1F98E    1F98E       12     FAA4       0
                text110                           1F836    1F836       22     FAA4       0
                text109                           1DF16    1DF16       C6     8000       0
                text108                           1F97C    1F97C       12     FAA4       0
                text107                           1EF8C    1EF8C       5A     8000       0
                text106                           1D636    1D636       DA     8000       0
                text105                           1F5EE    1F5EE       34     FAA4       0
                text104                           1F13C    1F13C       54     8000       0
                text103                           1DE4E    1DE4E       C8     8000       0
                text102                           1F0E8    1F0E8       54     8000       0
                text101                           1E14E    1E14E       B2     8000       0
                text100                           1EB3A    1EB3A       76     8000       0
                text99                            1F682    1F682       30     FAA4       0
                text98                            1F7C0    1F7C0       28     FAA4       0
                text97                            1AB12    1AB12      322     8000       0
                text96                            1F652    1F652       30     FAA4       0
                text95                            1D0D0    1D0D0      126     8000       0
                text94                            19B8A    19B8A      438     8000       0
                text93                            1F8CC    1F8CC       1A     FAA4       0
                text92                            1F3FE    1F3FE       48     8000       0
                text91                            1F234    1F234       52     8000       0
                text90                            1A3D2    1A3D2      3C0     8000       0
                text89                            1F8B2    1F8B2       1A     FAA4       0
                text88                            1F3B6    1F3B6       48     8000       0
                text87                            1EFE6    1EFE6       58     8000       0
                text86                            12A2A    12A2A     102E     8000       0
                text85                            1F9DC    1F9DC        2     FAA4       0
                text84                            1DA62    1DA62       CC     8000       0
                text83                            1D552    1D552       E4     8000       0
                text82                            1CA26    1CA26      18A     8000       0
                text81                            1CBB0    1CBB0      166     8000       0
                text80                            1F48C    1F48C       42     8000       0
                text79                            1F36E    1F36E       48     8000       0
                text78                            1F548    1F548       3A     FAA4       0
                text77                            1DD86    1DD86       C8     8000       0
                text76                            1B13A    1B13A      2EA     8000       0
                text75                            1B998    1B998      24A     8000       0
                text74                            1EBB0    1EBB0       6E     8000       0
                text73                            1EF32    1EF32       5A     8000       0
                text72                            18D9C    18D9C      4F2     8000       0
                text71                            1C542    1C542      1B2     8000       0
                text70                            1E49C    1E49C       A0     8000       0
                text69                            1E2AA    1E2AA       AA     8000       0
                text68                            1EAC2    1EAC2       78     8000       0
                text67                            1F810    1F810       26     FAA4       0
                text66                            1ED54    1ED54       64     8000       0
                text65                            17C6E    17C6E      692     8000       0
                text64                            1D8BE    1D8BE       D6     8000       0
                text63                            1D7E8    1D7E8       D6     8000       0
                text62                            1E354    1E354       A6     8000       0
                text61                            1DCBE    1DCBE       C8     8000       0
                text60                            17570    17570      6FE     8000       0
                text59                            1ECF0    1ECF0       64     8000       0
                text58                            13A58    13A58      CE0     8000       0
                text57                            1CE62    1CE62      138     8000       0
                text56                            1F9D0    1F9D0        C     FAA4       0
                text55                            1F9C4    1F9C4        C     FAA4       0
                text54                            1D710    1D710       D8     8000       0
                text53                            1AE34    1AE34      306     8000       0
                text52                            1C6F4    1C6F4      1A2     8000       0
                text51                            1E9BC    1E9BC       86     8000       0
                text50                            1E200    1E200       AA     8000       0
                text49                            16556    16556      89C     8000       0
                text48                            1D1F6    1D1F6      124     8000       0
                text47                            1CD16    1CD16      14C     8000       0
                text46                            1F326    1F326       48     8000       0
                text45                            1DBF6    1DBF6       C8     8000       0
                text44                            1D994    1D994       CE     8000       0
                text43                            1B424    1B424      2BE     8000       0
                text42                            1F1E2    1F1E2       52     8000       0
                text41                            19FC2    19FC2      410     8000       0
                text40                            18878    18878      524     8000       0
                text39                            1F582    1F582       36     FAA4       0
                text38                            1F622    1F622       30     FAA4       0
                text37                            1F4CE    1F4CE       3E     8000       0
                text36                            1E3FA    1E3FA       A2     8000       0
                text35                            1F2D8    1F2D8       4E     8000       0
                text34                            1F190    1F190       52     8000       0
                text33                            1BE10    1BE10      1F6     8000       0
                text32                            1F094    1F094       54     8000       0
                text31                            1B6E2    1B6E2      2B6     8000       0
                text30                            1E8AC    1E8AC       8A     8000       0
                text29                            1CF9A    1CF9A      136     8000       0
                text28                            1E822    1E822       8A     8000       0
                text27                            1E674    1E674       94     8000       0
                text26                            1E936    1E936       86     8000       0
                text25                            10000    10000     2A2A     8000       0
                text24                            1974A    1974A      440     8000       0
                text23                            1F03E    1F03E       56     8000       0
                text22                            1BBE2    1BBE2      22E     8000       0
                text21                            1C896    1C896      190     8000       0
                text20                            14738    14738      CA8     8000       0
                text19                            18300    18300      578     8000       0
                text18                            1EE78    1EE78       60     8000       0
                text17                            16DF2    16DF2      77E     8000       0
                text16                            1EE18    1EE18       60     8000       0
                text15                            1E5D8    1E5D8       9C     8000       0
                text14                            1F446    1F446       46     8000       0
                text13                            1C006    1C006      1D4     8000       0
                text12                            1EC1E    1EC1E       6C     8000       0
                text11                            1EA42    1EA42       80     8000       0
                text10                            1F76C    1F76C       2A     FAA4       0
                text9                             1E53C    1E53C       9C     8000       0
                text8                             1EED8    1EED8       5A     8000       0
                text7                             1EDB8    1EDB8       60     8000       0
                text6                             1E798    1E798       8A     8000       0
                text5                             1E708    1E708       90     8000       0
                text4                             1C390    1C390      1B2     8000       0
                text3                             153E0    153E0      8C4     8000       0
                text2                             1D31A    1D31A      11C     8000       0
                text1                             15CA4    15CA4      8B2     8000       0
                text0                             1C1DA    1C1DA      1B6     8000       0
                cstackCOMRAM                         22       22       21        1       1
                cstackBANK0                          60       60       67       60       1
                cstackBANK1                         1D7      1D7       1B      100       1
                bssBIGRAM                           4C8      4C8      21C      4C8       1
                bssBANK4                            400      400       C8      400       1
                dataBANK3                           300      300       C8      300       1
                dataBANK2                           2C8      2C8       2C      200       1
                bssBANK2                            200      200       C8      200       1
                dataBANK1                           19C      19C       3B      100       1
                bssBANK1                            100      100       9C      100       1
                bssBANK0                             C7       C7       39       60       1
                bssCOMRAM                             1        1       21        1       1
                cinit                             1DFDC    1DFDC       BA     8000       0
                idataBANK3                        1DB2E    1DB2E       C8     8000       0
                idataBANK2                        1F740    1F740       2C     FAA4       0
                idataBANK1                        1F50C    1F50C       3B     8000       0

TOTAL           Name                               Link     Load   Length     Space
        CLASS   CODE           
                intcodelo                            18       18      602         0
                intcode                               8        8        6         0
                init                                61A      61A        4         0
                reset_vec                             0        0        4         0
                text136                           1F968    1F968       14         0
                text135                           1F954    1F954       14         0
                intcode_body                      1A792    1A792      380         0
                text133                           1F6E2    1F6E2       30         0
                text132                           1D436    1D436      11C         0
                text130                           1EC8A    1EC8A       66         0
                text129                           1F858    1F858       20         0
                text128                           1F5B8    1F5B8       36         0
                text127                           1F286    1F286       52         0
                text126                           1F940    1F940       14         0
                text125                           1F92C    1F92C       14         0
                text124                           1F918    1F918       14         0
                text123                           1F878    1F878       1E         0
                text122                           1E096    1E096       B8         0
                text121                           1928E    1928E      4BC         0
                text120                           1F9B2    1F9B2       12         0
                text119                           1F9A0    1F9A0       12         0
                text118                           1F6B2    1F6B2       30         0
                text117                           1F896    1F896       1C         0
                text116                           1F7E8    1F7E8       28         0
                text115                           1F900    1F900       18         0
                text114                           1F796    1F796       2A         0
                text113                           1F8E6    1F8E6       1A         0
                text112                           1F712    1F712       2E         0
                text111                           1F98E    1F98E       12         0
                text110                           1F836    1F836       22         0
                text109                           1DF16    1DF16       C6         0
                text108                           1F97C    1F97C       12         0
                text107                           1EF8C    1EF8C       5A         0
                text106                           1D636    1D636       DA         0
                text105                           1F5EE    1F5EE       34         0
                text104                           1F13C    1F13C       54         0
                text103                           1DE4E    1DE4E       C8         0
                text102                           1F0E8    1F0E8       54         0
                text101                           1E14E    1E14E       B2         0
                text100                           1EB3A    1EB3A       76         0
                text99                            1F682    1F682       30         0
                text98                            1F7C0    1F7C0       28         0
                text97                            1AB12    1AB12      322         0
                text96                            1F652    1F652       30         0
                text95                            1D0D0    1D0D0      126         0
                text94                            19B8A    19B8A      438         0
                text93                            1F8CC    1F8CC       1A         0
                text92                            1F3FE    1F3FE       48         0
                text91                            1F234    1F234       52         0
                text90                            1A3D2    1A3D2      3C0         0
                text89                            1F8B2    1F8B2       1A         0
                text88                            1F3B6    1F3B6       48         0
                text87                            1EFE6    1EFE6       58         0
                text86                            12A2A    12A2A     102E         0
                text85                            1F9DC    1F9DC        2         0
                text84                            1DA62    1DA62       CC         0
                text83                            1D552    1D552       E4         0
                text82                            1CA26    1CA26      18A         0
                text81                            1CBB0    1CBB0      166         0
                text80                            1F48C    1F48C       42         0
                text79                            1F36E    1F36E       48         0
                text78                            1F548    1F548       3A         0
                text77                            1DD86    1DD86       C8         0
                text76                            1B13A    1B13A      2EA         0
                text75                            1B998    1B998      24A         0
                text74                            1EBB0    1EBB0       6E         0
                text73                            1EF32    1EF32       5A         0
                text72                            18D9C    18D9C      4F2         0
                text71                            1C542    1C542      1B2         0
                text70                            1E49C    1E49C       A0         0
                text69                            1E2AA    1E2AA       AA         0
                text68                            1EAC2    1EAC2       78         0
                text67                            1F810    1F810       26         0
                text66                            1ED54    1ED54       64         0
                text65                            17C6E    17C6E      692         0
                text64                            1D8BE    1D8BE       D6         0
                text63                            1D7E8    1D7E8       D6         0
                text62                            1E354    1E354       A6         0
                text61                            1DCBE    1DCBE       C8         0
                text60                            17570    17570      6FE         0
                text59                            1ECF0    1ECF0       64         0
                text58                            13A58    13A58      CE0         0
                text57                            1CE62    1CE62      138         0
                text56                            1F9D0    1F9D0        C         0
                text55                            1F9C4    1F9C4        C         0
                text54                            1D710    1D710       D8         0
                text53                            1AE34    1AE34      306         0
                text52                            1C6F4    1C6F4      1A2         0
                text51                            1E9BC    1E9BC       86         0
                text50                            1E200    1E200       AA         0
                text49                            16556    16556      89C         0
                text48                            1D1F6    1D1F6      124         0
                text47                            1CD16    1CD16      14C         0
                text46                            1F326    1F326       48         0
                text45                            1DBF6    1DBF6       C8         0
                text44                            1D994    1D994       CE         0
                text43                            1B424    1B424      2BE         0
                text42                            1F1E2    1F1E2       52         0
                text41                            19FC2    19FC2      410         0
                text40                            18878    18878      524         0
                text39                            1F582    1F582       36         0
                text38                            1F622    1F622       30         0
                text37                            1F4CE    1F4CE       3E         0
                text36                            1E3FA    1E3FA       A2         0
                text35                            1F2D8    1F2D8       4E         0
                text34                            1F190    1F190       52         0
                text33                            1BE10    1BE10      1F6         0
                text32                            1F094    1F094       54         0
                text31                            1B6E2    1B6E2      2B6         0
                text30                            1E8AC    1E8AC       8A         0
                text29                            1CF9A    1CF9A      136         0
                text28                            1E822    1E822       8A         0
                text27                            1E674    1E674       94         0
                text26                            1E936    1E936       86         0
                text25                            10000    10000     2A2A         0
                text24                            1974A    1974A      440         0
                text23                            1F03E    1F03E       56         0
                text22                            1BBE2    1BBE2      22E         0
                text21                            1C896    1C896      190         0
                text20                            14738    14738      CA8         0
                text19                            18300    18300      578         0
                text18                            1EE78    1EE78       60         0
                text17                            16DF2    16DF2      77E         0
                text16                            1EE18    1EE18       60         0
                text15                            1E5D8    1E5D8       9C         0
                text14                            1F446    1F446       46         0
                text13                            1C006    1C006      1D4         0
                text12                            1EC1E    1EC1E       6C         0
                text11                            1EA42    1EA42       80         0
                text10                            1F76C    1F76C       2A         0
                text9                             1E53C    1E53C       9C         0
                text8                             1EED8    1EED8       5A         0
                text7                             1EDB8    1EDB8       60         0
                text6                             1E798    1E798       8A         0
                text5                             1E708    1E708       90         0
                text4                             1C390    1C390      1B2         0
                text3                             153E0    153E0      8C4         0
                text2                             1D31A    1D31A      11C         0
                text1                             15CA4    15CA4      8B2         0
                text0                             1C1DA    1C1DA      1B6         0
                cinit                             1DFDC    1DFDC       BA         0
                idataBANK3                        1DB2E    1DB2E       C8         0
                idataBANK2                        1F740    1F740       2C         0
                idataBANK1                        1F50C    1F50C       3B         0

        CLASS   CONST          

        CLASS   SMALLCONST     

        CLASS   MEDIUMCONST    
                mediumconst                        EB70     EB70     1490         0

        CLASS   COMRAM         
                temp                                 43       43        1         1
                cstackCOMRAM                         22       22       21         1
                bssCOMRAM                             1        1       21         1

        CLASS   ABS1           

        CLASS   BIGRAM         
                bssBIGRAM                           4C8      4C8      21C         1

        CLASS   RAM            

        CLASS   BANK0          
                cstackBANK0                          60       60       67         1
                bssBANK0                             C7       C7       39         1

        CLASS   BANK1          
                cstackBANK1                         1D7      1D7       1B         1
                dataBANK1                           19C      19C       3B         1
                bssBANK1                            100      100       9C         1

        CLASS   BANK2          
                dataBANK2                           2C8      2C8       2C         1
                bssBANK2                            200      200       C8         1

        CLASS   BANK3          
                dataBANK3                           300      300       C8         1

        CLASS   BANK4          
                bssBANK4                            400      400       C8         1

        CLASS   BANK5          

        CLASS   BANK6          

        CLASS   BANK7          

        CLASS   BANK8          

        CLASS   BANK9          

        CLASS   BANK10         

        CLASS   BANK11         

        CLASS   BANK12         

        CLASS   BANK13         

        CLASS   SFR            

        CLASS   BIGSFR         

        CLASS   CONFIG         
                config                           300000   300000        C         4

        CLASS   IDLOC          
                idloc                            200000   200000       10         5

        CLASS   EEDATA         
                eeprom_data                      310000   310000      3C0         0

        CLASS   FARRAM         

        CLASS   HEAP           

        CLASS   STACK          



SEGMENTS        Name                           Load    Length   Top    Selector   Space  Class

                reset_vec                      000000  000004  000004         0       0  CODE    
                bssCOMRAM                      000001  000043  000044         1       1  COMRAM  
                intcode                        000008  000006  00000E         4       0  CODE    
                intcodelo                      000018  000606  00061E         C       0  CODE    
                cstackBANK0                    000060  0000A0  000100        60       1  BANK0   
                bssBANK1                       000100  0000F2  0001F2       100       1  BANK1   
                bssBANK2                       000200  0000F4  0002F4       200       1  BANK2   
                dataBANK3                      000300  0000C8  0003C8       300       1  BANK3   
                bssBANK4                       000400  0000C8  0004C8       400       1  BANK4   
                bssBIGRAM                      0004C8  00021C  0006E4       4C8       1  BIGRAM  
                mediumconst                    00EB70  001490  010000      75B8       0  MEDIUMCO
                text25                         010000  00F547  01F547      8000       0  CODE    
                text78                         01F548  000496  01F9DE      FAA4       0  CODE    
                eeprom_data                    310000  0003C0  3103C0    310000       0  EEDATA  


UNUSED ADDRESS RANGES

        Name                Unused          Largest block    Delta
        BANK1            0001F2-0001FF                E
        BANK10           000A00-000AFF              100
        BANK11           000B00-000BFF              100
        BANK12           000C00-000CFF              100
        BANK13           000D00-000DE9               EA
        BANK2            0002F4-0002FF                C
        BANK3            0003C8-0003FF               38
        BANK6            0006E4-0006FF               1C
        BANK7            000700-0007FF              100
        BANK8            000800-0008FF              100
        BANK9            000900-0009FF              100
        BIGRAM           000044-00005F               1C
                         0001F2-0001FF                E
                         0002F4-0002FF                C
                         0003C8-0003FF               38
                         0006E4-000DE9              706
        BIGSFR           000DEF-000FFF              211
        CODE             000004-000007                4
                         00000E-000017                A
                         00061E-00EB6F             E552
                         01F547-01F547                1
                         01F9DE-01FFFF              622
        COMRAM           000044-00005F               1C
        CONST            000004-000007                4
                         00000E-000017                A
                         00061E-00EB6F             E552
                         01F547-01F547                1
                         01F9DE-01FFFF              622
        EEDATA           3103C0-3103FF               40
        MEDIUMCONST      000E00-00EB6F             DD70
                         01F547-01F547                1
                         01F9DE-01FFFF              622
        RAM              0001F2-0001FF                E
                         0002F4-0002FF                C
                         0003C8-0003FF               38
                         0006E4-000DE9              100
        SFR              000DEF-000FFF              100
        SMALLCONST       000E00-00EB6F              100
                         01F547-01F547                1
                         01F9DE-01FFFF              100

                                  Symbol Table

?___aodiv                                                 cstackBANK0  000060
?___aomod                                                 cstackBANK0  000060
?___awdiv                                                 cstackBANK0  000060
?___awmod                                                 cstackBANK0  000072
?___lmul                                                  cstackBANK0  000060
?___lwdiv                                                 cstackBANK0  000066
?___lwmod                                                 cstackBANK0  000060
?___wmul                                                  cstackBANK0  000060
?_abs                                                     cstackBANK0  000072
?_ctoa                                                    cstackBANK0  000069
?_days                                                    cstackBANK0  000065
?_dtoa                                                    cstackBANK0  00007B
?_getADCResult                                            cstackBANK0  000060
?_pad                                                     cstackBANK0  000070
?_rand                                                    cstackBANK0  00006C
?_readActiveSleepCountFromEeprom                          cstackBANK0  000063
?_readRemainingFertigationOnPeriodFromEeprom              cstackBANK0  000063
?_sprintf                                                 cstackBANK0  0000B8
?_strlen                                                  cstackBANK0  000060
?_strncmp                                                 cstackBANK0  000060
?_vfpfcnvrt                                               cstackBANK0  00009F
?_vfprintf                                                cstackBANK0  0000B0
?i1_strncmp                                               cstackCOMRAM 00002A
LCDpulseEnableNeg@_data                                   cstackBANK0  000065
LCDwritePCF8574@value                                     cstackBANK0  000064
_ADACQ                                                    (abs)        000F5C
_ADACT                                                    (abs)        000F56
_ADCAP                                                    (abs)        000F5D
_ADCON0bits                                               (abs)        000F60
_ADCON1                                                   (abs)        000F59
_ADCON2                                                   (abs)        000F5A
_ADCON3                                                   (abs)        000F5B
_ADPCH                                                    (abs)        000F5F
_ADREF                                                    (abs)        000F58
_ADRESH                                                   (abs)        000F64
_ADRESL                                                   (abs)        000F63
_ADRPT                                                    (abs)        000F66
_ANSELA                                                   (abs)        000E92
_ANSELB                                                   (abs)        000E9A
_ANSELD                                                   (abs)        000EA7
_ANSELE                                                   (abs)        000EAF
_ANSELF                                                   (abs)        000EB4
_ANSELG                                                   (abs)        000EBC
_BAUD1CON                                                 (abs)        000F9E
_BAUD3CON                                                 (abs)        000EF0
_BSR                                                      (abs)        000FE0
_CCP1CONbits                                              (abs)        000FAB
_CCP2CONbits                                              (abs)        000FA7
_CCP3CONbits                                              (abs)        000F26
_CCP4CONbits                                              (abs)        000F22
_CCPR1                                                    (abs)        000FA9
_CCPR2                                                    (abs)        000FA5
_CCPR3                                                    (abs)        000F24
_CCPR4                                                    (abs)        000F20
_CCPTMRS0bits                                             (abs)        000FAD
_CPUDOZEbits                                              (abs)        000E42
_DeviceBurnStatus                                         bssCOMRAM    00000D
_INLVLA                                                   (abs)        000E8E
_INLVLB                                                   (abs)        000E96
_INLVLC                                                   (abs)        000E9E
_INLVLD                                                   (abs)        000EA3
_INLVLE                                                   (abs)        000EAB
_INLVLF                                                   (abs)        000EB0
_INLVLG                                                   (abs)        000EB8
_INLVLH                                                   (abs)        000EBD
_INTCONbits                                               (abs)        000FF2
_IOCBF                                                    (abs)        000E93
_IOCBF0                                                   (abs)        007498
_IOCBN                                                    (abs)        000E94
_IOCBP                                                    (abs)        000E95
_IOCEF                                                    (abs)        000EA8
_IOCEN                                                    (abs)        000EA9
_IOCEP                                                    (abs)        000EAA
_IPR0bits                                                 (abs)        000E1F
_IPR3bits                                                 (abs)        000E22
_IPR4bits                                                 (abs)        000E23
_IPR5bits                                                 (abs)        000E24
_LATA                                                     (abs)        000F79
_LATB                                                     (abs)        000F7A
_LATC                                                     (abs)        000F7B
_LATD                                                     (abs)        000F7C
_LATE                                                     (abs)        000F7D
_LATF                                                     (abs)        000F7E
_LATG                                                     (abs)        000F7F
_LATH                                                     (abs)        000F80
_LCDpulseEnableNeg                                        text114      01F796
_LCDwritePCF8574                                          text115      01F900
_LoraConnectionFailed                                     bssBANK0     0000CD
_NVMADRH                                                  (abs)        000F75
_NVMADRL                                                  (abs)        000F74
_NVMCON1bits                                              (abs)        000F77
_NVMCON2                                                  (abs)        000F78
_NVMDAT                                                   (abs)        000F76
_ODCONA                                                   (abs)        000E90
_ODCONB                                                   (abs)        000E98
_ODCONC                                                   (abs)        000EA0
_ODCOND                                                   (abs)        000EA5
_ODCONE                                                   (abs)        000EAD
_ODCONF                                                   (abs)        000EB2
_ODCONG                                                   (abs)        000EBA
_ODCONH                                                   (abs)        000EBF
_OSCENbits                                                (abs)        000E47
_PCON0bits                                                (abs)        000FD7
_PIE0bits                                                 (abs)        000E29
_PIE3bits                                                 (abs)        000E2C
_PIE4bits                                                 (abs)        000E2D
_PIE5bits                                                 (abs)        000E2E
_PIR0bits                                                 (abs)        000E33
_PIR3bits                                                 (abs)        000E36
_PIR4bits                                                 (abs)        000E37
_PIR5bits                                                 (abs)        000E38
_PORTBbits                                                (abs)        000F8A
_PORTCbits                                                (abs)        000F8B
_PORTDbits                                                (abs)        000F8C
_PORTEbits                                                (abs)        000F8D
_PORTFbits                                                (abs)        000F8E
_PORTGbits                                                (abs)        000F8F
_PORTHbits                                                (abs)        000F90
_RC1REG                                                   (abs)        000F98
_RC1STA                                                   (abs)        000F9C
_RC1STAbits                                               (abs)        000F9C
_RC3PPS                                                   (abs)        000E65
_RC3REG                                                   (abs)        000EEA
_RC3STA                                                   (abs)        000EEE
_RC3STAbits                                               (abs)        000EEE
_RC4PPS                                                   (abs)        000E66
_RC6PPS                                                   (abs)        000E68
_RC7PPS                                                   (abs)        000E69
_RD5PPS                                                   (abs)        000E6F
_RD6PPS                                                   (abs)        000E70
_RE0PPS                                                   (abs)        000E72
_RE1PPS                                                   (abs)        000E73
_RG1PPS                                                   (abs)        000E83
_RG2PPS                                                   (abs)        000E84
_RG3PPS                                                   (abs)        000E85
_SLRCONA                                                  (abs)        000E8F
_SLRCONB                                                  (abs)        000E97
_SLRCONC                                                  (abs)        000E9F
_SLRCOND                                                  (abs)        000EA4
_SLRCONE                                                  (abs)        000EAC
_SLRCONF                                                  (abs)        000EB1
_SLRCONG                                                  (abs)        000EB9
_SLRCONH                                                  (abs)        000EBE
_SP1BRG                                                   (abs)        000F9A
_SP3BRG                                                   (abs)        000EEC
_SSP1ADD                                                  (abs)        000F92
_SSP1BUF                                                  (abs)        000F91
_SSP1CLKPPS                                               (abs)        000E19
_SSP1CON1                                                 (abs)        000F95
_SSP1CON2                                                 (abs)        000F96
_SSP1CON2bits                                             (abs)        000F96
_SSP1DATPPS                                               (abs)        000E1A
_SSP1STAT                                                 (abs)        000F94
_SSP1STATbits                                             (abs)        000F94
_SSP2ADD                                                  (abs)        000ED6
_SSP2BUF                                                  (abs)        000ED5
_SSP2CLKPPS                                               (abs)        000E1C
_SSP2CON1                                                 (abs)        000ED9
_SSP2CON2                                                 (abs)        000EDA
_SSP2CON2bits                                             (abs)        000EDA
_SSP2DATPPS                                               (abs)        000E1D
_SSP2STAT                                                 (abs)        000ED8
_SSP2STATbits                                             (abs)        000ED8
_SmsAU1                                                   mediumconst  00F7EF
_SmsAU2                                                   mediumconst  00F33D
_SmsAU3                                                   mediumconst  00F806
_SmsAU4                                                   mediumconst  00EB71
_SmsConnect                                               mediumconst  00F842
_SmsDR1                                                   mediumconst  00EC62
_SmsDR2                                                   mediumconst  00ECE7
_SmsDR3                                                   mediumconst  00EDCB
_SmsDR4                                                   mediumconst  00ED5F
_SmsFact1                                                 mediumconst  00F853
_SmsFert1                                                 mediumconst  00F08A
_SmsFert2                                                 mediumconst  00F29F
_SmsFert3                                                 mediumconst  00F64C
_SmsFert4                                                 mediumconst  00F5E5
_SmsFert5                                                 mediumconst  00F62A
_SmsFert6                                                 mediumconst  00F608
_SmsFert7                                                 mediumconst  00EFFE
_SmsFert8                                                 mediumconst  00F142
_SmsFilt1                                                 mediumconst  00F7A4
_SmsFilt2                                                 mediumconst  00F751
_SmsFilt3                                                 mediumconst  00F6F2
_SmsFilt4                                                 mediumconst  00F789
_SmsIrr1                                                  mediumconst  00F59E
_SmsIrr10                                                 mediumconst  00F57A
_SmsIrr2                                                  mediumconst  00F3D3
_SmsIrr3                                                  mediumconst  00F509
_SmsIrr4                                                  mediumconst  00F6D1
_SmsIrr5                                                  mediumconst  00F6B0
_SmsIrr6                                                  mediumconst  00F17E
_SmsIrr7                                                  mediumconst  00F871
_SmsIrr8                                                  mediumconst  00F30A
_SmsIrr9                                                  mediumconst  00F2D7
_SmsMS1                                                   mediumconst  00F0CA
_SmsMS2                                                   mediumconst  00F461
_SmsMS3                                                   mediumconst  00F4E1
_SmsMotor1                                                mediumconst  00F1F5
_SmsMotor2                                                mediumconst  00F5C2
_SmsMotor3                                                mediumconst  00F432
_SmsMotor4                                                mediumconst  00F3A2
_SmsPh1                                                   mediumconst  00F403
_SmsPh2                                                   mediumconst  00F045
_SmsPh3                                                   mediumconst  00F7BF
_SmsPh4                                                   mediumconst  00EC1C
_SmsPh5                                                   mediumconst  00EC03
_SmsPh6                                                   mediumconst  00F81C
_SmsPwd1                                                  mediumconst  00F712
_SmsPwd2                                                  mediumconst  00EC35
_SmsPwd3                                                  mediumconst  00F7D8
_SmsRTC1                                                  mediumconst  00F370
_SmsRTC2                                                  mediumconst  00F48F
_SmsRTC3                                                  mediumconst  00F267
_SmsRTC4                                                  mediumconst  00F22F
_SmsSR01                                                  mediumconst  00F106
_SmsSR02                                                  mediumconst  00EE84
_SmsSR03                                                  mediumconst  00EF1F
_SmsSR04                                                  mediumconst  00EED2
_SmsSR05                                                  mediumconst  00EE32
_SmsSR06                                                  mediumconst  00EFB4
_SmsSR07                                                  mediumconst  00EF6A
_SmsSR08                                                  mediumconst  00F531
_SmsSR09                                                  mediumconst  00F732
_SmsSR10                                                  mediumconst  00F556
_SmsSR11                                                  mediumconst  00F4B8
_SmsSR12                                                  mediumconst  00F68F
_SmsSR13                                                  mediumconst  00F66E
_SmsSR14                                                  mediumconst  00F1BA
_SmsSR15                                                  mediumconst  00EBB1
_SmsT1                                                    mediumconst  00F76E
_SmsT2                                                    mediumconst  00F862
_SmsTest                                                  mediumconst  00F82F
_T0CON0                                                   (abs)        000FD5
_T0CON0bits                                               (abs)        000FD5
_T0CON1                                                   (abs)        000FD6
_T1CON                                                    (abs)        000FCF
_T1CONbits                                                (abs)        000FCF
_T2CLKCONbits                                             (abs)        000FBF
_T2CONbits                                                (abs)        000FBD
_T2PR                                                     (abs)        000FBC
_T2TMR                                                    (abs)        000FBB
_T3CON                                                    (abs)        000FC9
_T3CONbits                                                (abs)        000FC9
_TMR0H                                                    (abs)        000FD4
_TMR0L                                                    (abs)        000FD3
_TMR1CLK                                                  (abs)        000FD2
_TMR1H                                                    (abs)        000FCE
_TMR1L                                                    (abs)        000FCD
_TMR3CLK                                                  (abs)        000FCC
_TMR3H                                                    (abs)        000FC8
_TMR3L                                                    (abs)        000FC7
_TRISA                                                    (abs)        000F81
_TRISB                                                    (abs)        000F82
_TRISC                                                    (abs)        000F83
_TRISD                                                    (abs)        000F84
_TRISE                                                    (abs)        000F85
_TRISF                                                    (abs)        000F86
_TRISG                                                    (abs)        000F87
_TRISH                                                    (abs)        000F88
_TX1REG                                                   (abs)        000F99
_TX1STA                                                   (abs)        000F9D
_TX3REG                                                   (abs)        000EEB
_TX3STA                                                   (abs)        000EEF
_Timer0Overflow                                           bssCOMRAM    000019
_Timer1Overflow                                           bssBANK1     000152
_Timer3Overflow                                           bssBANK1     000151
_WDTCON0bits                                              (abs)        000E3D
_WPUA                                                     (abs)        000E91
_WPUB                                                     (abs)        000E99
_WPUC                                                     (abs)        000EA1
_WPUD                                                     (abs)        000EA6
_WPUE                                                     (abs)        000EAE
_WPUF                                                     (abs)        000EB3
_WPUG                                                     (abs)        000EBB
_WPUH                                                     (abs)        000EC0
__HRAM                                                    (abs)        000000
__Habs1                                                   abs1         000000
__Hbank0                                                  bank0        000000
__Hbank1                                                  bank1        000000
__Hbank10                                                 bank10       000000
__Hbank11                                                 bank11       000000
__Hbank12                                                 bank12       000000
__Hbank13                                                 bank13       000000
__Hbank2                                                  bank2        000000
__Hbank3                                                  bank3        000000
__Hbank4                                                  bank4        000000
__Hbank5                                                  bank5        000000
__Hbank6                                                  bank6        000000
__Hbank7                                                  bank7        000000
__Hbank8                                                  bank8        000000
__Hbank9                                                  bank9        000000
__Hbigbss                                                 bigbss       000000
__Hbigdata                                                bigdata      000000
__Hbigram                                                 bigram       000000
__Hbigsfr                                                 bigsfr       000000
__Hbss                                                    bss          000000
__HbssBANK0                                               bssBANK0     000000
__HbssBANK1                                               bssBANK1     000000
__HbssBANK2                                               bssBANK2     000000
__HbssBANK4                                               bssBANK4     000000
__HbssBIGRAM                                              bssBIGRAM    000000
__HbssCOMRAM                                              bssCOMRAM    000000
__Hcinit                                                  cinit        000000
__Hclrtext                                                clrtext      000000
__Hcomram                                                 comram       000000
__Hconfig                                                 config       30000C
__Hconst                                                  const        000000
__HcstackBANK0                                            cstackBANK0  000000
__HcstackBANK1                                            cstackBANK1  000000
__HcstackCOMRAM                                           cstackCOMRAM 000000
__Hdata                                                   data         000000
__HdataBANK1                                              dataBANK1    000000
__HdataBANK2                                              dataBANK2    000000
__HdataBANK3                                              dataBANK3    000000
__Heeprom_data                                            eeprom_data  3103C0
__Hfarbss                                                 farbss       000000
__Hfardata                                                fardata      000000
__Hheap                                                   heap         000000
__Hibigdata                                               ibigdata     000000
__Hidata                                                  idata        000000
__HidataBANK1                                             idataBANK1   000000
__HidataBANK2                                             idataBANK2   000000
__HidataBANK3                                             idataBANK3   000000
__Hidloc                                                  idloc        200010
__Hifardata                                               ifardata     000000
__Hinit                                                   init         00061E
__Hintcode                                                intcode      00000E
__Hintcode_body                                           intcode_body 000000
__Hintcodelo                                              intcodelo    00061A
__Hintentry                                               intentry     000000
__Hintret                                                 intret       000000
__Hintsave_regs                                           intsave_regs 000000
__Hirdata                                                 irdata       000000
__Hmediumconst                                            mediumconst  010000
__HnvFARRAM                                               nvFARRAM     000000
__Hnvbit                                                  nvbit        000000
__Hnvrram                                                 nvrram       000000
__Hparam                                                  rparam       000000
__Hpowerup                                                powerup      00061A
__Hram                                                    ram          000000
__Hramtop                                                 ramtop       000E00
__Hrbit                                                   rbit         000000
__Hrbss                                                   rbss         000000
__Hrdata                                                  rdata        000000
__Hreset_vec                                              reset_vec    000004
__Hrparam                                                 rparam       000000
__Hsfr                                                    sfr          000000
__Hsmallconst                                             smallconst   000000
__Hspace_0                                                (abs)        3103C0
__Hspace_1                                                (abs)        0006E4
__Hspace_2                                                (abs)        000000
__Hspace_4                                                (abs)        60000C
__Hstack                                                  stack        000000
__Hstruct                                                 struct       000000
__Htemp                                                   temp         000044
__Htext                                                   text         000000
__Htext0                                                  text0        000000
__Htext1                                                  text1        000000
__Htext10                                                 text10       000000
__Htext100                                                text100      000000
__Htext101                                                text101      000000
__Htext102                                                text102      000000
__Htext103                                                text103      000000
__Htext104                                                text104      000000
__Htext105                                                text105      000000
__Htext106                                                text106      000000
__Htext107                                                text107      000000
__Htext108                                                text108      000000
__Htext109                                                text109      000000
__Htext11                                                 text11       000000
__Htext110                                                text110      000000
__Htext111                                                text111      000000
__Htext112                                                text112      000000
__Htext113                                                text113      000000
__Htext114                                                text114      000000
__Htext115                                                text115      000000
__Htext116                                                text116      000000
__Htext117                                                text117      000000
__Htext118                                                text118      000000
__Htext119                                                text119      000000
__Htext12                                                 text12       000000
__Htext120                                                text120      000000
__Htext121                                                text121      000000
__Htext122                                                text122      000000
__Htext123                                                text123      000000
__Htext124                                                text124      000000
__Htext125                                                text125      000000
__Htext126                                                text126      000000
__Htext127                                                text127      000000
__Htext128                                                text128      000000
__Htext129                                                text129      000000
__Htext13                                                 text13       000000
__Htext130                                                text130      000000
__Htext132                                                text132      000000
__Htext133                                                text133      000000
__Htext135                                                text135      000000
__Htext136                                                text136      000000
__Htext14                                                 text14       000000
__Htext15                                                 text15       000000
__Htext16                                                 text16       000000
__Htext17                                                 text17       000000
__Htext18                                                 text18       000000
__Htext19                                                 text19       000000
__Htext2                                                  text2        000000
__Htext20                                                 text20       000000
__Htext21                                                 text21       000000
__Htext22                                                 text22       000000
__Htext23                                                 text23       000000
__Htext24                                                 text24       000000
__Htext25                                                 text25       000000
__Htext26                                                 text26       000000
__Htext27                                                 text27       000000
__Htext28                                                 text28       000000
__Htext29                                                 text29       000000
__Htext3                                                  text3        000000
__Htext30                                                 text30       000000
__Htext31                                                 text31       000000
__Htext32                                                 text32       000000
__Htext33                                                 text33       000000
__Htext34                                                 text34       000000
__Htext35                                                 text35       000000
__Htext36                                                 text36       000000
__Htext37                                                 text37       000000
__Htext38                                                 text38       000000
__Htext39                                                 text39       000000
__Htext4                                                  text4        000000
__Htext40                                                 text40       000000
__Htext41                                                 text41       000000
__Htext42                                                 text42       000000
__Htext43                                                 text43       000000
__Htext44                                                 text44       000000
__Htext45                                                 text45       000000
__Htext46                                                 text46       000000
__Htext47                                                 text47       000000
__Htext48                                                 text48       000000
__Htext49                                                 text49       000000
__Htext5                                                  text5        000000
__Htext50                                                 text50       000000
__Htext51                                                 text51       000000
__Htext52                                                 text52       000000
__Htext53                                                 text53       000000
__Htext54                                                 text54       000000
__Htext55                                                 text55       000000
__Htext56                                                 text56       000000
__Htext57                                                 text57       000000
__Htext58                                                 text58       000000
__Htext59                                                 text59       000000
__Htext6                                                  text6        000000
__Htext60                                                 text60       000000
__Htext61                                                 text61       000000
__Htext62                                                 text62       000000
__Htext63                                                 text63       000000
__Htext64                                                 text64       000000
__Htext65                                                 text65       000000
__Htext66                                                 text66       000000
__Htext67                                                 text67       000000
__Htext68                                                 text68       000000
__Htext69                                                 text69       000000
__Htext7                                                  text7        000000
__Htext70                                                 text70       000000
__Htext71                                                 text71       000000
__Htext72                                                 text72       000000
__Htext73                                                 text73       000000
__Htext74                                                 text74       000000
__Htext75                                                 text75       000000
__Htext76                                                 text76       000000
__Htext77                                                 text77       000000
__Htext78                                                 text78       000000
__Htext79                                                 text79       000000
__Htext8                                                  text8        000000
__Htext80                                                 text80       000000
__Htext81                                                 text81       000000
__Htext82                                                 text82       000000
__Htext83                                                 text83       000000
__Htext84                                                 text84       000000
__Htext85                                                 text85       000000
__Htext86                                                 text86       000000
__Htext87                                                 text87       000000
__Htext88                                                 text88       000000
__Htext89                                                 text89       000000
__Htext9                                                  text9        000000
__Htext90                                                 text90       000000
__Htext91                                                 text91       000000
__Htext92                                                 text92       000000
__Htext93                                                 text93       000000
__Htext94                                                 text94       000000
__Htext95                                                 text95       000000
__Htext96                                                 text96       000000
__Htext97                                                 text97       000000
__Htext98                                                 text98       000000
__Htext99                                                 text99       000000
__LRAM                                                    (abs)        000001
__Labs1                                                   abs1         000000
__Lbank0                                                  bank0        000000
__Lbank1                                                  bank1        000000
__Lbank10                                                 bank10       000000
__Lbank11                                                 bank11       000000
__Lbank12                                                 bank12       000000
__Lbank13                                                 bank13       000000
__Lbank2                                                  bank2        000000
__Lbank3                                                  bank3        000000
__Lbank4                                                  bank4        000000
__Lbank5                                                  bank5        000000
__Lbank6                                                  bank6        000000
__Lbank7                                                  bank7        000000
__Lbank8                                                  bank8        000000
__Lbank9                                                  bank9        000000
__Lbigbss                                                 bigbss       000000
__Lbigdata                                                bigdata      000000
__Lbigram                                                 bigram       000000
__Lbigsfr                                                 bigsfr       000000
__Lbss                                                    bss          000000
__LbssBANK0                                               bssBANK0     000000
__LbssBANK1                                               bssBANK1     000000
__LbssBANK2                                               bssBANK2     000000
__LbssBANK4                                               bssBANK4     000000
__LbssBIGRAM                                              bssBIGRAM    000000
__LbssCOMRAM                                              bssCOMRAM    000000
__Lcinit                                                  cinit        000000
__Lclrtext                                                clrtext      000000
__Lcomram                                                 comram       000000
__Lconfig                                                 config       000000
__Lconst                                                  const        000000
__LcstackBANK0                                            cstackBANK0  000000
__LcstackBANK1                                            cstackBANK1  000000
__LcstackCOMRAM                                           cstackCOMRAM 000000
__Ldata                                                   data         000000
__LdataBANK1                                              dataBANK1    000000
__LdataBANK2                                              dataBANK2    000000
__LdataBANK3                                              dataBANK3    000000
__Leeprom_data                                            eeprom_data  310000
__Lfarbss                                                 farbss       000000
__Lfardata                                                fardata      000000
__Lheap                                                   heap         000000
__Libigdata                                               ibigdata     000000
__Lidata                                                  idata        000000
__LidataBANK1                                             idataBANK1   000000
__LidataBANK2                                             idataBANK2   000000
__LidataBANK3                                             idataBANK3   000000
__Lidloc                                                  idloc        000000
__Lifardata                                               ifardata     000000
__Linit                                                   init         00061A
__Lintcode                                                intcode      000008
__Lintcode_body                                           intcode_body 000000
__Lintcodelo                                              intcodelo    000018
__Lintentry                                               intentry     000000
__Lintret                                                 intret       000000
__Lintsave_regs                                           intsave_regs 000000
__Lirdata                                                 irdata       000000
__Lmediumconst                                            mediumconst  00EB70
__LnvFARRAM                                               nvFARRAM     000000
__Lnvbit                                                  nvbit        000000
__Lnvrram                                                 nvrram       000000
__Lparam                                                  rparam       000000
__Lpowerup                                                powerup      00061A
__Lram                                                    ram          000000
__Lramtop                                                 ramtop       000E00
__Lrbit                                                   rbit         000000
__Lrbss                                                   rbss         000000
__Lrdata                                                  rdata        000000
__Lreset_vec                                              reset_vec    000000
__Lrparam                                                 rparam       000000
__Lsfr                                                    sfr          000000
__Lsmallconst                                             smallconst   000000
__Lspace_0                                                (abs)        000000
__Lspace_1                                                (abs)        000000
__Lspace_2                                                (abs)        000000
__Lspace_4                                                (abs)        000000
__Lstack                                                  stack        000000
__Lstruct                                                 struct       000000
__Ltemp                                                   temp         000043
[...]
sendCmdToLora@SlaveNo                                     cstackBANK0  00007D
sendSms@info                                              cstackBANK0  00007C
sendSms@message                                           cstackBANK0  000078
sendSms@phoneNumber                                       cstackBANK0  00007A
setGsmToLocalTime@i                                       cstackBANK0  00007E
setGsmToLocalTime@i_1674                                  cstackBANK0  000080
sprintf@ap                                                cstackBANK1  0001D7
sprintf@f                                                 cstackBANK1  0001D9
sprintf@fmt                                               cstackBANK0  0000BA
sprintf@s                                                 cstackBANK0  0000B8
srand@s                                                   cstackBANK0  000060
stackhi                                                   (abs)        000000
stacklo                                                   (abs)        000000
start                                                     init         00061A
start_initialization                                      cinit        01DFDC
strcpyCustom@d                                            cstackBANK0  000065
strcpyCustom@dest                                         cstackBANK0  000060
strcpyCustom@s                                            cstackBANK0  000067
strcpyCustom@src                                          cstackBANK0  000062
strlen@a                                                  cstackBANK0  000062
strlen@s                                                  cstackBANK0  000060
strncmp@_l                                                cstackBANK0  000060
strncmp@_r                                                cstackBANK0  000062
strncmp@l                                                 cstackBANK0  000068
strncmp@n                                                 cstackBANK0  000064
strncmp@r                                                 cstackBANK0  00006A
strncpy@cp                                                cstackBANK0  000066
strncpy@d                                                 cstackBANK0  000060
strncpy@n                                                 cstackBANK0  000064
strncpy@s                                                 cstackBANK0  000062
transmitNumberToGSM@index                                 cstackBANK0  000063
transmitNumberToGSM@j                                     cstackBANK0  000065
transmitNumberToGSM@number                                cstackBANK0  000061
transmitNumberToLora@index                                cstackBANK0  000063
transmitNumberToLora@j                                    cstackBANK0  000065
transmitNumberToLora@number                               cstackBANK0  000061
transmitStringToGSM@string                                cstackBANK0  000061
transmitStringToLora@string                               cstackBANK0  000061
ttemp5                                                    temp         000044
ttemp6                                                    temp         000047
ttemp7                                                    temp         00004B
txByte@serialData                                         cstackBANK0  000060
txByteLora@serialData                                     cstackBANK0  000060
vfpfcnvrt@ap                                              cstackBANK0  0000A3
vfpfcnvrt@c                                               cstackBANK0  0000AF
vfpfcnvrt@fmt                                             cstackBANK0  0000A1
vfpfcnvrt@fp                                              cstackBANK0  00009F
vfpfcnvrt@ll                                              cstackBANK0  0000A7
vfprintf@ap                                               cstackBANK0  0000B4
vfprintf@cfmt                                             cstackBANK0  0000B6
vfprintf@fmt                                              cstackBANK0  0000B2
vfprintf@fp                                               cstackBANK0  0000B0
wtemp8                                                    temp         000044


MODULE INFORMATION

Module		Function		Class		Link	Load	Size
C:\Program Files\Microchip\xc8\v2.35\pic\sources\c99\common\putch.c
		_putch         		CODE           	1F9DC	0000	2

C:\Program Files\Microchip\xc8\v2.35\pic\sources\c99\common\putch.c estimated size: 2

C:\Program Files\Microchip\xc8\v2.35\pic\sources\c99\common\rand.c
		_srand         		CODE           	1F76C	0000	42
		_rand          		CODE           	1EA42	0000	128

C:\Program Files\Microchip\xc8\v2.35\pic\sources\c99\common\rand.c estimated size: 170

C:\Program Files\Microchip\xc8\v2.35\pic\sources\c99\common\aodiv.c
		___aodiv       		CODE           	1CA26	0000	394

C:\Program Files\Microchip\xc8\v2.35\pic\sources\c99\common\aodiv.c estimated size: 394

C:\Program Files\Microchip\xc8\v2.35\pic\sources\c99\common\nf_sprintf.c
		_sprintf       		CODE           	1EF32	0000	90

C:\Program Files\Microchip\xc8\v2.35\pic\sources\c99\common\nf_sprintf.c estimated size: 90

i2c.c
		_lcd_i2cWait   		CODE           	1F6B2	0000	48
		_lcd_i2cStop   		CODE           	1F9A0	0000	18
		_lcd_i2cWrite  		CODE           	1F896	0000	28
		_lcd_i2cStart  		CODE           	1F9B2	0000	18
		_rtc_i2cRead   		CODE           	1F286	0000	82
		_rtc_i2cWait   		CODE           	1F5B8	0000	54
		_rtc_i2cStop   		CODE           	1F918	0000	20
		_rtc_i2cWrite  		CODE           	1F878	0000	30
		_rtc_i2cStart  		CODE           	1F92C	0000	20
		_lcd_i2cWriteByteSingleReg		CODE           	1F7E8	0000	40
		_rtc_i2cRestart		CODE           	1F940	0000	20

i2c.c estimated size: 378

C:\Program Files\Microchip\xc8\v2.35\pic\sources\c99\common\nf_fputc.c
		_fputc         		CODE           	1DA62	0000	204

C:\Program Files\Microchip\xc8\v2.35\pic\sources\c99\common\nf_fputc.c estimated size: 204

C:\Program Files\Microchip\xc8\v2.35\pic\sources\c99\common\lwdiv.c
		___lwdiv       		CODE           	1EB3A	0000	118

C:\Program Files\Microchip\xc8\v2.35\pic\sources\c99\common\lwdiv.c estimated size: 118

C:\Program Files\Microchip\xc8\v2.35\pic\sources\c99\common\Umul16.c
		___wmul        		CODE           	1F7C0	0000	40

C:\Program Files\Microchip\xc8\v2.35\pic\sources\c99\common\Umul16.c estimated size: 40

C:\Program Files\Microchip\xc8\v2.35\pic\sources\c99\common\awdiv.c
		___awdiv       		CODE           	1DF16	0000	198

C:\Program Files\Microchip\xc8\v2.35\pic\sources\c99\common\awdiv.c estimated size: 198

main_1.c
		_timerInterrupt_handler		CODE           	0018	0000	1538
		_main          		CODE           	1C1DA	0000	438
		_rxANDiocInterrupt_handler		CODE           	0008	0000	902

main_1.c estimated size: 2878

dataEncryption.c
		_base64Decoder 		CODE           	19FC2	0000	1040

dataEncryption.c estimated size: 1040

lora.c
		_isLoraResponseAck		CODE           	19B8A	0000	1080
		_rxByteLora    		CODE           	1F954	0000	20
		_txByteLora    		CODE           	1F8CC	0000	26
		_transmitStringToLora		CODE           	1F234	0000	82
		_transmitNumberToLora		CODE           	1F3FE	0000	72
		_sendCmdToLora 		CODE           	1A3D2	0000	960

lora.c estimated size: 2240

gsm.c
		_configureGSM  		CODE           	1C6F4	0000	418
		_checkSignalStrength		CODE           	1974A	0000	1088
		_sendSms       		CODE           	12A2A	0000	4142
		_deleteMsgFromSIMStorage		CODE           	1F1E2	0000	82
		_rxByte        		CODE           	1F968	0000	20
		_txByte        		CODE           	1F8B2	0000	26
		_setGsmToLocalTime		CODE           	1C390	0000	434
		_transmitStringToGSM		CODE           	1EFE6	0000	88
		_transmitNumberToGSM		CODE           	1F3B6	0000	72

gsm.c estimated size: 6370

C:\Program Files\Microchip\xc8\v2.35\pic\sources\c99\common\strncmp.c
		_strncmp       		CODE           	1D0D0	0000	294

C:\Program Files\Microchip\xc8\v2.35\pic\sources\c99\common\strncmp.c estimated size: 294

C:\Program Files\Microchip\xc8\v2.35\pic\sources\c99\common\strncpy.c
		_strncpy       		CODE           	1E936	0000	134

C:\Program Files\Microchip\xc8\v2.35\pic\sources\c99\common\strncpy.c estimated size: 134

eeprom.c
		_saveActiveSleepCountIntoEeprom		CODE           	1E354	0000	166
		_readRemainingFertigationOnPeriodFromEeprom		CODE           	1D7E8	0000	214
		_saveIrrigationValveConfigurationStatusIntoEeprom		CODE           	1F094	0000	84
		_readValveDataFromEeprom		CODE           	14738	0000	3240
		_saveFertigationValveStatusIntoEeprom		CODE           	1DCBE	0000	200
		_saveMobileNoIntoEeprom		CODE           	1E8AC	0000	138
		_saveResetCountIntoEeprom		CODE           	1EE78	0000	96
		_readResetCountFromEeprom		CODE           	1F446	0000	70
		_saveFactryPswrdIntoEeprom		CODE           	1E798	0000	138
		_eepromWrite   		CODE           	1F5EE	0000	52
		_saveMotorLoadValuesIntoEeprom		CODE           	1CF9A	0000	310
		_readFieldIrrigationValveNoFromEeprom		CODE           	1ED54	0000	100
		_readActiveSleepCountFromEeprom		CODE           	1D8BE	0000	214
		_saveIrrigationValveValuesIntoEeprom		CODE           	1B6E2	0000	694
		_saveIrrigationValveCycleStatusIntoEeprom		CODE           	1F13C	0000	84
		_saveIrrigationValveNoIntoEeprom		CODE           	1ECF0	0000	100
		_savePasswordIntoEeprom		CODE           	1E822	0000	138
		_saveAuthenticationStatus		CODE           	1F190	0000	82
		_saveIrrigationValveOnOffStatusIntoEeprom		CODE           	1F0E8	0000	84
		_saveIrrigationValveDueTimeIntoEeprom		CODE           	1DE4E	0000	200
		_saveFiltrationSequenceData		CODE           	1BE10	0000	502
		_saveFertigationValveValuesIntoEeprom		CODE           	17570	0000	1790
		_saveDeviceProgramStatusIntoEeprom		CODE           	1EDB8	0000	96
		_saveRTCBatteryStatus		CODE           	1EE18	0000	96
		_readMotorLoadValuesFromEeprom		CODE           	1C896	0000	400
		_readDeviceProgramStatusFromEeprom		CODE           	1EED8	0000	90
		_saveRemainingFertigationOnPeriod		CODE           	1E200	0000	170
		_loadDataFromEeprom		CODE           	18300	0000	1400
		_eepromRead    		CODE           	1F810	0000	38

eeprom.c estimated size: 10986

C:\Program Files\Microchip\xc8\v2.35\pic\sources\c99\common\abs.c
		_abs           		CODE           	1F48C	0000	66

C:\Program Files\Microchip\xc8\v2.35\pic\sources\c99\common\abs.c estimated size: 66

C:\Program Files\Microchip\xc8\v2.35\pic\sources\c99\common\Umul32.c
		___lmul        		CODE           	1EC1E	0000	108

C:\Program Files\Microchip\xc8\v2.35\pic\sources\c99\common\Umul32.c estimated size: 108

shared
		_SmsDR1        		MEDIUMCONST    	EC62	0000	133
		_SmsSR11       		MEDIUMCONST    	F4B8	0000	41
		_SmsIrr1       		MEDIUMCONST    	F59E	0000	36
		_SmsIrr10      		MEDIUMCONST    	F57A	0000	36
		_extract       		MEDIUMCONST    	F894	0000	8
		_SmsT2         		MEDIUMCONST    	F862	0000	15
		_SmsPwd3       		MEDIUMCONST    	F7D8	0000	23
		_SmsDR4        		MEDIUMCONST    	ED5F	0000	108
		_SmsSR03       		MEDIUMCONST    	EF1F	0000	75
		_SmsSR14       		MEDIUMCONST    	F1BA	0000	59
		_SmsIrr4       		MEDIUMCONST    	F6D1	0000	33
		_map           		MEDIUMCONST    	F911	0000	4
		_fdata         		MEDIUMCONST    	F8E7	0000	6
		_SmsSR06       		MEDIUMCONST    	EFB4	0000	74
		i1_deleteDecodedString		CODE           	1F6E2	0000	48
		i1_strncmp     		CODE           	1D436	0000	284
		_disable       		MEDIUMCONST    	F8A4	0000	8
		_SmsIrr7       		MEDIUMCONST    	F871	0000	15
		_SmsRTC2       		MEDIUMCONST    	F48F	0000	41
		_getfreq       		MEDIUMCONST    	F88C	0000	8
		_SmsTest       		MEDIUMCONST    	F82F	0000	19
		_SmsPh2        		MEDIUMCONST    	F045	0000	69
		_SmsSR09       		MEDIUMCONST    	F732	0000	31
		_SmsMotor1     		MEDIUMCONST    	F1F5	0000	58
		_SmsMotor2     		MEDIUMCONST    	F5C2	0000	35
		_SmsMotor3     		MEDIUMCONST    	F432	0000	47
		_SmsMotor4     		MEDIUMCONST    	F3A2	0000	49
		_SmsPh5        		MEDIUMCONST    	EC03	0000	25
		_feed          		MEDIUMCONST    	F8ED	0000	5
		_SmsFilt1      		MEDIUMCONST    	F7A4	0000	27
		_SmsFilt2      		MEDIUMCONST    	F751	0000	29
		_SmsFilt3      		MEDIUMCONST    	F6F2	0000	32
		_SmsFilt4      		MEDIUMCONST    	F789	0000	27
		_active        		MEDIUMCONST    	F8C1	0000	7
		_SmsAU1        		MEDIUMCONST    	F7EF	0000	23
		_slave         		MEDIUMCONST    	F8DB	0000	6
		_SmsAU4        		MEDIUMCONST    	EB71	0000	64
		_SmsMS2        		MEDIUMCONST    	F461	0000	46
		_SmsSR10       		MEDIUMCONST    	F556	0000	36
		_SmsPwd2       		MEDIUMCONST    	EC35	0000	23
		_eepromAddress 		MEDIUMCONST    	EBE3	0000	32
		_SmsDR2        		MEDIUMCONST    	ECE7	0000	120
		_SmsSR02       		MEDIUMCONST    	EE84	0000	78
		_sensor        		MEDIUMCONST    	F8AC	0000	7
		_SmsSR13       		MEDIUMCONST    	F66E	0000	33
		_enable        		MEDIUMCONST    	F8C8	0000	7
		_SmsIrr3       		MEDIUMCONST    	F509	0000	40
		_countryCode   		MEDIUMCONST    	F909	0000	4
		_set           		MEDIUMCONST    	F915	0000	4
		_SmsSR05       		MEDIUMCONST    	EE32	0000	82
		_alive         		MEDIUMCONST    	F8CF	0000	6
		_cmti          		MEDIUMCONST    	EC4C	0000	14
		__initialization		CODE           	1DFDC	0000	176
		_SmsIrr6       		MEDIUMCONST    	F17E	0000	60
		_SmsRTC1       		MEDIUMCONST    	F370	0000	50
		_SmsSR08       		MEDIUMCONST    	F531	0000	37
		_hook          		MEDIUMCONST    	F8FC	0000	5
		_SmsPh3        		MEDIUMCONST    	F7BF	0000	25
		_ok            		MEDIUMCONST    	EC5F	0000	3
		_SmsIrr9       		MEDIUMCONST    	F2D7	0000	51
		_SmsRTC4       		MEDIUMCONST    	F22F	0000	56
		_SmsPh6        		MEDIUMCONST    	F81C	0000	19
		_dactive       		MEDIUMCONST    	F89C	0000	8
		_ct            		MEDIUMCONST    	F91C	0000	3
		_on            		MEDIUMCONST    	F919	0000	3
		_SmsConnect    		MEDIUMCONST    	F842	0000	17
		_SmsAU2        		MEDIUMCONST    	F33D	0000	51
		_error         		MEDIUMCONST    	F8D5	0000	6
		_SmsFert1      		MEDIUMCONST    	F08A	0000	64
		_SmsFert2      		MEDIUMCONST    	F29F	0000	56
		_SmsFert3      		MEDIUMCONST    	F64C	0000	34
		_SmsFert4      		MEDIUMCONST    	F5E5	0000	35
		_SmsFert5      		MEDIUMCONST    	F62A	0000	34
		_SmsFert6      		MEDIUMCONST    	F608	0000	34
		_SmsFert7      		MEDIUMCONST    	EFFE	0000	71
		_SmsFert8      		MEDIUMCONST    	F142	0000	60
		_idle          		MEDIUMCONST    	EC5A	0000	5
		_SmsMS3        		MEDIUMCONST    	F4E1	0000	40
		_SmsPwd1       		MEDIUMCONST    	F712	0000	32
		_SmsSR01       		MEDIUMCONST    	F106	0000	60
		_inject        		MEDIUMCONST    	F8BA	0000	7
		_SmsDR3        		MEDIUMCONST    	EDCB	0000	103
		_SmsSR12       		MEDIUMCONST    	F68F	0000	33
		_SmsIrr2       		MEDIUMCONST    	F3D3	0000	48
		_SmsSR04       		MEDIUMCONST    	EED2	0000	77
		_getct         		MEDIUMCONST    	F8E1	0000	6
		_SmsSR15       		MEDIUMCONST    	EBB1	0000	50
		_secret        		MEDIUMCONST    	F880	0000	12
		_SmsIrr5       		MEDIUMCONST    	F6B0	0000	33
		_SmsFact1      		MEDIUMCONST    	F853	0000	15
		_hold          		MEDIUMCONST    	F8F7	0000	5
		_master        		MEDIUMCONST    	F8B3	0000	7
		_ack           		MEDIUMCONST    	F901	0000	4
		_off           		MEDIUMCONST    	F905	0000	4
		_SmsSR07       		MEDIUMCONST    	EF6A	0000	74
		_SmsPh1        		MEDIUMCONST    	F403	0000	47
		_SmsIrr8       		MEDIUMCONST    	F30A	0000	51
		_SmsRTC3       		MEDIUMCONST    	F267	0000	56
		_admin         		MEDIUMCONST    	F91F	0000	3
		_SmsT1         		MEDIUMCONST    	F76E	0000	27
		_SmsPh4        		MEDIUMCONST    	EC1C	0000	25
		_setct         		MEDIUMCONST    	F90D	0000	4
		_time          		MEDIUMCONST    	F8F2	0000	5
		_SmsAU3        		MEDIUMCONST    	F806	0000	22
		_SmsMS1        		MEDIUMCONST    	F0CA	0000	60

shared estimated size: 4013

ADC.c
		_getADCResult  		CODE           	1F326	0000	72
		_selectChannel 		CODE           	1DBF6	0000	200

ADC.c estimated size: 272

i2c_LCD_PCF8574.c
		_lcdSetCursor  		CODE           	1EF8C	0000	90
		_lcdDisplayOn  		CODE           	1F9C4	0000	12
		_LCDwritePCF8574		CODE           	1F900	0000	24
		_lcdDisplayOff 		CODE           	1F9D0	0000	12
		_LCDpulseEnableNeg		CODE           	1F796	0000	42
		_lcdClear      		CODE           	1F836	0000	34
		_lcdCommandWrite		CODE           	1F98E	0000	18
		_lcdInit       		CODE           	1D710	0000	216
		_lcdSend       		CODE           	1F712	0000	46
		_lcdWrite4Bits 		CODE           	1F8E6	0000	26
		_lcdDataWrite  		CODE           	1F97C	0000	18
		_lcdWriteStringAtCenter		CODE           	1D636	0000	218

i2c_LCD_PCF8574.c estimated size: 756

C:\Program Files\Microchip\xc8\v2.35\pic\sources\c99\common\strlen.c
		_strlen        		CODE           	1F548	0000	58

C:\Program Files\Microchip\xc8\v2.35\pic\sources\c99\common\strlen.c estimated size: 58

controllerActions.c
		_isNumber      		CODE           	1F652	0000	48
		_deleteValveData		CODE           	1BBE2	0000	558
		_doLowPhaseAction		CODE           	1D1F6	0000	292
		_doDryRunAction		CODE           	16556	0000	2204
		_isFieldMoistureSensorWetLora		CODE           	1E49C	0000	160
		_deleteUserData		CODE           	1F03E	0000	86
		_fetchFieldNo  		CODE           	1AB12	0000	802
		_isRTCBatteryDrained		CODE           	1E5D8	0000	156
		_actionsOnSleepCountFinish		CODE           	13A58	0000	3296
		_actionsOnSystemReset		CODE           	153E0	0000	2244
		_deepSleep     		CODE           	1B424	0000	702
		_deleteDecodedString		CODE           	1F682	0000	48
		_setFactoryPincode		CODE           	1E708	0000	144
		_calibrateMotorCurrent		CODE           	18878	0000	1316
		_strcpyCustom  		CODE           	1E674	0000	148
		_days          		CODE           	1D31A	0000	284
		_doPhaseFailureAction		CODE           	1CD16	0000	332
		_randomPasswordGeneration		CODE           	1E53C	0000	156
		_configureController		CODE           	1AE34	0000	774
		_deActivateValve		CODE           	1C542	0000	434
		_getDateFromGSM		CODE           	1C006	0000	468
		_deleteGsmResponse		CODE           	1F582	0000	54
		_powerOffMotor 		CODE           	1E9BC	0000	134
		_actionsOnDueValve		CODE           	17C6E	0000	1682
		_checkResetType		CODE           	1CE62	0000	312
		_isMotorInNoLoad		CODE           	1D994	0000	206
		_scanValveScheduleAndGetSleepCount		CODE           	15CA4	0000	2226
		_extractReceivedSms		CODE           	10000	0000	10794
		_isBase64String		CODE           	1F2D8	0000	78
		_phaseFailure  		CODE           	1E2AA	0000	170
		_getDueDate    		CODE           	1928E	0000	1212
		_activateValve 		CODE           	18D9C	0000	1266
		_deleteStringToDecode		CODE           	1F622	0000	48
		_hardResetMenu 		CODE           	16DF2	0000	1918
		_powerOnMotor  		CODE           	1EAC2	0000	120

controllerActions.c estimated size: 34872

C:\Program Files\Microchip\xc8\v2.35\pic\sources\c99\common\aomod.c
		___aomod       		CODE           	1CBB0	0000	358

C:\Program Files\Microchip\xc8\v2.35\pic\sources\c99\common\aomod.c estimated size: 358

C:\Program Files\Microchip\xc8\v2.35\pic\sources\c99\common\nf_fputs.c
		_fputs         		CODE           	1F36E	0000	72

C:\Program Files\Microchip\xc8\v2.35\pic\sources\c99\common\nf_fputs.c estimated size: 72

i2c_RTC_DS1307.c
		_decimal2BCD   		CODE           	1F4CE	0000	62
		_bcd2Decimal   		CODE           	1F858	0000	32
		_fetchTimefromRTC		CODE           	1E096	0000	184
		_feedTimeInRTC 		CODE           	1E3FA	0000	162

i2c_RTC_DS1307.c estimated size: 440

C:\Program Files\Microchip\xc8\v2.35\pic\sources\c99\common\lwmod.c
		___lwmod       		CODE           	1EC8A	0000	102

C:\Program Files\Microchip\xc8\v2.35\pic\sources\c99\common\lwmod.c estimated size: 102

C:\Program Files\Microchip\xc8\v2.35\pic\sources\c99\common\awmod.c
		___awmod       		CODE           	1E14E	0000	178

C:\Program Files\Microchip\xc8\v2.35\pic\sources\c99\common\awmod.c estimated size: 178

C:\Program Files\Microchip\xc8\v2.35\pic\sources\c99\common\doprnt.c
		_vfpfcnvrt     		CODE           	1B998	0000	586
		_pad           		CODE           	1DD86	0000	200
		_ctoa          		CODE           	1D552	0000	228
		_dtoa          		CODE           	1B13A	0000	746
		_vfprintf      		CODE           	1EBB0	0000	110

C:\Program Files\Microchip\xc8\v2.35\pic\sources\c99\common\doprnt.c estimated size: 1870

