Microchip MPLAB XC8 Compiler V2.35

Linker command line:

-W-3 --edf=C:\Program Files\Microchip\xc8\v2.35\pic\dat\en_msgs.txt -cn \
  -h+dist/18f67k40/production\BJU_AutoIrri_Lora_DevBranch_New.X.production.sym \
  --cmf=dist/18f67k40/production\BJU_AutoIrri_Lora_DevBranch_New.X.production.cmf \
  -z -Q18F67K40 -oC:\Users\nandu\AppData\Local\Temp\xcAsp1o.4 \
  --defsym=__MPLAB_BUILD=1 \
  -Mdist/18f67k40/production/BJU_AutoIrri_Lora_DevBranch_New.X.production.map \
  --md=C:\Users\nandu\AppData\Local\Temp\xcAsp1o.dat -E1 -ver=XC8 Compiler \
  --acfsm=1493 -ACODE=00h-01FFFFh -ACONST=00h-01FFFFh \
  -ASMALLCONST=0E00h-0EFFhx498 -AMEDIUMCONST=0E00h-0FFFFh,010E00h-01FFFFh \
  -ACOMRAM=01h-05Fh -AABS1=00h-0DE9h -ABIGRAM=01h-0DE9h \
  -ARAM=060h-0FFh,0100h-01FFhx12,0D00h-0DE9h -ABANK0=060h-0FFh \
  -ABANK1=0100h-01FFh -ABANK2=0200h-02FFh -ABANK3=0300h-03FFh \
  -ABANK4=0400h-04FFh -ABANK5=0500h-05FFh -ABANK6=0600h-06FFh \
  -ABANK7=0700h-07FFh -ABANK8=0800h-08FFh -ABANK9=0900h-09FFh \
  -ABANK10=0A00h-0AFFh -ABANK11=0B00h-0BFFh -ABANK12=0C00h-0CFFh \
  -ABANK13=0D00h-0DE9h \
  -ASFR=0DEFh-0DFFh,0E00h-0EFFh,0F00h-0F5Fh,0F60h-0FFFh \
  -ABIGSFR=0DEFh-0FFFh -ACONFIG=0300000h-030000Bh -AIDLOC=0200000h-020000Fh \
  -AEEDATA=0310000h-03103FFh -peeprom_data=EEDATA \
  -preset_vec=00h,intcode=08h,intcodelo=018h,powerup,init -pramtop=0E00h \
  -psmallconst=SMALLCONST -pmediumconst=MEDIUMCONST -pconst=CONST \
  -AFARRAM=00h-00h \
  -prdata=COMRAM,nvrram=COMRAM,nvbit=COMRAM,rbss=COMRAM,rbit=COMRAM \
  -pfarbss=FARRAM,fardata=FARRAM,nvFARRAM=FARRAM \
  -pintsave_regs=BIGRAM,bigbss=BIGRAM,bigdata=BIGRAM -pbss=RAM \
  -pidata=CODE,irdata=CODE,ibigdata=CODE,ifardata=CODE -prparam=COMRAM \
  C:\Users\nandu\AppData\Local\Temp\xcAsp1o.o \
  dist/18f67k40/production\BJU_AutoIrri_Lora_DevBranch_New.X.production.o 

Object code version is 3.11

Machine type is 18F67K40



                Name                               Link     Load   Length Selector   Space Scale
C:\Users\nandu\AppData\Local\Temp\xcAsp1o.o
                idloc                            200000   200000       10        0       5
                config                           300000   300000        C        0       4
                init                                634      634        4        C       0
                reset_vec                             0        0        4        0       0
dist/18f67k40/production\BJU_AutoIrri_Lora_DevBranch_New.X.production.o
                eeprom_data                      310000   310000      3C0   310000       0
                intcodelo                            18       18      61C        C       0
                intcode                               8        8        6        4       0
                idloc                            200000   200000       10        0       5
                config                           300000   300000        C        0       4
                temp                                 46       46        1        1       1
                mediumconst                        E8E2     E8E2     171E     7471       0
                text156                            17CC     17CC       14      BAA       0
                text155                            17B8     17B8       14      BAA       0
                text154                            183A     183A       12      BAA       0
                text153                            1828     1828       12      BAA       0
                text152                            14D2     14D2       2C        C       0
                text151                            1720     1720       1A        C       0
                text150                            1636     1636       22        C       0
                text149                            184C     184C       10      BAA       0
                text148                            15F0     15F0       24        C       0
                text147                            17A4     17A4       14      BAA       0
                text146                            15A2     15A2       28        C       0
                text145                            1894     1894        E      BAA       0
                text144                            1886     1886        E      BAA       0
                text143                            1062     1062       4E        C       0
                text142                             CC8      CC8       5A        C       0
                text141                            18A2     18A2        A      BAA       0
                intcode_body                      1BF98    1BF98      3B6     8000       0
                text139                            1412     1412       32        C       0
                text138                           1E82E    1E82E      126     8000       0
                text136                             968      968       66        C       0
                text135                            1678     1678       20        C       0
                text134                            1310     1310       36        C       0
                text133                             FC2      FC2       52        C       0
                text132                            1790     1790       14      BAA       0
                text131                            177C     177C       14      BAA       0
                text130                            1768     1768       14      BAA       0
                text129                            1698     1698       1E        C       0
                text128                           1F74E    1F74E       B8     8000       0
                text127                           19DEE    19DEE      4BC     8000       0
                text126                            1816     1816       12      BAA       0
                text125                            1804     1804       12      BAA       0
                text124                            1474     1474       30        C       0
                text123                            16B6     16B6       1C        C       0
                text122                            157A     157A       28        C       0
                text121                            1754     1754       14      BAA       0
                text120                            1528     1528       2A        C       0
                text119                            1706     1706       1A        C       0
                text118                            14A4     14A4       2E        C       0
                text117                            17F2     17F2       12      BAA       0
                text116                             BB6      BB6       5E        C       0
                text115                            17E0     17E0       12      BAA       0
                text114                            1258     1258       40        C       0
                text113                            1658     1658       20        C       0
                text112                           1F5D0    1F5D0       C6     8000       0
                text111                           1ED0A    1ED0A       DA     8000       0
                text110                            137A     137A       34        C       0
                text109                            1346     1346       34        C       0
                text108                             E78      E78       54        C       0
                text107                           1F37C    1F37C       C8     8000       0
                text106                             E24      E24       54        C       0
                text105                           1F806    1F806       B2     8000       0
                text104                             7B2      7B2       76        C       0
                text103                            13E0     13E0       32        C       0
                text102                            1552     1552       28        C       0
                text101                           1AFB8    1AFB8      42A     8000       0
                text100                            1444     1444       30        C       0
                text99                            1E708    1E708      126     8000       0
                text98                            1AB80    1AB80      438     8000       0
                text97                             16EC     16EC       1A        C       0
                text96                             1188     1188       48        C       0
                text95                              F70      F70       52        C       0
                text94                            1B7F2    1B7F2      3D6     8000       0
                text93                              D7A      D7A       56        C       0
                text92                             1878     1878        E      BAA       0
                text91                             16D2     16D2       1A        C       0
                text90                             1140     1140       48        C       0
                text89                              D22      D22       58        C       0
                text88                            12F84    12F84     1162     8000       0
                text87                             18AC     18AC        2      BAA       0
                text86                            1EF90    1EF90       CC     8000       0
                text85                            1EA70    1EA70       E4     8000       0
                text84                            1DEFE    1DEFE      18A     8000       0
                text83                            1E206    1E206      166     8000       0
                text82                             1216     1216       42        C       0
                text81                             10F8     10F8       48        C       0
                text80                             12D6     12D6       3A        C       0
                text79                            1F2B4    1F2B4       C8     8000       0
                text78                            1C654    1C654      2EA     8000       0
                text77                            1CE4C    1CE4C      24A     8000       0
                text76                              828      828       6E        C       0
                text75                              C6E      C6E       5A        C       0
                text74                            1A2AA    1A2AA      494     8000       0
                text73                            1E088    1E088      17E     8000       0
                text72                            1FAAA    1FAAA       A0     8000       0
                text71                            1F696    1F696       B8     8000       0
                text70                             15CA     15CA       26        C       0
                text69                              A32      A32       64        C       0
                text68                            18B72    18B72      6FA     8000       0
                text67                            1EEBA    1EEBA       D6     8000       0
                text66                            1EDE4    1EDE4       D6     8000       0
                text65                            1F962    1F962       A6     8000       0
                text64                            1F1EC    1F1EC       C8     8000       0
                text63                            18474    18474      6FE     8000       0
                text62                              9CE      9CE       64        C       0
                text61                            140E6    140E6      F06     8000       0
                text60                            1E36C    1E36C      138     8000       0
                text59                             1614     1614       22        C       0
                text58                             186A     186A        E      BAA       0
                text57                             185C     185C        E      BAA       0
                text56                            1EC30    1EC30       DA     8000       0
                text55                            1C34E    1C34E      306     8000       0
                text54                            1DBC6    1DBC6      1A2     8000       0
                text53                            1F50A    1F50A       C6     8000       0
                text52                            1F8B8    1F8B8       AA     8000       0
                text51                            17388    17388      988     8000       0
                text50                            1D6A0    1D6A0      1C0     8000       0
                text49                            1DA18    1DA18      1AE     8000       0
                text48                             10B0     10B0       48        C       0
                text47                            1F124    1F124       C8     8000       0
                text46                            1E5DA    1E5DA      12E     8000       0
                text45                            1BBC8    1BBC8      3D0     8000       0
                text44                              F1E      F1E       52        C       0
                text43                            1B3E2    1B3E2      410     8000       0
                text42                            198C2    198C2      52C     8000       0
                text41                            1FFCA    1FFCA       36     8000       0
                text40                             13AE     13AE       32        C       0
                text39                             1298     1298       3E        C       0
                text38                            1FA08    1FA08       A2     8000       0
                text37                             1014     1014       4E        C       0
                text36                              ECC      ECC       52        C       0
                text35                            1FEB6    1FEB6       8E     8000       0
                text34                            1D2BA    1D2BA      1F6     8000       0
                text33                              DD0      DD0       54        C       0
                text32                            1C93E    1C93E      2B6     8000       0
                text31                            1FE28    1FE28       8E     8000       0
                text30                            1E4A4    1E4A4      136     8000       0
                text29                            1FD9A    1FD9A       8E     8000       0
                text28                            1FBE8    1FBE8       94     8000       0
                text27                            1FF44    1FF44       86     8000       0
                text26                            10000    10000     2F84     8000       0
                text25                            1A73E    1A73E      442     8000       0
                text24                              638      638       82        C       0
                text23                            1CBF4    1CBF4      258     8000       0
                text22                            1DD68    1DD68      196     8000       0
                text21                            14FEC    14FEC      CA8     8000       0
                text20                            1926C    1926C      656     8000       0
                text19                              B56      B56       60        C       0
                text18                            17D10    17D10      764     8000       0
                text17                              AF6      AF6       60        C       0
                text16                            1EB54    1EB54       DC     8000       0
                text15                              902      902       66        C       0
                text14                             11D0     11D0       46        C       0
                text13                            1D4B0    1D4B0      1F0     8000       0
                text12                              896      896       6C        C       0
                text11                              6BA      6BA       80        C       0
                text10                             14FE     14FE       2A        C       0
                text9                             1FB4A    1FB4A       9E     8000       0
                text8                               C14      C14       5A        C       0
                text7                               A96      A96       60        C       0
                text6                             1FD0C    1FD0C       8E     8000       0
                text5                             1FC7C    1FC7C       90     8000       0
                text4                             1D860    1D860      1B8     8000       0
                text3                             15C94    15C94      C3E     8000       0
                text2                             1E954    1E954      11C     8000       0
                text1                             168D2    168D2      AB6     8000       0
                text0                             1D096    1D096      224     8000       0
                cstackCOMRAM                         27       27       1F        1       1
                cstackBANK0                          60       60       67       60       1
                cstackBANK1                         1FF      1FF        1      100       1
                cstackBANK2                         2F9      2F9        7      200       1
                cstackBANK3                         3E8      3E8       17      300       1
                cstackBANK4                         4C8      4C8       19      400       1
                bssBIGRAM                           4E1      4E1      2D0      4E1       1
                bssBANK4                            400      400       C8      400       1
                dataBANK3                           300      300       C8      300       1
                bssBANK3                            3C8      3C8       20      300       1
                dataBANK2                           2E0      2E0       19      200       1
                bssBANK2                            200      200       E0      200       1
                dataBANK1                           187      187       78      100       1
                bssBANK1                            100      100       87      100       1
                bssBANK0                             C7       C7       20       60       1
                bssCOMRAM                             1        1       26        1       1
                cinit                             1F444    1F444       C6     8000       0
                idataBANK3                        1F05C    1F05C       C8     8000       0
                idataBANK2                         173A     173A       19        C       0
                idataBANK1                          73A      73A       78        C       0

TOTAL           Name                               Link     Load   Length     Space
        CLASS   CODE           
                intcodelo                            18       18      61C         0
                intcode                               8        8        6         0
                init                                634      634        4         0
                reset_vec                             0        0        4         0
                text156                            17CC     17CC       14         0
                text155                            17B8     17B8       14         0
                text154                            183A     183A       12         0
                text153                            1828     1828       12         0
                text152                            14D2     14D2       2C         0
                text151                            1720     1720       1A         0
                text150                            1636     1636       22         0
                text149                            184C     184C       10         0
                text148                            15F0     15F0       24         0
                text147                            17A4     17A4       14         0
                text146                            15A2     15A2       28         0
                text145                            1894     1894        E         0
                text144                            1886     1886        E         0
                text143                            1062     1062       4E         0
                text142                             CC8      CC8       5A         0
                text141                            18A2     18A2        A         0
                intcode_body                      1BF98    1BF98      3B6         0
                text139                            1412     1412       32         0
                text138                           1E82E    1E82E      126         0
                text136                             968      968       66         0
                text135                            1678     1678       20         0
                text134                            1310     1310       36         0
                text133                             FC2      FC2       52         0
                text132                            1790     1790       14         0
                text131                            177C     177C       14         0
                text130                            1768     1768       14         0
                text129                            1698     1698       1E         0
                text128                           1F74E    1F74E       B8         0
                text127                           19DEE    19DEE      4BC         0
                text126                            1816     1816       12         0
                text125                            1804     1804       12         0
                text124                            1474     1474       30         0
                text123                            16B6     16B6       1C         0
                text122                            157A     157A       28         0
                text121                            1754     1754       14         0
                text120                            1528     1528       2A         0
                text119                            1706     1706       1A         0
                text118                            14A4     14A4       2E         0
                text117                            17F2     17F2       12         0
                text116                             BB6      BB6       5E         0
                text115                            17E0     17E0       12         0
                text114                            1258     1258       40         0
                text113                            1658     1658       20         0
                text112                           1F5D0    1F5D0       C6         0
                text111                           1ED0A    1ED0A       DA         0
                text110                            137A     137A       34         0
                text109                            1346     1346       34         0
                text108                             E78      E78       54         0
                text107                           1F37C    1F37C       C8         0
                text106                             E24      E24       54         0
                text105                           1F806    1F806       B2         0
                text104                             7B2      7B2       76         0
                text103                            13E0     13E0       32         0
                text102                            1552     1552       28         0
                text101                           1AFB8    1AFB8      42A         0
                text100                            1444     1444       30         0
                text99                            1E708    1E708      126         0
                text98                            1AB80    1AB80      438         0
                text97                             16EC     16EC       1A         0
                text96                             1188     1188       48         0
                text95                              F70      F70       52         0
                text94                            1B7F2    1B7F2      3D6         0
                text93                              D7A      D7A       56         0
                text92                             1878     1878        E         0
                text91                             16D2     16D2       1A         0
                text90                             1140     1140       48         0
                text89                              D22      D22       58         0
                text88                            12F84    12F84     1162         0
                text87                             18AC     18AC        2         0
                text86                            1EF90    1EF90       CC         0
                text85                            1EA70    1EA70       E4         0
                text84                            1DEFE    1DEFE      18A         0
                text83                            1E206    1E206      166         0
                text82                             1216     1216       42         0
                text81                             10F8     10F8       48         0
                text80                             12D6     12D6       3A         0
                text79                            1F2B4    1F2B4       C8         0
                text78                            1C654    1C654      2EA         0
                text77                            1CE4C    1CE4C      24A         0
                text76                              828      828       6E         0
                text75                              C6E      C6E       5A         0
                text74                            1A2AA    1A2AA      494         0
                text73                            1E088    1E088      17E         0
                text72                            1FAAA    1FAAA       A0         0
                text71                            1F696    1F696       B8         0
                text70                             15CA     15CA       26         0
                text69                              A32      A32       64         0
                text68                            18B72    18B72      6FA         0
                text67                            1EEBA    1EEBA       D6         0
                text66                            1EDE4    1EDE4       D6         0
                text65                            1F962    1F962       A6         0
                text64                            1F1EC    1F1EC       C8         0
                text63                            18474    18474      6FE         0
                text62                              9CE      9CE       64         0
                text61                            140E6    140E6      F06         0
                text60                            1E36C    1E36C      138         0
                text59                             1614     1614       22         0
                text58                             186A     186A        E         0
                text57                             185C     185C        E         0
                text56                            1EC30    1EC30       DA         0
                text55                            1C34E    1C34E      306         0
                text54                            1DBC6    1DBC6      1A2         0
                text53                            1F50A    1F50A       C6         0
                text52                            1F8B8    1F8B8       AA         0
                text51                            17388    17388      988         0
                text50                            1D6A0    1D6A0      1C0         0
                text49                            1DA18    1DA18      1AE         0
                text48                             10B0     10B0       48         0
                text47                            1F124    1F124       C8         0
                text46                            1E5DA    1E5DA      12E         0
                text45                            1BBC8    1BBC8      3D0         0
                text44                              F1E      F1E       52         0
                text43                            1B3E2    1B3E2      410         0
                text42                            198C2    198C2      52C         0
                text41                            1FFCA    1FFCA       36         0
                text40                             13AE     13AE       32         0
                text39                             1298     1298       3E         0
                text38                            1FA08    1FA08       A2         0
                text37                             1014     1014       4E         0
                text36                              ECC      ECC       52         0
                text35                            1FEB6    1FEB6       8E         0
                text34                            1D2BA    1D2BA      1F6         0
                text33                              DD0      DD0       54         0
                text32                            1C93E    1C93E      2B6         0
                text31                            1FE28    1FE28       8E         0
                text30                            1E4A4    1E4A4      136         0
                text29                            1FD9A    1FD9A       8E         0
                text28                            1FBE8    1FBE8       94         0
                text27                            1FF44    1FF44       86         0
                text26                            10000    10000     2F84         0
                text25                            1A73E    1A73E      442         0
                text24                              638      638       82         0
                text23                            1CBF4    1CBF4      258         0
                text22                            1DD68    1DD68      196         0
                text21                            14FEC    14FEC      CA8         0
                text20                            1926C    1926C      656         0
                text19                              B56      B56       60         0
                text18                            17D10    17D10      764         0
                text17                              AF6      AF6       60         0
                text16                            1EB54    1EB54       DC         0
                text15                              902      902       66         0
                text14                             11D0     11D0       46         0
                text13                            1D4B0    1D4B0      1F0         0
                text12                              896      896       6C         0
                text11                              6BA      6BA       80         0
                text10                             14FE     14FE       2A         0
                text9                             1FB4A    1FB4A       9E         0
                text8                               C14      C14       5A         0
                text7                               A96      A96       60         0
                text6                             1FD0C    1FD0C       8E         0
                text5                             1FC7C    1FC7C       90         0
                text4                             1D860    1D860      1B8         0
                text3                             15C94    15C94      C3E         0
                text2                             1E954    1E954      11C         0
                text1                             168D2    168D2      AB6         0
                text0                             1D096    1D096      224         0
                cinit                             1F444    1F444       C6         0
                idataBANK3                        1F05C    1F05C       C8         0
                idataBANK2                         173A     173A       19         0
                idataBANK1                          73A      73A       78         0

        CLASS   CONST          

        CLASS   SMALLCONST     

        CLASS   MEDIUMCONST    
                mediumconst                        E8E2     E8E2     171E         0

        CLASS   COMRAM         
                temp                                 46       46        1         1
                cstackCOMRAM                         27       27       1F         1
                bssCOMRAM                             1        1       26         1

        CLASS   ABS1           

        CLASS   BIGRAM         
                bssBIGRAM                           4E1      4E1      2D0         1

        CLASS   RAM            

        CLASS   BANK0          
                cstackBANK0                          60       60       67         1
                bssBANK0                             C7       C7       20         1

        CLASS   BANK1          
                cstackBANK1                         1FF      1FF        1         1
                dataBANK1                           187      187       78         1
                bssBANK1                            100      100       87         1

        CLASS   BANK2          
                cstackBANK2                         2F9      2F9        7         1
                dataBANK2                           2E0      2E0       19         1
                bssBANK2                            200      200       E0         1

        CLASS   BANK3          
                cstackBANK3                         3E8      3E8       17         1
                dataBANK3                           300      300       C8         1
                bssBANK3                            3C8      3C8       20         1

        CLASS   BANK4          
                cstackBANK4                         4C8      4C8       19         1
                bssBANK4                            400      400       C8         1

        CLASS   BANK5          

        CLASS   BANK6          

        CLASS   BANK7          

        CLASS   BANK8          

        CLASS   BANK9          

        CLASS   BANK10         

        CLASS   BANK11         

        CLASS   BANK12         

        CLASS   BANK13         

        CLASS   SFR            

        CLASS   BIGSFR         

        CLASS   CONFIG         
                config                           300000   300000        C         4

        CLASS   IDLOC          
                idloc                            200000   200000       10         5

        CLASS   EEDATA         
                eeprom_data                      310000   310000      3C0         0

        CLASS   FARRAM         

        CLASS   HEAP           

        CLASS   STACK          



SEGMENTS        Name                           Load    Length   Top    Selector   Space  Class

                reset_vec                      000000  000004  000004         0       0  CODE    
                bssCOMRAM                      000001  000046  000047         1       1  COMRAM  
                intcode                        000008  000006  00000E         4       0  CODE    
                intcodelo                      000018  00173B  001753         C       0  CODE    
                cstackBANK0                    000060  000087  0000E7        60       1  BANK0   
                bssBANK1                       000100  000100  000200       100       1  BANK1   
                bssBANK2                       000200  000100  000300       200       1  BANK2   
                dataBANK3                      000300  0000FF  0003FF       300       1  BANK3   
                bssBANK4                       000400  0000E1  0004E1       400       1  BANK4   
                bssBIGRAM                      0004E1  0002D0  0007B1       4E1       1  BIGRAM  
                text121                        001754  00015A  0018AE       BAA       0  CODE    
                mediumconst                    00E8E2  00171E  010000      7471       0  MEDIUMCO
                text26                         010000  010000  020000      8000       0  CODE    
                eeprom_data                    310000  0003C0  3103C0    310000       0  EEDATA  


UNUSED ADDRESS RANGES

        Name                Unused          Largest block    Delta
        BANK0            0000E7-0000FF               19
        BANK10           000A00-000AFF              100
        BANK11           000B00-000BFF              100
        BANK12           000C00-000CFF              100
        BANK13           000D00-000DE9               EA
        BANK3            0003FF-0003FF                1
        BANK7            0007B1-0007FF               4F
        BANK8            000800-0008FF              100
        BANK9            000900-0009FF              100
        BIGRAM           000047-00005F               19
                         0000E7-0000FF               19
                         0003FF-0003FF                1
                         0007B1-000DE9              639
        BIGSFR           000DEF-000FFF              211
        CODE             000004-000007                4
                         00000E-000017                A
                         001753-001753                1
                         0018AE-00E8E1             D034
        COMRAM           000047-00005F               19
        CONST            000004-000007                4
                         00000E-000017                A
                         001753-001753                1
                         0018AE-00E8E1             D034
        EEDATA           3103C0-3103FF               40
        MEDIUMCONST      001753-001753                1
                         0018AE-00E8E1             D034
        RAM              0000E7-0000FF               19
                         0003FF-0003FF                1
                         0007B1-000DE9              100
        SFR              000DEF-000FFF              100
        SMALLCONST       001753-001753                1
                         0018AE-00E8E1              100

                                  Symbol Table

?___aodiv                                                 cstackBANK0  000079
?___aomod                                                 cstackBANK0  000079
?___awdiv                                                 cstackBANK0  000079
?___awmod                                                 cstackBANK0  00008B
?___lmul                                                  cstackBANK0  000079
?___lwdiv                                                 cstackBANK0  00007F
?___lwmod                                                 cstackBANK0  000079
?___wmul                                                  cstackBANK0  000079
?_abs                                                     cstackBANK0  00008B
?_ctoa                                                    cstackBANK0  000082
?_days                                                    cstackBANK0  00007E
?_dtoa                                                    cstackBANK0  000094
?_getADCResult                                            cstackBANK0  000079
?_pad                                                     cstackBANK0  000089
?_rand                                                    cstackBANK0  000085
?_readActiveSleepCountFromEeprom                          cstackBANK0  00007C
?_readRemainingFertigationOnPeriodFromEeprom              cstackBANK0  00007C
?_sprintf                                                 cstackBANK3  0003F1
?_strlen                                                  cstackBANK0  000079
?_strncmp                                                 cstackBANK0  000079
?_vfpfcnvrt                                               cstackBANK0  0000B8
?_vfprintf                                                cstackBANK0  0000C0
?i1_strncmp                                               cstackBANK0  000060
LCDpulseEnableNeg@_data                                   cstackBANK0  00007E
LCDwritePCF8574@value                                     cstackBANK0  00007D
_ADACQ                                                    (abs)        000F5C
_ADACT                                                    (abs)        000F56
_ADCAP                                                    (abs)        000F5D
_ADCON0bits                                               (abs)        000F60
_ADCON1                                                   (abs)        000F59
_ADCON2                                                   (abs)        000F5A
_ADCON3                                                   (abs)        000F5B
_ADPCH                                                    (abs)        000F5F
_ADREF                                                    (abs)        000F58
_ADRESH                                                   (abs)        000F64
_ADRESL                                                   (abs)        000F63
_ADRPT                                                    (abs)        000F66
_ANSELA                                                   (abs)        000E92
_ANSELB                                                   (abs)        000E9A
_ANSELD                                                   (abs)        000EA7
_ANSELE                                                   (abs)        000EAF
_ANSELF                                                   (abs)        000EB4
_ANSELG                                                   (abs)        000EBC
_BAUD1CON                                                 (abs)        000F9E
_BAUD3CON                                                 (abs)        000EF0
_BSR                                                      (abs)        000FE0
_CCP1CONbits                                              (abs)        000FAB
_CCP2CONbits                                              (abs)        000FA7
_CCP3CONbits                                              (abs)        000F26
_CCP4CONbits                                              (abs)        000F22
_CCPR1                                                    (abs)        000FA9
_CCPR2                                                    (abs)        000FA5
_CCPR3                                                    (abs)        000F24
_CCPR4                                                    (abs)        000F20
_CCPTMRS0bits                                             (abs)        000FAD
_CPUDOZEbits                                              (abs)        000E42
_DeviceBurnStatus                                         bssCOMRAM    00000A
_INLVLA                                                   (abs)        000E8E
_INLVLB                                                   (abs)        000E96
_INLVLC                                                   (abs)        000E9E
_INLVLD                                                   (abs)        000EA3
_INLVLE                                                   (abs)        000EAB
_INLVLF                                                   (abs)        000EB0
_INLVLG                                                   (abs)        000EB8
_INLVLH                                                   (abs)        000EBD
_INTCONbits                                               (abs)        000FF2
_IOCBF                                                    (abs)        000E93
_IOCBF0                                                   (abs)        007498
_IOCBN                                                    (abs)        000E94
_IOCBP                                                    (abs)        000E95
_IOCEF                                                    (abs)        000EA8
_IOCEN                                                    (abs)        000EA9
_IOCEP                                                    (abs)        000EAA
_IPR0bits                                                 (abs)        000E1F
_IPR3bits                                                 (abs)        000E22
_IPR4bits                                                 (abs)        000E23
_IPR5bits                                                 (abs)        000E24
_LATA                                                     (abs)        000F79
_LATB                                                     (abs)        000F7A
_LATC                                                     (abs)        000F7B
_LATD                                                     (abs)        000F7C
_LATE                                                     (abs)        000F7D
_LATF                                                     (abs)        000F7E
_LATG                                                     (abs)        000F7F
_LATH                                                     (abs)        000F80
_LCDpulseEnableNeg                                        text120      001528
_LCDwritePCF8574                                          text121      001754
_LoraConnectionFailed                                     bssBANK0     0000D2
_NVMADRH                                                  (abs)        000F75
_NVMADRL                                                  (abs)        000F74
_NVMCON1bits                                              (abs)        000F77
_NVMCON2                                                  (abs)        000F78
_NVMDAT                                                   (abs)        000F76
_ODCONA                                                   (abs)        000E90
_ODCONB                                                   (abs)        000E98
_ODCONC                                                   (abs)        000EA0
_ODCOND                                                   (abs)        000EA5
_ODCONE                                                   (abs)        000EAD
_ODCONF                                                   (abs)        000EB2
_ODCONG                                                   (abs)        000EBA
_ODCONH                                                   (abs)        000EBF
_OSCENbits                                                (abs)        000E47
_PCON0bits                                                (abs)        000FD7
_PIE0bits                                                 (abs)        000E29
_PIE3bits                                                 (abs)        000E2C
_PIE4bits                                                 (abs)        000E2D
_PIE5bits                                                 (abs)        000E2E
_PIR0bits                                                 (abs)        000E33
_PIR3bits                                                 (abs)        000E36
_PIR4bits                                                 (abs)        000E37
_PIR5bits                                                 (abs)        000E38
_PORTBbits                                                (abs)        000F8A
_PORTCbits                                                (abs)        000F8B
_PORTDbits                                                (abs)        000F8C
_PORTEbits                                                (abs)        000F8D
_PORTFbits                                                (abs)        000F8E
_PORTGbits                                                (abs)        000F8F
_PORTHbits                                                (abs)        000F90
_RC1REG                                                   (abs)        000F98
_RC1STA                                                   (abs)        000F9C
_RC1STAbits                                               (abs)        000F9C
_RC3PPS                                                   (abs)        000E65
_RC3REG                                                   (abs)        000EEA
_RC3STA                                                   (abs)        000EEE
_RC3STAbits                                               (abs)        000EEE
_RC4PPS                                                   (abs)        000E66
_RC6PPS                                                   (abs)        000E68
_RC7PPS                                                   (abs)        000E69
_RD5PPS                                                   (abs)        000E6F
_RD6PPS                                                   (abs)        000E70
_RE0PPS                                                   (abs)        000E72
_RE1PPS                                                   (abs)        000E73
_RG1PPS                                                   (abs)        000E83
_RG2PPS                                                   (abs)        000E84
_RG3PPS                                                   (abs)        000E85
_SLRCONA                                                  (abs)        000E8F
_SLRCONB                                                  (abs)        000E97
_SLRCONC                                                  (abs)        000E9F
_SLRCOND                                                  (abs)        000EA4
_SLRCONE                                                  (abs)        000EAC
_SLRCONF                                                  (abs)        000EB1
_SLRCONG                                                  (abs)        000EB9
_SLRCONH                                                  (abs)        000EBE
_SP1BRG                                                   (abs)        000F9A
_SP3BRG                                                   (abs)        000EEC
_SSP1ADD                                                  (abs)        000F92
_SSP1BUF                                                  (abs)        000F91
_SSP1CLKPPS                                               (abs)        000E19
_SSP1CON1                                                 (abs)        000F95
_SSP1CON2                                                 (abs)        000F96
_SSP1CON2bits                                             (abs)        000F96
_SSP1DATPPS                                               (abs)        000E1A
_SSP1STAT                                                 (abs)        000F94
_SSP1STATbits                                             (abs)        000F94
_SSP2ADD                                                  (abs)        000ED6
_SSP2BUF                                                  (abs)        000ED5
_SSP2CLKPPS                                               (abs)        000E1C
_SSP2CON1                                                 (abs)        000ED9
_SSP2CON2                                                 (abs)        000EDA
_SSP2CON2bits                                             (abs)        000EDA
_SSP2DATPPS                                               (abs)        000E1D
_SSP2STAT                                                 (abs)        000ED8
_SSP2STATbits                                             (abs)        000ED8
_SmsAU1                                                   mediumconst  00F512
_SmsAU2                                                   mediumconst  00F059
_SmsAU3                                                   mediumconst  00F529
_SmsAU4                                                   mediumconst  00E8E3
_SmsConnect                                               mediumconst  00F552
_SmsDR1                                                   mediumconst  00E9A8
_SmsDR2                                                   mediumconst  00EA2A
_SmsDR3                                                   mediumconst  00EB08
_SmsDR4                                                   mediumconst  00EA9F
_SmsFact1                                                 mediumconst  00F563
_SmsFert1                                                 mediumconst  00EDAF
_SmsFert2                                                 mediumconst  00EFBB
_SmsFert3                                                 mediumconst  00F350
_SmsFert4                                                 mediumconst  00F32D
_SmsFert5                                                 mediumconst  00F432
_SmsFert6                                                 mediumconst  00F413
_SmsFert7                                                 mediumconst  00ED6B
_SmsFert8                                                 mediumconst  00EED9
_SmsFilt1                                                 mediumconst  00F4E0
_SmsFilt2                                                 mediumconst  00F48D
_SmsFilt3                                                 mediumconst  00F3B4
_SmsFilt4                                                 mediumconst  00F4C5
_SmsIrr1                                                  mediumconst  00F2E6
_SmsIrr10                                                 mediumconst  00F2C2
_SmsIrr2                                                  mediumconst  00F121
_SmsIrr3                                                  mediumconst  00F22C
_SmsIrr4                                                  mediumconst  00F46F
_SmsIrr5                                                  mediumconst  00F451
_SmsIrr6                                                  mediumconst  00EF12
_SmsIrr7                                                  mediumconst  00F581
_SmsIrr8                                                  mediumconst  00F026
_SmsIrr9                                                  mediumconst  00EFF3
_SmsMS1                                                   mediumconst  00EEA0
_SmsMS2                                                   mediumconst  00F1AF
_SmsMS3                                                   mediumconst  00F254
_SmsMotor1                                                mediumconst  00EE66
_SmsMotor2                                                mediumconst  00F30A
_SmsMotor3                                                mediumconst  00F180
_SmsMotor4                                                mediumconst  00F0F0
_SmsPh1                                                   mediumconst  00F151
_SmsPh2                                                   mediumconst  00ED26
_SmsPh3                                                   mediumconst  00E94F
_SmsPh6                                                   mediumconst  00E97F
_SmsPwd1                                                  mediumconst  00F3D4
_SmsPwd2                                                  mediumconst  00E968
_SmsPwd3                                                  mediumconst  00F4FB
_SmsRTC1                                                  mediumconst  00F08C
_SmsRTC2                                                  mediumconst  00F1DA
_SmsRTC3                                                  mediumconst  00EF83
_SmsRTC4                                                  mediumconst  00EF4B
_SmsSR01                                                  mediumconst  00EDEF
_SmsSR02                                                  mediumconst  00EBBB
_SmsSR03                                                  mediumconst  00EC50
_SmsSR04                                                  mediumconst  00EC06
_SmsSR05                                                  mediumconst  00EB6C
_SmsSR06                                                  mediumconst  00ECDF
_SmsSR07                                                  mediumconst  00EC98
_SmsSR08                                                  mediumconst  00F279
_SmsSR09                                                  mediumconst  00F3F4
_SmsSR10                                                  mediumconst  00F29E
_SmsSR11                                                  mediumconst  00F203
_SmsSR12                                                  mediumconst  00F393
_SmsSR13                                                  mediumconst  00F372
_SmsSR14                                                  mediumconst  00EE2B
_SmsSR15                                                  mediumconst  00F0BE
_SmsT1                                                    mediumconst  00F4AA
_SmsT2                                                    mediumconst  00F572
_SmsTest                                                  mediumconst  00F53F
_T0CON0                                                   (abs)        000FD5
_T0CON0bits                                               (abs)        000FD5
_T0CON1                                                   (abs)        000FD6
_T1CON                                                    (abs)        000FCF
_T1CONbits                                                (abs)        000FCF
_T2CLKCONbits                                             (abs)        000FBF
_T2CONbits                                                (abs)        000FBD
_T2PR                                                     (abs)        000FBC
_T2TMR                                                    (abs)        000FBB
_T3CON                                                    (abs)        000FC9
_T3CONbits                                                (abs)        000FC9
_TMR0H                                                    (abs)        000FD4
_TMR0L                                                    (abs)        000FD3
_TMR1CLK                                                  (abs)        000FD2
_TMR1H                                                    (abs)        000FCE
_TMR1L                                                    (abs)        000FCD
_TMR3CLK                                                  (abs)        000FCC
_TMR3H                                                    (abs)        000FC8
_TMR3L                                                    (abs)        000FC7
_TRISA                                                    (abs)        000F81
_TRISB                                                    (abs)        000F82
_TRISC                                                    (abs)        000F83
_TRISD                                                    (abs)        000F84
_TRISE                                                    (abs)        000F85
_TRISF                                                    (abs)        000F86
_TRISG                                                    (abs)        000F87
_TRISH                                                    (abs)        000F88
_TX1REG                                                   (abs)        000F99
_TX1STA                                                   (abs)        000F9D
_TX3REG                                                   (abs)        000EEB
_TX3STA                                                   (abs)        000EEF
_Timer0Overflow                                           bssCOMRAM    000016
_Timer1Overflow                                           bssBANK1     00013A
_Timer3Overflow                                           bssBANK1     000139
_WDTCON0bits                                              (abs)        000E3D
_WPUA                                                     (abs)        000E91
_WPUB                                                     (abs)        000E99
_WPUC                                                     (abs)        000EA1
_WPUD                                                     (abs)        000EA6
_WPUE                                                     (abs)        000EAE
_WPUF                                                     (abs)        000EB3
_WPUG                                                     (abs)        000EBB
_WPUH                                                     (abs)        000EC0
__HRAM                                                    (abs)        000000
__Habs1                                                   abs1         000000
__Hbank0                                                  bank0        000000
__Hbank1                                                  bank1        000000
__Hbank10                                                 bank10       000000
__Hbank11                                                 bank11       000000
__Hbank12                                                 bank12       000000
__Hbank13                                                 bank13       000000
__Hbank2                                                  bank2        000000
__Hbank3                                                  bank3        000000
__Hbank4                                                  bank4        000000
__Hbank5                                                  bank5        000000
__Hbank6                                                  bank6        000000
__Hbank7                                                  bank7        000000
__Hbank8                                                  bank8        000000
__Hbank9                                                  bank9        000000
__Hbigbss                                                 bigbss       000000
__Hbigdata                                                bigdata      000000
__Hbigram                                                 bigram       000000
__Hbigsfr                                                 bigsfr       000000
__Hbss                                                    bss          000000
__HbssBANK0                                               bssBANK0     000000
__HbssBANK1                                               bssBANK1     000000
__HbssBANK2                                               bssBANK2     000000
__HbssBANK3                                               bssBANK3     000000
__HbssBANK4                                               bssBANK4     000000
__HbssBIGRAM                                              bssBIGRAM    000000
__HbssCOMRAM                                              bssCOMRAM    000000
__Hcinit                                                  cinit        000000
__Hclrtext                                                clrtext      000000
__Hcomram                                                 comram       000000
__Hconfig                                                 config       30000C
__Hconst                                                  const        000000
__HcstackBANK0                                            cstackBANK0  000000
__HcstackBANK1                                            cstackBANK1  000000
__HcstackBANK2                                            cstackBANK2  000000
__HcstackBANK3                                            cstackBANK3  000000
__HcstackBANK4                                            cstackBANK4  000000
__HcstackCOMRAM                                           cstackCOMRAM 000000
__Hdata                                                   data         000000
__HdataBANK1                                              dataBANK1    000000
__HdataBANK2                                              dataBANK2    000000
__HdataBANK3                                              dataBANK3    000000
__Heeprom_data                                            eeprom_data  3103C0
__Hfarbss                                                 farbss       000000
__Hfardata                                                fardata      000000
__Hheap                                                   heap         000000
__Hibigdata                                               ibigdata     000000
__Hidata                                                  idata        000000
__HidataBANK1                                             idataBANK1   000000
__HidataBANK2                                             idataBANK2   000000
__HidataBANK3                                             idataBANK3   000000
__Hidloc                                                  idloc        200010
__Hifardata                                               ifardata     000000
__Hinit                                                   init         000638
__Hintcode                                                intcode      00000E
__Hintcode_body                                           intcode_body 000000
__Hintcodelo                                              intcodelo    000634
__Hintentry                                               intentry     000000
__Hintret                                                 intret       000000
__Hintsave_regs                                           intsave_regs 000000
__Hirdata                                                 irdata       000000
__Hmediumconst                                            mediumconst  010000
__HnvFARRAM                                               nvFARRAM     000000
__Hnvbit                                                  nvbit        000000
__Hnvrram                                                 nvrram       000000
__Hparam                                                  rparam       000000
__Hpowerup                                                powerup      000634
__Hram                                                    ram          000000
__Hramtop                                                 ramtop       000E00
__Hrbit                                                   rbit         000000
__Hrbss                                                   rbss         000000
__Hrdata                                                  rdata        000000
__Hreset_vec                                              reset_vec    000004
__Hrparam                                                 rparam       000000
__Hsfr                                                    sfr          000000
__Hsmallconst                                             smallconst   000000
__Hspace_0                                                (abs)        3103C0
__Hspace_1                                                (abs)        0007B1
__Hspace_2                                                (abs)        000000
__Hspace_4                                                (abs)        60000C
__Hstack                                                  stack        000000
__Hstruct                                                 struct       000000
__Htemp                                                   temp         000047
__Htext                                                   text         000000
__Htext0                                                  text0        000000
__Htext1                                                  text1        000000
__Htext10                                                 text10       000000
__Htext100                                                text100      000000
__Htext101                                                text101      000000
__Htext102                                                text102      000000
__Htext103                                                text103      000000
__Htext104                                                text104      000000
__Htext105                                                text105      000000
__Htext106                                                text106      000000
__Htext107                                                text107      000000
__Htext108                                                text108      000000
__Htext109                                                text109      000000
__Htext11                                                 text11       000000
__Htext110                                                text110      000000
__Htext111                                                text111      000000
__Htext112                                                text112      000000
__Htext113                                                text113      000000
__Htext114                                                text114      000000
__Htext115                                                text115      000000
__Htext116                                                text116      000000
__Htext117                                                text117      000000
__Htext118                                                text118      000000
__Htext119                                                text119      000000
__Htext12                                                 text12       000000
__Htext120                                                text120      000000
__Htext121                                                text121      000000
__Htext122                                                text122      000000
__Htext123                                                text123      000000
__Htext124                                                text124      000000
__Htext125                                                text125      000000
__Htext126                                                text126      000000
__Htext127                                                text127      000000
__Htext128                                                text128      000000
__Htext129                                                text129      000000
__Htext13                                                 text13       000000
__Htext130                                                text130      000000
__Htext131                                                text131      000000
__Htext132                                                text132      000000
__Htext133                                                text133      000000
__Htext134                                                text134      000000
__Htext135                                                text135      000000
__Htext136                                                text136      000000
__Htext138                                                text138      000000
__Htext139                                                text139      000000
__Htext14                                                 text14       000000
__Htext141                                                text141      000000
__Htext142                                                text142      000000
__Htext143                                                text143      000000
__Htext144                                                text144      000000
__Htext145                                                text145      000000
__Htext146                                                text146      000000
__Htext147                                                text147      000000
__Htext148                                                text148      000000
__Htext149                                                text149      000000
__Htext15                                                 text15       000000
__Htext150                                                text150      000000
__Htext151                                                text151      000000
__Htext152                                                text152      000000
__Htext153                                                text153      000000
__Htext154                                                text154      000000
__Htext155                                                text155      000000
__Htext156                                                text156      000000
__Htext16                                                 text16       000000
__Htext17                                                 text17       000000
__Htext18                                                 text18       000000
__Htext19                                                 text19       000000
__Htext2                                                  text2        000000
__Htext20                                                 text20       000000
__Htext21                                                 text21       000000
__Htext22                                                 text22       000000
__Htext23                                                 text23       000000
__Htext24                                                 text24       000000
__Htext25                                                 text25       000000
__Htext26                                                 text26       000000
__Htext27                                                 text27       000000
__Htext28                                                 text28       000000
__Htext29                                                 text29       000000
__Htext3                                                  text3        000000
__Htext30                                                 text30       000000
__Htext31                                                 text31       000000
__Htext32                                                 text32       000000
__Htext33                                                 text33       000000
__Htext34                                                 text34       000000
__Htext35                                                 text35       000000
__Htext36                                                 text36       000000
__Htext37                                                 text37       000000
__Htext38                                                 text38       000000
__Htext39                                                 text39       000000
__Htext4                                                  text4        000000
__Htext40                                                 text40       000000
__Htext41                                                 text41       000000
__Htext42                                                 text42       000000
__Htext43                                                 text43       000000
__Htext44                                                 text44       000000
__Htext45                                                 text45       000000
__Htext46                                                 text46       000000
__Htext47                                                 text47       000000
__Htext48                                                 text48       000000
__Htext49                                                 text49       000000
__Htext5                                                  text5        000000
__Htext50                                                 text50       000000
__Htext51                                                 text51       000000
__Htext52                                                 text52       000000
__Htext53                                                 text53       000000
__Htext54                                                 text54       000000
__Htext55                                                 text55       000000
__Htext56                                                 text56       000000
__Htext57                                                 text57       000000
__Htext58                                                 text58       000000
__Htext59                                                 text59       000000
__Htext6                                                  text6        000000
__Htext60                                                 text60       000000
__Htext61                                                 text61       000000
__Htext62                                                 text62       000000
__Htext63                                                 text63       000000
__Htext64                                                 text64       000000
__Htext65                                                 text65       000000
__Htext66                                                 text66       000000
__Htext67                                                 text67       000000
__Htext68                                                 text68       000000
__Htext69                                                 text69       000000
__Htext7                                                  text7        000000
__Htext70                                                 text70       000000
__Htext71                                                 text71       000000
__Htext72                                                 text72       000000
__Htext73                                                 text73       000000
__Htext74                                                 text74       000000
__Htext75                                                 text75       000000
__Htext76                                                 text76       000000
__Htext77                                                 text77       000000
__Htext78                                                 text78       000000
__Htext79                                                 text79       000000
__Htext8                                                  text8        000000
__Htext80                                                 text80       000000
__Htext81                                                 text81       000000
__Htext82                                                 text82       000000
__Htext83                                                 text83       000000
__Htext84                                                 text84       000000
__Htext85                                                 text85       000000
__Htext86                                                 text86       000000
__Htext87                                                 text87       000000
__Htext88                                                 text88       000000
__Htext89                                                 text89       000000
__Htext9                                                  text9        000000
__Htext90                                                 text90       000000
__Htext91                                                 text91       000000
__Htext92                                                 text92       000000
__Htext93                                                 text93       000000
__Htext94                                                 text94       000000
__Htext95                                                 text95       000000
__Htext96                                                 text96       000000
__Htext97                                                 text97       000000
__Htext98                                                 text98       000000
__Htext99                                                 text99       000000
__LRAM                                                    (abs)        000001
__Labs1                                                   abs1         000000
__Lbank0                                                  bank0        000000
__Lbank1                                                  bank1        000000
__Lbank10                                                 bank10       000000
__Lbank11                                                 bank11       000000
__Lbank12                                                 bank12       000000
__Lbank13                                                 bank13       000000
__Lbank2                                                  bank2        000000
__Lbank3                                                  bank3        000000
[...]
stackhi                                                   (abs)        000000
stacklo                                                   (abs)        000000
start                                                     init         000634
start_initialization                                      cinit        01F444
strcpyCustom@d                                            cstackBANK0  00007E
strcpyCustom@dest                                         cstackBANK0  000079
strcpyCustom@s                                            cstackBANK0  000080
strcpyCustom@src                                          cstackBANK0  00007B
strlen@a                                                  cstackBANK0  00007B
strlen@s                                                  cstackBANK0  000079
strncmp@_l                                                cstackBANK0  000079
strncmp@_r                                                cstackBANK0  00007B
strncmp@l                                                 cstackBANK0  000081
strncmp@n                                                 cstackBANK0  00007D
strncmp@r                                                 cstackBANK0  000083
strncpy@cp                                                cstackBANK0  00007F
strncpy@d                                                 cstackBANK0  000079
strncpy@n                                                 cstackBANK0  00007D
strncpy@s                                                 cstackBANK0  00007B
transmitNumberToGSM@index                                 cstackBANK0  00007C
transmitNumberToGSM@j                                     cstackBANK0  00007E
transmitNumberToGSM@number                                cstackBANK0  00007A
transmitNumberToLora@index                                cstackBANK0  00007C
transmitNumberToLora@j                                    cstackBANK0  00007E
transmitNumberToLora@number                               cstackBANK0  00007A
transmitStringToGSM@string                                cstackBANK0  00007A
transmitStringToLora@string                               cstackBANK0  00007A
ttemp5                                                    temp         000047
ttemp6                                                    temp         00004A
ttemp7                                                    temp         00004E
txByte@serialData                                         cstackBANK0  000079
txByteLora@serialData                                     cstackBANK0  000079
vfpfcnvrt@ap                                              cstackBANK0  0000BC
vfpfcnvrt@c                                               cstackBANK3  0003F0
vfpfcnvrt@fmt                                             cstackBANK0  0000BA
vfpfcnvrt@fp                                              cstackBANK0  0000B8
vfpfcnvrt@ll                                              cstackBANK3  0003E8
vfprintf@ap                                               cstackBANK0  0000C4
vfprintf@cfmt                                             cstackBANK2  0002F9
vfprintf@fmt                                              cstackBANK0  0000C2
vfprintf@fp                                               cstackBANK0  0000C0
wtemp8                                                    temp         000047


MODULE INFORMATION

Module		Function		Class		Link	Load	Size
C:\Program Files\Microchip\xc8\v2.35\pic\sources\c99\common\putch.c
		_putch         		CODE           	18AC	0000	2

C:\Program Files\Microchip\xc8\v2.35\pic\sources\c99\common\putch.c estimated size: 2

C:\Program Files\Microchip\xc8\v2.35\pic\sources\c99\common\rand.c
		_srand         		CODE           	14FE	0000	42
		_rand          		CODE           	06BA	0000	128

C:\Program Files\Microchip\xc8\v2.35\pic\sources\c99\common\rand.c estimated size: 170

C:\Program Files\Microchip\xc8\v2.35\pic\sources\c99\common\aodiv.c
		___aodiv       		CODE           	1DEFE	0000	394

C:\Program Files\Microchip\xc8\v2.35\pic\sources\c99\common\aodiv.c estimated size: 394

C:\Program Files\Microchip\xc8\v2.35\pic\sources\c99\common\nf_sprintf.c
		_sprintf       		CODE           	0C6E	0000	90

C:\Program Files\Microchip\xc8\v2.35\pic\sources\c99\common\nf_sprintf.c estimated size: 90

i2c.c
		_lcd_i2cWait   		CODE           	1474	0000	48
		_lcd_i2cStop   		CODE           	1804	0000	18
		_lcd_i2cWrite  		CODE           	16B6	0000	28
		_lcd_i2cStart  		CODE           	1816	0000	18
		_rtc_i2cRead   		CODE           	0FC2	0000	82
		_rtc_i2cWait   		CODE           	1310	0000	54
		_rtc_i2cStop   		CODE           	1768	0000	20
		_rtc_i2cWrite  		CODE           	1698	0000	30
		_rtc_i2cStart  		CODE           	177C	0000	20
		_lcd_i2cWriteByteSingleReg		CODE           	157A	0000	40
		_rtc_i2cRestart		CODE           	1790	0000	20

i2c.c estimated size: 378

C:\Program Files\Microchip\xc8\v2.35\pic\sources\c99\common\nf_fputc.c
		_fputc         		CODE           	1EF90	0000	204

C:\Program Files\Microchip\xc8\v2.35\pic\sources\c99\common\nf_fputc.c estimated size: 204

C:\Program Files\Microchip\xc8\v2.35\pic\sources\c99\common\lwdiv.c
		___lwdiv       		CODE           	07B2	0000	118

C:\Program Files\Microchip\xc8\v2.35\pic\sources\c99\common\lwdiv.c estimated size: 118

C:\Program Files\Microchip\xc8\v2.35\pic\sources\c99\common\Umul16.c
		___wmul        		CODE           	1552	0000	40

C:\Program Files\Microchip\xc8\v2.35\pic\sources\c99\common\Umul16.c estimated size: 40

C:\Program Files\Microchip\xc8\v2.35\pic\sources\c99\common\awdiv.c
		___awdiv       		CODE           	1F5D0	0000	198

C:\Program Files\Microchip\xc8\v2.35\pic\sources\c99\common\awdiv.c estimated size: 198

main_1.c
		_timerInterrupt_handler		CODE           	0018	0000	1564
		_main          		CODE           	1D096	0000	548
		_rxANDiocInterrupt_handler		CODE           	0008	0000	956

main_1.c estimated size: 3068

dataEncryption.c
		_base64Decoder 		CODE           	1B3E2	0000	1040

dataEncryption.c estimated size: 1040

lora.c
		_isLoraResponseAck		CODE           	1AB80	0000	1080
		_rxByteLora    		CODE           	17B8	0000	20
		_txByteLora    		CODE           	16EC	0000	26
		_transmitStringToLora		CODE           	0F70	0000	82
		_transmitNumberToLora		CODE           	1188	0000	72
		_sendCmdToLora 		CODE           	1B7F2	0000	982

lora.c estimated size: 2262

gsm.c
		_configureGSM  		CODE           	1DBC6	0000	418
		_checkSignalStrength		CODE           	1A73E	0000	1090
		_sendSms       		CODE           	12F84	0000	4450
		_deleteMsgFromSIMStorage		CODE           	0F1E	0000	82
		_rxByte        		CODE           	17CC	0000	20
		_txByte        		CODE           	16D2	0000	26
		_setGsmToLocalTime		CODE           	1D860	0000	440
		_transmitStringToGSM		CODE           	0D22	0000	88
		_transmitNumberToGSM		CODE           	1140	0000	72

gsm.c estimated size: 6686

C:\Program Files\Microchip\xc8\v2.35\pic\sources\c99\common\strncmp.c
		_strncmp       		CODE           	1E708	0000	294

C:\Program Files\Microchip\xc8\v2.35\pic\sources\c99\common\strncmp.c estimated size: 294

C:\Program Files\Microchip\xc8\v2.35\pic\sources\c99\common\strncpy.c
		_strncpy       		CODE           	1FF44	0000	134

C:\Program Files\Microchip\xc8\v2.35\pic\sources\c99\common\strncpy.c estimated size: 134

eeprom.c
		_saveActiveSleepCountIntoEeprom		CODE           	1F962	0000	166
		_readRemainingFertigationOnPeriodFromEeprom		CODE           	1EDE4	0000	214
		_saveIrrigationValveConfigurationStatusIntoEeprom		CODE           	0DD0	0000	84
		_readValveDataFromEeprom		CODE           	14FEC	0000	3240
		_saveFertigationValveStatusIntoEeprom		CODE           	1F1EC	0000	200
		_saveMobileNoIntoEeprom		CODE           	1FE28	0000	142
		_saveFieldMappingIntoEeprom		CODE           	1FEB6	0000	142
		_saveResetCountIntoEeprom		CODE           	0B56	0000	96
		_readResetCountFromEeprom		CODE           	11D0	0000	70
		_saveFactryPswrdIntoEeprom		CODE           	1FD0C	0000	142
		_eepromWrite   		CODE           	1346	0000	52
		_saveMotorLoadValuesIntoEeprom		CODE           	1E4A4	0000	310
		_readFieldIrrigationValveNoFromEeprom		CODE           	0A32	0000	100
		_readActiveSleepCountFromEeprom		CODE           	1EEBA	0000	214
		_saveIrrigationValveValuesIntoEeprom		CODE           	1C93E	0000	694
		_saveIrrigationValveCycleStatusIntoEeprom		CODE           	0E78	0000	84
		_saveIrrigationValveNoIntoEeprom		CODE           	09CE	0000	100
		_savePasswordIntoEeprom		CODE           	1FD9A	0000	142
		_saveAuthenticationStatus		CODE           	0ECC	0000	82
		_saveIrrigationValveOnOffStatusIntoEeprom		CODE           	0E24	0000	84
		_saveIrrigationValveDueTimeIntoEeprom		CODE           	1F37C	0000	200
		_saveFiltrationSequenceData		CODE           	1D2BA	0000	502
		_saveFertigationValveValuesIntoEeprom		CODE           	18474	0000	1790
		_saveDeviceProgramStatusIntoEeprom		CODE           	0A96	0000	96
		_saveRTCBatteryStatus		CODE           	0AF6	0000	96
		_readMotorLoadValuesFromEeprom		CODE           	1DD68	0000	406
		_readDeviceProgramStatusFromEeprom		CODE           	0C14	0000	90
		_saveRemainingFertigationOnPeriod		CODE           	1F8B8	0000	170
		_loadDataFromEeprom		CODE           	1926C	0000	1622
		_eepromRead    		CODE           	15CA	0000	38

eeprom.c estimated size: 11368

C:\Program Files\Microchip\xc8\v2.35\pic\sources\c99\common\abs.c
		_abs           		CODE           	1216	0000	66

C:\Program Files\Microchip\xc8\v2.35\pic\sources\c99\common\abs.c estimated size: 66

C:\Program Files\Microchip\xc8\v2.35\pic\sources\c99\common\Umul32.c
		___lmul        		CODE           	0896	0000	108

C:\Program Files\Microchip\xc8\v2.35\pic\sources\c99\common\Umul32.c estimated size: 108

shared
		_SmsDR1        		MEDIUMCONST    	E9A8	0000	130
		_SmsSR11       		MEDIUMCONST    	F203	0000	41
		_SmsIrr1       		MEDIUMCONST    	F2E6	0000	36
		_SmsIrr10      		MEDIUMCONST    	F2C2	0000	36
		_extract       		MEDIUMCONST    	F5A4	0000	8
		_SmsT2         		MEDIUMCONST    	F572	0000	15
		_SmsPwd3       		MEDIUMCONST    	F4FB	0000	23
		_SmsDR4        		MEDIUMCONST    	EA9F	0000	105
		_SmsSR03       		MEDIUMCONST    	EC50	0000	72
		i2_lcdCreateChar		CODE           	1062	0000	78
		i2_lcdSend     		CODE           	15A2	0000	40
		i2_lcd_i2cWait 		CODE           	14D2	0000	44
		i2_lcd_i2cStop 		CODE           	1828	0000	18
		_SmsSR14       		MEDIUMCONST    	EE2B	0000	59
		_SmsIrr4       		MEDIUMCONST    	F46F	0000	30
		_map           		MEDIUMCONST    	F621	0000	4
		_fdata         		MEDIUMCONST    	F5F7	0000	6
		_SmsSR06       		MEDIUMCONST    	ECDF	0000	71
		i1_strncmp     		CODE           	1E82E	0000	294
		_disable       		MEDIUMCONST    	F5B4	0000	8
		_SmsIrr7       		MEDIUMCONST    	F581	0000	15
		_SmsRTC2       		MEDIUMCONST    	F1DA	0000	41
		_getfreq       		MEDIUMCONST    	F59C	0000	8
		_SmsTest       		MEDIUMCONST    	F53F	0000	19
		_SmsPh2        		MEDIUMCONST    	ED26	0000	69
		_SmsSR09       		MEDIUMCONST    	F3F4	0000	31
		_SmsMotor1     		MEDIUMCONST    	EE66	0000	58
		_SmsMotor2     		MEDIUMCONST    	F30A	0000	35
		_SmsMotor3     		MEDIUMCONST    	F180	0000	47
		_SmsMotor4     		MEDIUMCONST    	F0F0	0000	49
		i2_lcd_i2cWrite		CODE           	1720	0000	26
		i2_lcd_i2cStart		CODE           	183A	0000	18
		_feed          		MEDIUMCONST    	F5FD	0000	5
		_SmsFilt1      		MEDIUMCONST    	F4E0	0000	27
		_SmsFilt2      		MEDIUMCONST    	F48D	0000	29
		_SmsFilt3      		MEDIUMCONST    	F3B4	0000	32
		_SmsFilt4      		MEDIUMCONST    	F4C5	0000	27
		_active        		MEDIUMCONST    	F5D1	0000	7
		_SmsAU1        		MEDIUMCONST    	F512	0000	23
		_slave         		MEDIUMCONST    	F5EB	0000	6
		_SmsAU4        		MEDIUMCONST    	E8E3	0000	64
		_SmsMS2        		MEDIUMCONST    	F1AF	0000	43
		_SmsSR10       		MEDIUMCONST    	F29E	0000	36
		_SmsPwd2       		MEDIUMCONST    	E968	0000	23
		i2_lcdSetCursor		CODE           	0CC8	0000	90
		_eepromAddress 		MEDIUMCONST    	E923	0000	44
		_SmsDR2        		MEDIUMCONST    	EA2A	0000	117
		_SmsSR02       		MEDIUMCONST    	EBBB	0000	75
		_sensor        		MEDIUMCONST    	F5BC	0000	7
		_SmsSR13       		MEDIUMCONST    	F372	0000	33
		_enable        		MEDIUMCONST    	F5D8	0000	7
		_SmsIrr3       		MEDIUMCONST    	F22C	0000	40
		_countryCode   		MEDIUMCONST    	F619	0000	4
		_set           		MEDIUMCONST    	F625	0000	4
		_SmsSR05       		MEDIUMCONST    	EB6C	0000	79
		i2_lcdDataWrite		CODE           	1886	0000	14
		_alive         		MEDIUMCONST    	F5DF	0000	6
		_cmti          		MEDIUMCONST    	E992	0000	14
		__initialization		CODE           	1F444	0000	188
		_SmsIrr6       		MEDIUMCONST    	EF12	0000	57
		_SmsRTC1       		MEDIUMCONST    	F08C	0000	50
		_SmsSR08       		MEDIUMCONST    	F279	0000	37
		_hook          		MEDIUMCONST    	F60C	0000	5
		_SmsPh3        		MEDIUMCONST    	E94F	0000	25
		_ok            		MEDIUMCONST    	E9A5	0000	3
		_SmsIrr9       		MEDIUMCONST    	EFF3	0000	51
		_SmsRTC4       		MEDIUMCONST    	EF4B	0000	56
		i1_clearDecodedString		CODE           	1412	0000	50
		_SmsPh6        		MEDIUMCONST    	E97F	0000	19
		_dactive       		MEDIUMCONST    	F5AC	0000	8
		_ct            		MEDIUMCONST    	F62C	0000	3
		_on            		MEDIUMCONST    	F629	0000	3
		_SmsConnect    		MEDIUMCONST    	F552	0000	17
		_SmsAU2        		MEDIUMCONST    	F059	0000	51
		_error         		MEDIUMCONST    	F5E5	0000	6
		_SmsFert1      		MEDIUMCONST    	EDAF	0000	64
		_SmsFert2      		MEDIUMCONST    	EFBB	0000	56
		_SmsFert3      		MEDIUMCONST    	F350	0000	34
		_SmsFert4      		MEDIUMCONST    	F32D	0000	35
		_SmsFert5      		MEDIUMCONST    	F432	0000	31
		_SmsFert6      		MEDIUMCONST    	F413	0000	31
		_SmsFert7      		MEDIUMCONST    	ED6B	0000	68
		_SmsFert8      		MEDIUMCONST    	EED9	0000	57
		_idle          		MEDIUMCONST    	E9A0	0000	5
		_SmsMS3        		MEDIUMCONST    	F254	0000	37
		i2_lcdWriteChar		CODE           	18A2	0000	10
		_SmsPwd1       		MEDIUMCONST    	F3D4	0000	32
		_SmsSR01       		MEDIUMCONST    	EDEF	0000	60
		_inject        		MEDIUMCONST    	F5CA	0000	7
		i2_lcdCommandWrite		CODE           	1894	0000	14
		_SmsDR3        		MEDIUMCONST    	EB08	0000	100
		_SmsSR12       		MEDIUMCONST    	F393	0000	33
		_SmsIrr2       		MEDIUMCONST    	F121	0000	48
		_SmsSR04       		MEDIUMCONST    	EC06	0000	74
		i2_lcd_i2cWriteByteSingleReg		CODE           	1636	0000	34
		_getct         		MEDIUMCONST    	F5F1	0000	6
		_SmsSR15       		MEDIUMCONST    	F0BE	0000	50
		_secret        		MEDIUMCONST    	F590	0000	12
		_SmsIrr5       		MEDIUMCONST    	F451	0000	30
		_SmsFact1      		MEDIUMCONST    	F563	0000	15
		_hold          		MEDIUMCONST    	F607	0000	5
		_master        		MEDIUMCONST    	F5C3	0000	7
		_ack           		MEDIUMCONST    	F611	0000	4
		_off           		MEDIUMCONST    	F615	0000	4
		_SmsSR07       		MEDIUMCONST    	EC98	0000	71
		_SmsPh1        		MEDIUMCONST    	F151	0000	47
		_SmsIrr8       		MEDIUMCONST    	F026	0000	51
		_SmsRTC3       		MEDIUMCONST    	EF83	0000	56
		_admin         		MEDIUMCONST    	F62F	0000	3
		_SmsT1         		MEDIUMCONST    	F4AA	0000	27
		_setct         		MEDIUMCONST    	F61D	0000	4
		_time          		MEDIUMCONST    	F602	0000	5
		i2_LCDwritePCF8574		CODE           	184C	0000	16
		i2_LCDpulseEnableNeg		CODE           	15F0	0000	36
		i2_lcdWrite4Bits		CODE           	17A4	0000	20
		_SmsAU3        		MEDIUMCONST    	F529	0000	22
		_SmsMS1        		MEDIUMCONST    	EEA0	0000	57

shared estimated size: 4397

ADC.c
		_getADCResult  		CODE           	10B0	0000	72
		_selectChannel 		CODE           	1F124	0000	200

ADC.c estimated size: 272

i2c_LCD_PCF8574.c
		_lcdWriteStringIndex		CODE           	137A	0000	52
		_lcdSetCursor  		CODE           	0BB6	0000	94
		_lcdDisplayOn  		CODE           	185C	0000	14
		_LCDwritePCF8574		CODE           	1754	0000	20
		_lcdDisplayOff 		CODE           	186A	0000	14
		_LCDpulseEnableNeg		CODE           	1528	0000	42
		_lcdClear      		CODE           	1614	0000	34
		_lcdClearLine  		CODE           	1658	0000	32
		_lcdCommandWrite		CODE           	17F2	0000	18
		_lcdCreateChar 		CODE           	0D7A	0000	86
		_lcdWriteChar  		CODE           	1878	0000	14
		_lcdInit       		CODE           	1EC30	0000	218
		_lcdSend       		CODE           	14A4	0000	46
		_lcdWrite4Bits 		CODE           	1706	0000	26
		_lcdDataWrite  		CODE           	17E0	0000	18
		_lcdWriteStringAtCenter		CODE           	1ED0A	0000	218
		_lcdWriteString		CODE           	1258	0000	64

i2c_LCD_PCF8574.c estimated size: 1010

C:\Program Files\Microchip\xc8\v2.35\pic\sources\c99\common\strlen.c
		_strlen        		CODE           	12D6	0000	58

C:\Program Files\Microchip\xc8\v2.35\pic\sources\c99\common\strlen.c estimated size: 58

controllerActions.c
		_isNumber      		CODE           	1444	0000	48
		_deleteValveData		CODE           	1CBF4	0000	600
		_doLowPhaseAction		CODE           	1D6A0	0000	448
		_doDryRunAction		CODE           	17388	0000	2440
		_isFieldMoistureSensorWetLora		CODE           	1FAAA	0000	160
		_deleteUserData		CODE           	0638	0000	130
		_fetchFieldNo  		CODE           	1AFB8	0000	1066
		_isRTCBatteryDrained		CODE           	1EB54	0000	220
		_actionsOnSleepCountFinish		CODE           	140E6	0000	3846
		_clearDecodedString		CODE           	13E0	0000	50
		_actionsOnSystemReset		CODE           	15C94	0000	3134
		_deepSleep     		CODE           	1BBC8	0000	976
		_setFactoryPincode		CODE           	1FC7C	0000	144
		_calibrateMotorCurrent		CODE           	198C2	0000	1324
		_strcpyCustom  		CODE           	1FBE8	0000	148
		_days          		CODE           	1E954	0000	284
		_doPhaseFailureAction		CODE           	1DA18	0000	430
		_randomPasswordGeneration		CODE           	1FB4A	0000	158
		_configureController		CODE           	1C34E	0000	774
		_clearGsmResponse		CODE           	1FFCA	0000	54
		_deActivateValve		CODE           	1E088	0000	382
		_getDateFromGSM		CODE           	1D4B0	0000	496
		_powerOffMotor 		CODE           	1F50A	0000	198
		_actionsOnDueValve		CODE           	18B72	0000	1786
		_checkResetType		CODE           	1E36C	0000	312
		_isMotorInNoLoad		CODE           	1E5DA	0000	302
		_scanValveScheduleAndGetSleepCount		CODE           	168D2	0000	2742
		_extractReceivedSms		CODE           	10000	0000	12164
		_isBase64String		CODE           	1014	0000	78
		_clearStringToDecode		CODE           	13AE	0000	50
		_phaseFailure  		CODE           	0902	0000	102
		_getDueDate    		CODE           	19DEE	0000	1212
		_activateValve 		CODE           	1A2AA	0000	1172
		_hardResetMenu 		CODE           	17D10	0000	1892
		_powerOnMotor  		CODE           	1F696	0000	184

controllerActions.c estimated size: 39506

C:\Program Files\Microchip\xc8\v2.35\pic\sources\c99\common\aomod.c
		___aomod       		CODE           	1E206	0000	358

C:\Program Files\Microchip\xc8\v2.35\pic\sources\c99\common\aomod.c estimated size: 358

C:\Program Files\Microchip\xc8\v2.35\pic\sources\c99\common\nf_fputs.c
		_fputs         		CODE           	10F8	0000	72

C:\Program Files\Microchip\xc8\v2.35\pic\sources\c99\common\nf_fputs.c estimated size: 72

i2c_RTC_DS1307.c
		_decimal2BCD   		CODE           	1298	0000	62
		_bcd2Decimal   		CODE           	1678	0000	32
		_fetchTimefromRTC		CODE           	1F74E	0000	184
		_feedTimeInRTC 		CODE           	1FA08	0000	162

i2c_RTC_DS1307.c estimated size: 440

C:\Program Files\Microchip\xc8\v2.35\pic\sources\c99\common\lwmod.c
		___lwmod       		CODE           	0968	0000	102

C:\Program Files\Microchip\xc8\v2.35\pic\sources\c99\common\lwmod.c estimated size: 102

C:\Program Files\Microchip\xc8\v2.35\pic\sources\c99\common\awmod.c
		___awmod       		CODE           	1F806	0000	178

C:\Program Files\Microchip\xc8\v2.35\pic\sources\c99\common\awmod.c estimated size: 178

C:\Program Files\Microchip\xc8\v2.35\pic\sources\c99\common\doprnt.c
		_vfpfcnvrt     		CODE           	1CE4C	0000	586
		_pad           		CODE           	1F2B4	0000	200
		_ctoa          		CODE           	1EA70	0000	228
		_dtoa          		CODE           	1C654	0000	746
		_vfprintf      		CODE           	0828	0000	110

C:\Program Files\Microchip\xc8\v2.35\pic\sources\c99\common\doprnt.c estimated size: 1870

